../tinyusb/src/class/vendor/vendor_device.c:74:6:tud_vendor_n_mounted	0	static
../tinyusb/src/class/vendor/vendor_device.c:83:10:tud_vendor_n_available	8	static
../tinyusb/src/class/vendor/vendor_device.c:90:6:tud_vendor_n_peek	0	static
../tinyusb/src/class/vendor/vendor_device.c:97:10:tud_vendor_n_read	0	static
../tinyusb/src/class/vendor/vendor_device.c:105:6:tud_vendor_n_read_flush	8	static
../tinyusb/src/class/vendor/vendor_device.c:117:10:tud_vendor_n_write	0	static
../tinyusb/src/class/vendor/vendor_device.c:125:10:tud_vendor_n_write_flush	0	static
../tinyusb/src/class/vendor/vendor_device.c:133:10:tud_vendor_n_write_available	0	static
../tinyusb/src/class/vendor/vendor_device.c:144:6:vendord_init	40	static
../tinyusb/src/class/vendor/vendor_device.c:175:6:vendord_deinit	8	static
../tinyusb/src/class/vendor/vendor_device.c:184:6:vendord_reset	16	static
../tinyusb/src/class/vendor/vendor_device.c:197:10:vendord_open	40	static,ignoring_inline_asm
../tinyusb/src/class/vendor/vendor_device.c:241:6:vendord_xfer_cb	16	static
