Archive member included to satisfy reference by file (symbol)

/Applications/STM32CubeIDE.app/Contents/Eclipse/plugins/com.st.stm32cube.ide.mcu.externaltools.gnu-tools-for-stm32.12.3.rel1.macos64_1.1.0.202410301201/tools/bin/../lib/gcc/arm-none-eabi/12.3.1/../../../../arm-none-eabi/lib/thumb/v8-m.main+fp/hard/libc_nano.a(libc_a-exit.o)
                              /Applications/STM32CubeIDE.app/Contents/Eclipse/plugins/com.st.stm32cube.ide.mcu.externaltools.gnu-tools-for-stm32.12.3.rel1.macos64_1.1.0.202410301201/tools/bin/../lib/gcc/arm-none-eabi/12.3.1/../../../../arm-none-eabi/lib/thumb/v8-m.main+fp/hard/crt0.o (exit)
/Applications/STM32CubeIDE.app/Contents/Eclipse/plugins/com.st.stm32cube.ide.mcu.externaltools.gnu-tools-for-stm32.12.3.rel1.macos64_1.1.0.202410301201/tools/bin/../lib/gcc/arm-none-eabi/12.3.1/../../../../arm-none-eabi/lib/thumb/v8-m.main+fp/hard/libc_nano.a(libc_a-findfp.o)
                              /Applications/STM32CubeIDE.app/Contents/Eclipse/plugins/com.st.stm32cube.ide.mcu.externaltools.gnu-tools-for-stm32.12.3.rel1.macos64_1.1.0.202410301201/tools/bin/../lib/gcc/arm-none-eabi/12.3.1/../../../../arm-none-eabi/lib/thumb/v8-m.main+fp/hard/libc_nano.a(libc_a-exit.o) (__stdio_exit_handler)
/Applications/STM32CubeIDE.app/Contents/Eclipse/plugins/com.st.stm32cube.ide.mcu.externaltools.gnu-tools-for-stm32.12.3.rel1.macos64_1.1.0.202410301201/tools/bin/../lib/gcc/arm-none-eabi/12.3.1/../../../../arm-none-eabi/lib/thumb/v8-m.main+fp/hard/libc_nano.a(libc_a-fwalk.o)
                              /Applications/STM32CubeIDE.app/Contents/Eclipse/plugins/com.st.stm32cube.ide.mcu.externaltools.gnu-tools-for-stm32.12.3.rel1.macos64_1.1.0.202410301201/tools/bin/../lib/gcc/arm-none-eabi/12.3.1/../../../../arm-none-eabi/lib/thumb/v8-m.main+fp/hard/libc_nano.a(libc_a-findfp.o) (_fwalk_sglue)
/Applications/STM32CubeIDE.app/Contents/Eclipse/plugins/com.st.stm32cube.ide.mcu.externaltools.gnu-tools-for-stm32.12.3.rel1.macos64_1.1.0.202410301201/tools/bin/../lib/gcc/arm-none-eabi/12.3.1/../../../../arm-none-eabi/lib/thumb/v8-m.main+fp/hard/libc_nano.a(libc_a-memset.o)
                              /Applications/STM32CubeIDE.app/Contents/Eclipse/plugins/com.st.stm32cube.ide.mcu.externaltools.gnu-tools-for-stm32.12.3.rel1.macos64_1.1.0.202410301201/tools/bin/../lib/gcc/arm-none-eabi/12.3.1/../../../../arm-none-eabi/lib/thumb/v8-m.main+fp/hard/crt0.o (memset)
/Applications/STM32CubeIDE.app/Contents/Eclipse/plugins/com.st.stm32cube.ide.mcu.externaltools.gnu-tools-for-stm32.12.3.rel1.macos64_1.1.0.202410301201/tools/bin/../lib/gcc/arm-none-eabi/12.3.1/../../../../arm-none-eabi/lib/thumb/v8-m.main+fp/hard/libc_nano.a(libc_a-impure.o)
                              /Applications/STM32CubeIDE.app/Contents/Eclipse/plugins/com.st.stm32cube.ide.mcu.externaltools.gnu-tools-for-stm32.12.3.rel1.macos64_1.1.0.202410301201/tools/bin/../lib/gcc/arm-none-eabi/12.3.1/../../../../arm-none-eabi/lib/thumb/v8-m.main+fp/hard/libc_nano.a(libc_a-findfp.o) (_impure_data)
/Applications/STM32CubeIDE.app/Contents/Eclipse/plugins/com.st.stm32cube.ide.mcu.externaltools.gnu-tools-for-stm32.12.3.rel1.macos64_1.1.0.202410301201/tools/bin/../lib/gcc/arm-none-eabi/12.3.1/../../../../arm-none-eabi/lib/thumb/v8-m.main+fp/hard/libc_nano.a(libc_a-errno.o)
                              ./Core/Src/syscalls.o (__errno)
/Applications/STM32CubeIDE.app/Contents/Eclipse/plugins/com.st.stm32cube.ide.mcu.externaltools.gnu-tools-for-stm32.12.3.rel1.macos64_1.1.0.202410301201/tools/bin/../lib/gcc/arm-none-eabi/12.3.1/../../../../arm-none-eabi/lib/thumb/v8-m.main+fp/hard/libc_nano.a(libc_a-init.o)
                              /Applications/STM32CubeIDE.app/Contents/Eclipse/plugins/com.st.stm32cube.ide.mcu.externaltools.gnu-tools-for-stm32.12.3.rel1.macos64_1.1.0.202410301201/tools/bin/../lib/gcc/arm-none-eabi/12.3.1/../../../../arm-none-eabi/lib/thumb/v8-m.main+fp/hard/crt0.o (__libc_init_array)
/Applications/STM32CubeIDE.app/Contents/Eclipse/plugins/com.st.stm32cube.ide.mcu.externaltools.gnu-tools-for-stm32.12.3.rel1.macos64_1.1.0.202410301201/tools/bin/../lib/gcc/arm-none-eabi/12.3.1/../../../../arm-none-eabi/lib/thumb/v8-m.main+fp/hard/libc_nano.a(libc_a-lock.o)
                              /Applications/STM32CubeIDE.app/Contents/Eclipse/plugins/com.st.stm32cube.ide.mcu.externaltools.gnu-tools-for-stm32.12.3.rel1.macos64_1.1.0.202410301201/tools/bin/../lib/gcc/arm-none-eabi/12.3.1/../../../../arm-none-eabi/lib/thumb/v8-m.main+fp/hard/libc_nano.a(libc_a-findfp.o) (__retarget_lock_init_recursive)
/Applications/STM32CubeIDE.app/Contents/Eclipse/plugins/com.st.stm32cube.ide.mcu.externaltools.gnu-tools-for-stm32.12.3.rel1.macos64_1.1.0.202410301201/tools/bin/../lib/gcc/arm-none-eabi/12.3.1/../../../../arm-none-eabi/lib/thumb/v8-m.main+fp/hard/libc_nano.a(libc_a-mallocr.o)
[...]
Memory Configuration

Name             Origin             Length             Attributes
RAM              0x20000000         0x00008000         xrw
FLASH            0x08000000         0x00020000         xr
*default*        0x00000000         0xffffffff

Linker script and memory map

LOAD /Applications/STM32CubeIDE.app/Contents/Eclipse/plugins/com.st.stm32cube.ide.mcu.externaltools.gnu-tools-for-stm32.12.3.rel1.macos64_1.1.0.202410301201/tools/bin/../lib/gcc/arm-none-eabi/12.3.1/thumb/v8-m.main+fp/hard/crti.o
LOAD /Applications/STM32CubeIDE.app/Contents/Eclipse/plugins/com.st.stm32cube.ide.mcu.externaltools.gnu-tools-for-stm32.12.3.rel1.macos64_1.1.0.202410301201/tools/bin/../lib/gcc/arm-none-eabi/12.3.1/thumb/v8-m.main+fp/hard/crtbegin.o
LOAD /Applications/STM32CubeIDE.app/Contents/Eclipse/plugins/com.st.stm32cube.ide.mcu.externaltools.gnu-tools-for-stm32.12.3.rel1.macos64_1.1.0.202410301201/tools/bin/../lib/gcc/arm-none-eabi/12.3.1/../../../../arm-none-eabi/lib/thumb/v8-m.main+fp/hard/crt0.o
LOAD ./Core/Src/main.o
LOAD ./Core/Src/stm32h5xx_hal_msp.o
LOAD ./Core/Src/stm32h5xx_it.o
LOAD ./Core/Src/syscalls.o
LOAD ./Core/Src/sysmem.o
LOAD ./Core/Src/system_stm32h5xx.o
LOAD ./Core/Startup/startup_stm32h503cbtx.o
LOAD ./Drivers/STM32H5xx_HAL_Driver/Src/stm32h5xx_hal.o
LOAD ./Drivers/STM32H5xx_HAL_Driver/Src/stm32h5xx_hal_adc.o
LOAD ./Drivers/STM32H5xx_HAL_Driver/Src/stm32h5xx_hal_adc_ex.o
LOAD ./Drivers/STM32H5xx_HAL_Driver/Src/stm32h5xx_hal_cortex.o
LOAD ./Drivers/STM32H5xx_HAL_Driver/Src/stm32h5xx_hal_dma.o
LOAD ./Drivers/STM32H5xx_HAL_Driver/Src/stm32h5xx_hal_dma_ex.o
LOAD ./Drivers/STM32H5xx_HAL_Driver/Src/stm32h5xx_hal_exti.o
LOAD ./Drivers/STM32H5xx_HAL_Driver/Src/stm32h5xx_hal_fdcan.o
LOAD ./Drivers/STM32H5xx_HAL_Driver/Src/stm32h5xx_hal_flash.o
LOAD ./Drivers/STM32H5xx_HAL_Driver/Src/stm32h5xx_hal_flash_ex.o
LOAD ./Drivers/STM32H5xx_HAL_Driver/Src/stm32h5xx_hal_gpio.o
LOAD ./Drivers/STM32H5xx_HAL_Driver/Src/stm32h5xx_hal_i2c.o
LOAD ./Drivers/STM32H5xx_HAL_Driver/Src/stm32h5xx_hal_i2c_ex.o
LOAD ./Drivers/STM32H5xx_HAL_Driver/Src/stm32h5xx_hal_icache.o
LOAD ./Drivers/STM32H5xx_HAL_Driver/Src/stm32h5xx_hal_pcd.o
LOAD ./Drivers/STM32H5xx_HAL_Driver/Src/stm32h5xx_hal_pcd_ex.o
LOAD ./Drivers/STM32H5xx_HAL_Driver/Src/stm32h5xx_hal_pwr.o
LOAD ./Drivers/STM32H5xx_HAL_Driver/Src/stm32h5xx_hal_pwr_ex.o
LOAD ./Drivers/STM32H5xx_HAL_Driver/Src/stm32h5xx_hal_rcc.o
LOAD ./Drivers/STM32H5xx_HAL_Driver/Src/stm32h5xx_hal_rcc_ex.o
LOAD ./Drivers/STM32H5xx_HAL_Driver/Src/stm32h5xx_hal_tim.o
LOAD ./Drivers/STM32H5xx_HAL_Driver/Src/stm32h5xx_hal_tim_ex.o
LOAD ./Drivers/STM32H5xx_HAL_Driver/Src/stm32h5xx_hal_uart.o
LOAD ./Drivers/STM32H5xx_HAL_Driver/Src/stm32h5xx_hal_uart_ex.o
LOAD ./Drivers/STM32H5xx_HAL_Driver/Src/stm32h5xx_ll_usb.o
START GROUP
LOAD /Applications/STM32CubeIDE.app/Contents/Eclipse/plugins/com.st.stm32cube.ide.mcu.externaltools.gnu-tools-for-stm32.12.3.rel1.macos64_1.1.0.202410301201/tools/bin/../lib/gcc/arm-none-eabi/12.3.1/../../../../arm-none-eabi/lib/thumb/v8-m.main+fp/hard/libc_nano.a
LOAD /Applications/STM32CubeIDE.app/Contents/Eclipse/plugins/com.st.stm32cube.ide.mcu.externaltools.gnu-tools-for-stm32.12.3.rel1.macos64_1.1.0.202410301201/tools/bin/../lib/gcc/arm-none-eabi/12.3.1/../../../../arm-none-eabi/lib/thumb/v8-m.main+fp/hard/libm.a
END GROUP
START GROUP
LOAD /Applications/STM32CubeIDE.app/Contents/Eclipse/plugins/com.st.stm32cube.ide.mcu.externaltools.gnu-tools-for-stm32.12.3.rel1.macos64_1.1.0.202410301201/tools/bin/../lib/gcc/arm-none-eabi/12.3.1/thumb/v8-m.main+fp/hard/libgcc.a
LOAD /Applications/STM32CubeIDE.app/Contents/Eclipse/plugins/com.st.stm32cube.ide.mcu.externaltools.gnu-tools-for-stm32.12.3.rel1.macos64_1.1.0.202410301201/tools/bin/../lib/gcc/arm-none-eabi/12.3.1/../../../../arm-none-eabi/lib/thumb/v8-m.main+fp/hard/libc_nano.a
END GROUP
START GROUP
LOAD /Applications/STM32CubeIDE.app/Contents/Eclipse/plugins/com.st.stm32cube.ide.mcu.externaltools.gnu-tools-for-stm32.12.3.rel1.macos64_1.1.0.202410301201/tools/bin/../lib/gcc/arm-none-eabi/12.3.1/thumb/v8-m.main+fp/hard/libgcc.a
LOAD /Applications/STM32CubeIDE.app/Contents/Eclipse/plugins/com.st.stm32cube.ide.mcu.externaltools.gnu-tools-for-stm32.12.3.rel1.macos64_1.1.0.202410301201/tools/bin/../lib/gcc/arm-none-eabi/12.3.1/../../../../arm-none-eabi/lib/thumb/v8-m.main+fp/hard/libc_nano.a
LOAD /Applications/STM32CubeIDE.app/Contents/Eclipse/plugins/com.st.stm32cube.ide.mcu.externaltools.gnu-tools-for-stm32.12.3.rel1.macos64_1.1.0.202410301201/tools/bin/../lib/gcc/arm-none-eabi/12.3.1/../../../../arm-none-eabi/lib/thumb/v8-m.main+fp/hard/libnosys.a
END GROUP
START GROUP
LOAD /Applications/STM32CubeIDE.app/Contents/Eclipse/plugins/com.st.stm32cube.ide.mcu.externaltools.gnu-tools-for-stm32.12.3.rel1.macos64_1.1.0.202410301201/tools/bin/../lib/gcc/arm-none-eabi/12.3.1/thumb/v8-m.main+fp/hard/libgcc.a
LOAD /Applications/STM32CubeIDE.app/Contents/Eclipse/plugins/com.st.stm32cube.ide.mcu.externaltools.gnu-tools-for-stm32.12.3.rel1.macos64_1.1.0.202410301201/tools/bin/../lib/gcc/arm-none-eabi/12.3.1/../../../../arm-none-eabi/lib/thumb/v8-m.main+fp/hard/libc_nano.a
LOAD /Applications/STM32CubeIDE.app/Contents/Eclipse/plugins/com.st.stm32cube.ide.mcu.externaltools.gnu-tools-for-stm32.12.3.rel1.macos64_1.1.0.202410301201/tools/bin/../lib/gcc/arm-none-eabi/12.3.1/../../../../arm-none-eabi/lib/thumb/v8-m.main+fp/hard/libnosys.a
END GROUP
LOAD /Applications/STM32CubeIDE.app/Contents/Eclipse/plugins/com.st.stm32cube.ide.mcu.externaltools.gnu-tools-for-stm32.12.3.rel1.macos64_1.1.0.202410301201/tools/bin/../lib/gcc/arm-none-eabi/12.3.1/thumb/v8-m.main+fp/hard/crtend.o
LOAD /Applications/STM32CubeIDE.app/Contents/Eclipse/plugins/com.st.stm32cube.ide.mcu.externaltools.gnu-tools-for-stm32.12.3.rel1.macos64_1.1.0.202410301201/tools/bin/../lib/gcc/arm-none-eabi/12.3.1/thumb/v8-m.main+fp/hard/crtn.o
                0x20008000                        _estack = (ORIGIN (RAM) + LENGTH (RAM))
                0x00000200                        _Min_Heap_Size = 0x200
                0x00000400                        _Min_Stack_Size = 0x400

.isr_vector     0x08000000      0x258
                0x08000000                        . = ALIGN (0x4)
 *(.isr_vector)
 .isr_vector    0x08000000      0x258 ./Core/Startup/startup_stm32h503cbtx.o
                0x08000000                g_pfnVectors
                0x08000258                        . = ALIGN (0x4)

.text           0x08000258     0x83a8
                0x08000258                        . = ALIGN (0x4)
 *(.text)
 .text          0x08000258       0x40 /Applications/STM32CubeIDE.app/Contents/Eclipse/plugins/com.st.stm32cube.ide.mcu.externaltools.gnu-tools-for-stm32.12.3.rel1.macos64_1.1.0.202410301201/tools/bin/../lib/gcc/arm-none-eabi/12.3.1/thumb/v8-m.main+fp/hard/crtbegin.o
 .text          0x08000298      0x254 /Applications/STM32CubeIDE.app/Contents/Eclipse/plugins/com.st.stm32cube.ide.mcu.externaltools.gnu-tools-for-stm32.12.3.rel1.macos64_1.1.0.202410301201/tools/bin/../lib/gcc/arm-none-eabi/12.3.1/thumb/v8-m.main+fp/hard/libgcc.a(_arm_muldf3.o)
                0x08000298                __aeabi_dmul
                0x08000298                __muldf3
 .text          0x080004ec      0x378 /Applications/STM32CubeIDE.app/Contents/Eclipse/plugins/com.st.stm32cube.ide.mcu.externaltools.gnu-tools-for-stm32.12.3.rel1.macos64_1.1.0.202410301201/tools/bin/../lib/gcc/arm-none-eabi/12.3.1/thumb/v8-m.main+fp/hard/libgcc.a(_arm_addsubdf3.o)
                0x080004ec                __aeabi_drsub
                0x080004f4                __subdf3
                0x080004f4                __aeabi_dsub
                0x080004f8                __aeabi_dadd
                0x080004f8                __adddf3
                0x08000770                __aeabi_ui2d
                0x08000770                __floatunsidf
                0x08000790                __floatsidf
                0x08000790                __aeabi_i2d
                0x080007b4                __extendsfdf2
                0x080007b4                __aeabi_f2d
                0x080007f8                __aeabi_ul2d
                0x080007f8                __floatundidf
                0x08000808                __aeabi_l2d
                0x08000808                __floatdidf
 .text          0x08000864       0xa0 /Applications/STM32CubeIDE.app/Contents/Eclipse/plugins/com.st.stm32cube.ide.mcu.externaltools.gnu-tools-for-stm32.12.3.rel1.macos64_1.1.0.202410301201/tools/bin/../lib/gcc/arm-none-eabi/12.3.1/thumb/v8-m.main+fp/hard/libgcc.a(_arm_truncdfsf2.o)
                0x08000864                __aeabi_d2f
                0x08000864                __truncdfsf2
 .text          0x08000904       0x30 /Applications/STM32CubeIDE.app/Contents/Eclipse/plugins/com.st.stm32cube.ide.mcu.externaltools.gnu-tools-for-stm32.12.3.rel1.macos64_1.1.0.202410301201/tools/bin/../lib/gcc/arm-none-eabi/12.3.1/thumb/v8-m.main+fp/hard/libgcc.a(_aeabi_uldivmod.o)
                0x08000904                __aeabi_uldivmod
 .text          0x08000934      0x2e4 /Applications/STM32CubeIDE.app/Contents/Eclipse/plugins/com.st.stm32cube.ide.mcu.externaltools.gnu-tools-for-stm32.12.3.rel1.macos64_1.1.0.202410301201/tools/bin/../lib/gcc/arm-none-eabi/12.3.1/thumb/v8-m.main+fp/hard/libgcc.a(_udivmoddi4.o)
                0x08000934                __udivmoddi4
 .text          0x08000c18        0x4 /Applications/STM32CubeIDE.app/Contents/Eclipse/plugins/com.st.stm32cube.ide.mcu.externaltools.gnu-tools-for-stm32.12.3.rel1.macos64_1.1.0.202410301201/tools/bin/../lib/gcc/arm-none-eabi/12.3.1/thumb/v8-m.main+fp/hard/libgcc.a(_dvmd_tls.o)
                0x08000c18                __aeabi_ldiv0
                0x08000c18                __aeabi_idiv0
 *(.text*)
 *fill*         0x08000c1c        0x4 
 .text.main     0x08000c20      0x220 ./Core/Src/main.o
                0x08000c20                main
 .text.SystemClock_Config
                0x08000e40       0xf0 ./Core/Src/main.o
                0x08000e40                SystemClock_Config
 .text.PeriphCommonClock_Config
                0x08000f30       0x6c ./Core/Src/main.o
                0x08000f30                PeriphCommonClock_Config
 .text.MX_ADC1_Init
                0x08000f9c      0x168 ./Core/Src/main.o
 .text.MX_FDCAN1_Init
                0x08001104       0x8c ./Core/Src/main.o
 .text.MX_FLASH_Init
                0x08001190       0x24 ./Core/Src/main.o
 .text.MX_I2C1_Init
                0x080011b4       0x80 ./Core/Src/main.o
 .text.MX_ICACHE_Init
                0x08001234       0x26 ./Core/Src/main.o
 *fill*         0x0800125a        0x2 
 .text.MX_TIM1_Init
                0x0800125c      0x120 ./Core/Src/main.o
 .text.MX_USART1_UART_Init
                0x0800137c       0x98 ./Core/Src/main.o
 .text.MX_USB_PCD_Init
                0x08001414       0x64 ./Core/Src/main.o
 .text.MX_GPIO_Init
                0x08001478       0xe4 ./Core/Src/main.o
 .text.Error_Handler
                0x0800155c        0xc ./Core/Src/main.o
                0x0800155c                Error_Handler
 .text.HAL_MspInit
                0x08001568        0xe ./Core/Src/stm32h5xx_hal_msp.o
                0x08001568                HAL_MspInit
 *fill*         0x08001576        0x2 
 .text.HAL_ADC_MspInit
                0x08001578       0xc4 ./Core/Src/stm32h5xx_hal_msp.o
                0x08001578                HAL_ADC_MspInit
 .text.HAL_FDCAN_MspInit
                0x0800163c       0x94 ./Core/Src/stm32h5xx_hal_msp.o
                0x0800163c                HAL_FDCAN_MspInit
 .text.HAL_I2C_MspInit
                0x080016d0       0xfc ./Core/Src/stm32h5xx_hal_msp.o
                0x080016d0                HAL_I2C_MspInit
 .text.HAL_TIM_PWM_MspInit
                0x080017cc       0x44 ./Core/Src/stm32h5xx_hal_msp.o
                0x080017cc                HAL_TIM_PWM_MspInit
 .text.HAL_UART_MspInit
                0x08001810      0x11c ./Core/Src/stm32h5xx_hal_msp.o
                0x08001810                HAL_UART_MspInit
 .text.HAL_PCD_MspInit
                0x0800192c       0x74 ./Core/Src/stm32h5xx_hal_msp.o
                0x0800192c                HAL_PCD_MspInit
 .text.NMI_Handler
                0x080019a0        0x8 ./Core/Src/stm32h5xx_it.o
                0x080019a0                NMI_Handler
 .text.HardFault_Handler
                0x080019a8        0x8 ./Core/Src/stm32h5xx_it.o
                0x080019a8                HardFault_Handler
 .text.MemManage_Handler
                0x080019b0        0x8 ./Core/Src/stm32h5xx_it.o
                0x080019b0                MemManage_Handler
 .text.BusFault_Handler
                0x080019b8        0x8 ./Core/Src/stm32h5xx_it.o
                0x080019b8                BusFault_Handler
 .text.UsageFault_Handler
                0x080019c0        0x8 ./Core/Src/stm32h5xx_it.o
                0x080019c0                UsageFault_Handler
 .text.SVC_Handler
                0x080019c8        0xe ./Core/Src/stm32h5xx_it.o
                0x080019c8                SVC_Handler
 .text.DebugMon_Handler
                0x080019d6        0xe ./Core/Src/stm32h5xx_it.o
                0x080019d6                DebugMon_Handler
 .text.PendSV_Handler
                0x080019e4        0xe ./Core/Src/stm32h5xx_it.o
                0x080019e4                PendSV_Handler
 .text.SysTick_Handler
                0x080019f2        0xc ./Core/Src/stm32h5xx_it.o
                0x080019f2                SysTick_Handler
 *fill*         0x080019fe        0x2 
 .text.SystemInit
                0x08001a00       0xe4 ./Core/Src/system_stm32h5xx.o
                0x08001a00                SystemInit
 .text.Reset_Handler
                0x08001ae4       0x50 ./Core/Startup/startup_stm32h503cbtx.o
                0x08001ae4                Reset_Handler
 .text.Default_Handler
                0x08001b34        0x2 ./Core/Startup/startup_stm32h503cbtx.o
                0x08001b34                HASH_IRQHandler
                0x08001b34                EXTI5_IRQHandler
                0x08001b34                I3C1_ER_IRQHandler
                0x08001b34                GPDMA2_Channel1_IRQHandler
                0x08001b34                EXTI13_IRQHandler
                0x08001b34                TIM1_CC_IRQHandler
                0x08001b34                GPDMA2_Channel3_IRQHandler
                0x08001b34                TAMP_IRQHandler
                0x08001b34                TIM6_IRQHandler
                0x08001b34                EXTI12_IRQHandler
                0x08001b34                USB_DRD_FS_IRQHandler
                0x08001b34                EXTI3_IRQHandler
                0x08001b34                GPDMA1_Channel5_IRQHandler
                0x08001b34                EXTI8_IRQHandler
                0x08001b34                GPDMA2_Channel5_IRQHandler
                0x08001b34                LPTIM2_IRQHandler
                0x08001b34                GPDMA2_Channel2_IRQHandler
                0x08001b34                EXTI0_IRQHandler
                0x08001b34                I2C2_EV_IRQHandler
                0x08001b34                FPU_IRQHandler
                0x08001b34                GPDMA1_Channel3_IRQHandler
                0x08001b34                GPDMA1_Channel7_IRQHandler
                0x08001b34                FDCAN1_IT1_IRQHandler
                0x08001b34                RAMCFG_IRQHandler
                0x08001b34                SPI1_IRQHandler
                0x08001b34                GPDMA1_Channel2_IRQHandler
                0x08001b34                ADC1_IRQHandler
                0x08001b34                I3C2_ER_IRQHandler
                0x08001b34                EXTI15_IRQHandler
                0x08001b34                USART3_IRQHandler
                0x08001b34                RTC_IRQHandler
                0x08001b34                EXTI9_IRQHandler
                0x08001b34                I3C2_EV_IRQHandler
                0x08001b34                I2C1_EV_IRQHandler
                0x08001b34                GPDMA1_Channel1_IRQHandler
                0x08001b34                TIM3_IRQHandler
                0x08001b34                RCC_IRQHandler
                0x08001b34                TIM1_TRG_COM_IRQHandler
                0x08001b34                Default_Handler
                0x08001b34                GPDMA2_Channel4_IRQHandler
                0x08001b34                TIM7_IRQHandler
                0x08001b34                GPDMA1_Channel0_IRQHandler
                0x08001b34                I3C1_EV_IRQHandler
                0x08001b34                PVD_AVD_IRQHandler
                0x08001b34                SPI2_IRQHandler
                0x08001b34                EXTI14_IRQHandler
                0x08001b34                EXTI11_IRQHandler
                0x08001b34                CRS_IRQHandler
                0x08001b34                EXTI4_IRQHandler
                0x08001b34                GPDMA2_Channel0_IRQHandler
                0x08001b34                RNG_IRQHandler
                0x08001b34                GPDMA2_Channel6_IRQHandler
                0x08001b34                TIM1_UP_IRQHandler
                0x08001b34                WWDG_IRQHandler
                0x08001b34                IWDG_IRQHandler
                0x08001b34                LPUART1_IRQHandler
                0x08001b34                FDCAN1_IT0_IRQHandler
                0x08001b34                TIM2_IRQHandler
                0x08001b34                GPDMA1_Channel4_IRQHandler
                0x08001b34                EXTI7_IRQHandler
                0x08001b34                TIM1_BRK_IRQHandler
                0x08001b34                EXTI1_IRQHandler
                0x08001b34                DAC1_IRQHandler
                0x08001b34                DTS_IRQHandler
                0x08001b34                GTZC_IRQHandler
                0x08001b34                USART2_IRQHandler
                0x08001b34                GPDMA1_Channel6_IRQHandler
                0x08001b34                GPDMA2_Channel7_IRQHandler
                0x08001b34                I2C2_ER_IRQHandler
                0x08001b34                FLASH_IRQHandler
                0x08001b34                USART1_IRQHandler
                0x08001b34                EXTI10_IRQHandler
                0x08001b34                SPI3_IRQHandler
                0x08001b34                I2C1_ER_IRQHandler
                0x08001b34                EXTI6_IRQHandler
                0x08001b34                COMP1_IRQHandler
                0x08001b34                LPTIM1_IRQHandler
                0x08001b34                ICACHE_IRQHandler
                0x08001b34                EXTI2_IRQHandler
 *fill*         0x08001b36        0x2 
 .text.HAL_Init
                0x08001b38       0x50 ./Drivers/STM32H5xx_HAL_Driver/Src/stm32h5xx_hal.o
                0x08001b38                HAL_Init
 .text.HAL_InitTick
                0x08001b88       0xec ./Drivers/STM32H5xx_HAL_Driver/Src/stm32h5xx_hal.o
                0x08001b88                HAL_InitTick
 .text.HAL_IncTick
                0x08001c74       0x28 ./Drivers/STM32H5xx_HAL_Driver/Src/stm32h5xx_hal.o
                0x08001c74                HAL_IncTick
 .text.HAL_GetTick
                0x08001c9c       0x18 ./Drivers/STM32H5xx_HAL_Driver/Src/stm32h5xx_hal.o
                0x08001c9c                HAL_GetTick
 .text.LL_ADC_SetCommonClock
                0x08001cb4       0x26 ./Drivers/STM32H5xx_HAL_Driver/Src/stm32h5xx_hal_adc.o
 .text.LL_ADC_SetCommonPathInternalCh
                0x08001cda       0x26 ./Drivers/STM32H5xx_HAL_Driver/Src/stm32h5xx_hal_adc.o
 .text.LL_ADC_GetCommonPathInternalCh
                0x08001d00       0x1c ./Drivers/STM32H5xx_HAL_Driver/Src/stm32h5xx_hal_adc.o
 .text.LL_ADC_EnableChannelVDDcore
                0x08001d1c       0x24 ./Drivers/STM32H5xx_HAL_Driver/Src/stm32h5xx_hal_adc.o
 .text.LL_ADC_EnableChannel0_GPIO
                0x08001d40       0x28 ./Drivers/STM32H5xx_HAL_Driver/Src/stm32h5xx_hal_adc.o
 .text.LL_ADC_SetOffset
                0x08001d68       0x48 ./Drivers/STM32H5xx_HAL_Driver/Src/stm32h5xx_hal_adc.o
 .text.LL_ADC_GetOffsetChannel
                0x08001db0       0x2c ./Drivers/STM32H5xx_HAL_Driver/Src/stm32h5xx_hal_adc.o
 .text.LL_ADC_SetOffsetState
                0x08001ddc       0x36 ./Drivers/STM32H5xx_HAL_Driver/Src/stm32h5xx_hal_adc.o
 .text.LL_ADC_SetOffsetSign
                0x08001e12       0x36 ./Drivers/STM32H5xx_HAL_Driver/Src/stm32h5xx_hal_adc.o
 .text.LL_ADC_SetOffsetSaturation
                0x08001e48       0x36 ./Drivers/STM32H5xx_HAL_Driver/Src/stm32h5xx_hal_adc.o
 .text.LL_ADC_SetSamplingTimeCommonConfig
                0x08001e7e       0x26 ./Drivers/STM32H5xx_HAL_Driver/Src/stm32h5xx_hal_adc.o
 .text.LL_ADC_REG_IsTriggerSourceSWStart
                0x08001ea4       0x26 ./Drivers/STM32H5xx_HAL_Driver/Src/stm32h5xx_hal_adc.o
 .text.LL_ADC_REG_SetSequencerRanks
                0x08001eca       0x58 ./Drivers/STM32H5xx_HAL_Driver/Src/stm32h5xx_hal_adc.o
 .text.LL_ADC_SetChannelSamplingTime
                0x08001f22       0x56 ./Drivers/STM32H5xx_HAL_Driver/Src/stm32h5xx_hal_adc.o
 .text.LL_ADC_SetChannelSingleDiff
                0x08001f78       0x48 ./Drivers/STM32H5xx_HAL_Driver/Src/stm32h5xx_hal_adc.o
 .text.LL_ADC_DisableDeepPowerDown
                0x08001fc0       0x24 ./Drivers/STM32H5xx_HAL_Driver/Src/stm32h5xx_hal_adc.o
 .text.LL_ADC_IsDeepPowerDownEnabled
                0x08001fe4       0x28 ./Drivers/STM32H5xx_HAL_Driver/Src/stm32h5xx_hal_adc.o
 .text.LL_ADC_EnableInternalRegulator
                0x0800200c       0x28 ./Drivers/STM32H5xx_HAL_Driver/Src/stm32h5xx_hal_adc.o
 .text.LL_ADC_IsInternalRegulatorEnabled
                0x08002034       0x28 ./Drivers/STM32H5xx_HAL_Driver/Src/stm32h5xx_hal_adc.o
 .text.LL_ADC_Enable
                0x0800205c       0x28 ./Drivers/STM32H5xx_HAL_Driver/Src/stm32h5xx_hal_adc.o
 .text.LL_ADC_Disable
                0x08002084       0x28 ./Drivers/STM32H5xx_HAL_Driver/Src/stm32h5xx_hal_adc.o
 .text.LL_ADC_IsEnabled
                0x080020ac       0x26 ./Drivers/STM32H5xx_HAL_Driver/Src/stm32h5xx_hal_adc.o
 .text.LL_ADC_IsDisableOngoing
                0x080020d2       0x26 ./Drivers/STM32H5xx_HAL_Driver/Src/stm32h5xx_hal_adc.o
 .text.LL_ADC_REG_StartConversion
                0x080020f8       0x28 ./Drivers/STM32H5xx_HAL_Driver/Src/stm32h5xx_hal_adc.o
 .text.LL_ADC_REG_IsConversionOngoing
                0x08002120       0x26 ./Drivers/STM32H5xx_HAL_Driver/Src/stm32h5xx_hal_adc.o
 .text.LL_ADC_INJ_IsConversionOngoing
                0x08002146       0x26 ./Drivers/STM32H5xx_HAL_Driver/Src/stm32h5xx_hal_adc.o
 .text.HAL_ADC_Init
                0x0800216c      0x29c ./Drivers/STM32H5xx_HAL_Driver/Src/stm32h5xx_hal_adc.o
                0x0800216c                HAL_ADC_Init
 .text.HAL_ADC_Start
                0x08002408       0xc6 ./Drivers/STM32H5xx_HAL_Driver/Src/stm32h5xx_hal_adc.o
                0x08002408                HAL_ADC_Start
 .text.HAL_ADC_PollForConversion
                0x080024ce      0x11e ./Drivers/STM32H5xx_HAL_Driver/Src/stm32h5xx_hal_adc.o
                0x080024ce                HAL_ADC_PollForConversion
 .text.HAL_ADC_GetValue
                0x080025ec       0x1a ./Drivers/STM32H5xx_HAL_Driver/Src/stm32h5xx_hal_adc.o
                0x080025ec                HAL_ADC_GetValue
 *fill*         0x08002606        0x2 
 .text.HAL_ADC_ConfigChannel
                0x08002608      0x81c ./Drivers/STM32H5xx_HAL_Driver/Src/stm32h5xx_hal_adc.o
                0x08002608                HAL_ADC_ConfigChannel
 .text.ADC_Enable
                0x08002e24      0x104 ./Drivers/STM32H5xx_HAL_Driver/Src/stm32h5xx_hal_adc.o
                0x08002e24                ADC_Enable
 .text.ADC_Disable
                0x08002f28       0xbe ./Drivers/STM32H5xx_HAL_Driver/Src/stm32h5xx_hal_adc.o
                0x08002f28                ADC_Disable
 .text.LL_ADC_StartCalibration
                0x08002fe6       0x32 ./Drivers/STM32H5xx_HAL_Driver/Src/stm32h5xx_hal_adc_ex.o
 .text.LL_ADC_IsCalibrationOnGoing
                0x08003018       0x28 ./Drivers/STM32H5xx_HAL_Driver/Src/stm32h5xx_hal_adc_ex.o
 .text.HAL_ADCEx_Calibration_Start
                0x08003040       0xc4 ./Drivers/STM32H5xx_HAL_Driver/Src/stm32h5xx_hal_adc_ex.o
                0x08003040                HAL_ADCEx_Calibration_Start
 .text.__NVIC_SetPriorityGrouping
                0x08003104       0x48 ./Drivers/STM32H5xx_HAL_Driver/Src/stm32h5xx_hal_cortex.o
 .text.__NVIC_GetPriorityGrouping
                0x0800314c       0x1c ./Drivers/STM32H5xx_HAL_Driver/Src/stm32h5xx_hal_cortex.o
 .text.__NVIC_SetPriority
                0x08003168       0x54 ./Drivers/STM32H5xx_HAL_Driver/Src/stm32h5xx_hal_cortex.o
 .text.NVIC_EncodePriority
                0x080031bc       0x66 ./Drivers/STM32H5xx_HAL_Driver/Src/stm32h5xx_hal_cortex.o
 .text.HAL_NVIC_SetPriorityGrouping
                0x08003222       0x16 ./Drivers/STM32H5xx_HAL_Driver/Src/stm32h5xx_hal_cortex.o
                0x08003222                HAL_NVIC_SetPriorityGrouping
 .text.HAL_NVIC_SetPriority
                0x08003238       0x34 ./Drivers/STM32H5xx_HAL_Driver/Src/stm32h5xx_hal_cortex.o
                0x08003238                HAL_NVIC_SetPriority
 .text.HAL_SYSTICK_Config
                0x0800326c       0x44 ./Drivers/STM32H5xx_HAL_Driver/Src/stm32h5xx_hal_cortex.o
                0x0800326c                HAL_SYSTICK_Config
 .text.HAL_SYSTICK_CLKSourceConfig
                0x080032b0       0xb0 ./Drivers/STM32H5xx_HAL_Driver/Src/stm32h5xx_hal_cortex.o
                0x080032b0                HAL_SYSTICK_CLKSourceConfig
 .text.HAL_SYSTICK_GetCLKSourceConfig
                0x08003360       0x6c ./Drivers/STM32H5xx_HAL_Driver/Src/stm32h5xx_hal_cortex.o
                0x08003360                HAL_SYSTICK_GetCLKSourceConfig
 .text.HAL_FDCAN_Init
                0x080033cc      0x2b4 ./Drivers/STM32H5xx_HAL_Driver/Src/stm32h5xx_hal_fdcan.o
                0x080033cc                HAL_FDCAN_Init
 .text.FDCAN_CalcultateRamBlockAddresses
                0x08003680       0xac ./Drivers/STM32H5xx_HAL_Driver/Src/stm32h5xx_hal_fdcan.o
 .text.HAL_FLASH_Unlock
                0x0800372c       0x4c ./Drivers/STM32H5xx_HAL_Driver/Src/stm32h5xx_hal_flash.o
                0x0800372c                HAL_FLASH_Unlock
 .text.HAL_FLASH_Lock
                0x08003778       0x38 ./Drivers/STM32H5xx_HAL_Driver/Src/stm32h5xx_hal_flash.o
                0x08003778                HAL_FLASH_Lock
 .text.HAL_GPIO_Init
                0x080037b0      0x2a4 ./Drivers/STM32H5xx_HAL_Driver/Src/stm32h5xx_hal_gpio.o
                0x080037b0                HAL_GPIO_Init
 .text.HAL_GPIO_ReadPin
                0x08003a54       0x30 ./Drivers/STM32H5xx_HAL_Driver/Src/stm32h5xx_hal_gpio.o
                0x08003a54                HAL_GPIO_ReadPin
 .text.HAL_GPIO_WritePin
                0x08003a84       0x30 ./Drivers/STM32H5xx_HAL_Driver/Src/stm32h5xx_hal_gpio.o
                0x08003a84                HAL_GPIO_WritePin
 .text.HAL_I2C_Init
                0x08003ab4      0x136 ./Drivers/STM32H5xx_HAL_Driver/Src/stm32h5xx_hal_i2c.o
                0x08003ab4                HAL_I2C_Init
 .text.HAL_I2CEx_ConfigAnalogFilter
                0x08003bea       0x96 ./Drivers/STM32H5xx_HAL_Driver/Src/stm32h5xx_hal_i2c_ex.o
                0x08003bea                HAL_I2CEx_ConfigAnalogFilter
 .text.HAL_I2CEx_ConfigDigitalFilter
                0x08003c80       0x98 ./Drivers/STM32H5xx_HAL_Driver/Src/stm32h5xx_hal_i2c_ex.o
                0x08003c80                HAL_I2CEx_ConfigDigitalFilter
 .text.HAL_ICACHE_ConfigAssociativityMode
                0x08003d18       0x40 ./Drivers/STM32H5xx_HAL_Driver/Src/stm32h5xx_hal_icache.o
                0x08003d18                HAL_ICACHE_ConfigAssociativityMode
 .text.HAL_ICACHE_Enable
                0x08003d58       0x20 ./Drivers/STM32H5xx_HAL_Driver/Src/stm32h5xx_hal_icache.o
                0x08003d58                HAL_ICACHE_Enable
 .text.HAL_PCD_Init
                0x08003d78      0x202 ./Drivers/STM32H5xx_HAL_Driver/Src/stm32h5xx_hal_pcd.o
                0x08003d78                HAL_PCD_Init
 .text.HAL_PCDEx_ActivateLPM
                0x08003f7a       0x44 ./Drivers/STM32H5xx_HAL_Driver/Src/stm32h5xx_hal_pcd_ex.o
                0x08003f7a                HAL_PCDEx_ActivateLPM
 *fill*         0x08003fbe        0x2 
 .text.HAL_RCC_OscConfig
                0x08003fc0      0x870 ./Drivers/STM32H5xx_HAL_Driver/Src/stm32h5xx_hal_rcc.o
                0x08003fc0                HAL_RCC_OscConfig
 .text.HAL_RCC_ClockConfig
                0x08004830      0x370 ./Drivers/STM32H5xx_HAL_Driver/Src/stm32h5xx_hal_rcc.o
                0x08004830                HAL_RCC_ClockConfig
 .text.HAL_RCC_GetSysClockFreq
                0x08004ba0      0x258 ./Drivers/STM32H5xx_HAL_Driver/Src/stm32h5xx_hal_rcc.o
                0x08004ba0                HAL_RCC_GetSysClockFreq
 .text.HAL_RCC_GetHCLKFreq
                0x08004df8       0x38 ./Drivers/STM32H5xx_HAL_Driver/Src/stm32h5xx_hal_rcc.o
                0x08004df8                HAL_RCC_GetHCLKFreq
 .text.HAL_RCC_GetPCLK1Freq
                0x08004e30       0x2c ./Drivers/STM32H5xx_HAL_Driver/Src/stm32h5xx_hal_rcc.o
                0x08004e30                HAL_RCC_GetPCLK1Freq
 .text.HAL_RCC_GetPCLK2Freq
                0x08004e5c       0x2c ./Drivers/STM32H5xx_HAL_Driver/Src/stm32h5xx_hal_rcc.o
                0x08004e5c                HAL_RCC_GetPCLK2Freq
 .text.HAL_RCC_GetPCLK3Freq
                0x08004e88       0x2c ./Drivers/STM32H5xx_HAL_Driver/Src/stm32h5xx_hal_rcc.o
                0x08004e88                HAL_RCC_GetPCLK3Freq
 .text.HAL_RCCEx_PeriphCLKConfig
                0x08004eb4      0xc48 ./Drivers/STM32H5xx_HAL_Driver/Src/stm32h5xx_hal_rcc_ex.o
                0x08004eb4                HAL_RCCEx_PeriphCLKConfig
 .text.HAL_RCCEx_GetPLL1ClockFreq
                0x08005afc      0x2d8 ./Drivers/STM32H5xx_HAL_Driver/Src/stm32h5xx_hal_rcc_ex.o
                0x08005afc                HAL_RCCEx_GetPLL1ClockFreq
 .text.HAL_RCCEx_GetPLL2ClockFreq
                0x08005dd4      0x2d8 ./Drivers/STM32H5xx_HAL_Driver/Src/stm32h5xx_hal_rcc_ex.o
                0x08005dd4                HAL_RCCEx_GetPLL2ClockFreq
 .text.HAL_RCCEx_GetPeriphCLKFreq
                0x080060ac      0xe7c ./Drivers/STM32H5xx_HAL_Driver/Src/stm32h5xx_hal_rcc_ex.o
                0x080060ac                HAL_RCCEx_GetPeriphCLKFreq
 .text.RCCEx_PLL2_Config
                0x08006f28      0x130 ./Drivers/STM32H5xx_HAL_Driver/Src/stm32h5xx_hal_rcc_ex.o
 .text.HAL_TIM_PWM_Init
                0x08007058       0xae ./Drivers/STM32H5xx_HAL_Driver/Src/stm32h5xx_hal_tim.o
                0x08007058                HAL_TIM_PWM_Init
 *fill*         0x08007106        0x2 
 .text.HAL_TIM_PWM_ConfigChannel
                0x08007108      0x228 ./Drivers/STM32H5xx_HAL_Driver/Src/stm32h5xx_hal_tim.o
                0x08007108                HAL_TIM_PWM_ConfigChannel
 .text.TIM_Base_SetConfig
                0x08007330       0xcc ./Drivers/STM32H5xx_HAL_Driver/Src/stm32h5xx_hal_tim.o
                0x08007330                TIM_Base_SetConfig
 .text.TIM_OC1_SetConfig
                0x080073fc       0xd0 ./Drivers/STM32H5xx_HAL_Driver/Src/stm32h5xx_hal_tim.o
 .text.TIM_OC2_SetConfig
                0x080074cc       0xdc ./Drivers/STM32H5xx_HAL_Driver/Src/stm32h5xx_hal_tim.o
                0x080074cc                TIM_OC2_SetConfig
 .text.TIM_OC3_SetConfig
                0x080075a8       0xd8 ./Drivers/STM32H5xx_HAL_Driver/Src/stm32h5xx_hal_tim.o
 .text.TIM_OC4_SetConfig
                0x08007680       0xdc ./Drivers/STM32H5xx_HAL_Driver/Src/stm32h5xx_hal_tim.o
 .text.TIM_OC5_SetConfig
                0x0800775c       0x98 ./Drivers/STM32H5xx_HAL_Driver/Src/stm32h5xx_hal_tim.o
 .text.TIM_OC6_SetConfig
                0x080077f4       0x9c ./Drivers/STM32H5xx_HAL_Driver/Src/stm32h5xx_hal_tim.o
 .text.HAL_TIMEx_MasterConfigSynchronization
                0x08007890       0xd0 ./Drivers/STM32H5xx_HAL_Driver/Src/stm32h5xx_hal_tim_ex.o
                0x08007890                HAL_TIMEx_MasterConfigSynchronization
 .text.HAL_TIMEx_ConfigBreakDeadTime
                0x08007960      0x10c ./Drivers/STM32H5xx_HAL_Driver/Src/stm32h5xx_hal_tim_ex.o
                0x08007960                HAL_TIMEx_ConfigBreakDeadTime
 .text.HAL_UART_Init
                0x08007a6c       0xa0 ./Drivers/STM32H5xx_HAL_Driver/Src/stm32h5xx_hal_uart.o
                0x08007a6c                HAL_UART_Init
 .text.UART_SetConfig
                0x08007b0c      0x2fc ./Drivers/STM32H5xx_HAL_Driver/Src/stm32h5xx_hal_uart.o
                0x08007b0c                UART_SetConfig
 .text.UART_AdvFeatureConfig
                0x08007e08      0x144 ./Drivers/STM32H5xx_HAL_Driver/Src/stm32h5xx_hal_uart.o
                0x08007e08                UART_AdvFeatureConfig
 .text.UART_CheckIdleState
                0x08007f4c      0x154 ./Drivers/STM32H5xx_HAL_Driver/Src/stm32h5xx_hal_uart.o
                0x08007f4c                UART_CheckIdleState
 .text.UART_WaitOnFlagUntilTimeout
                0x080080a0       0xda ./Drivers/STM32H5xx_HAL_Driver/Src/stm32h5xx_hal_uart.o
                0x080080a0                UART_WaitOnFlagUntilTimeout
 .text.UART_EndRxTransfer
                0x0800817a       0xcc ./Drivers/STM32H5xx_HAL_Driver/Src/stm32h5xx_hal_uart.o
 .text.HAL_UARTEx_DisableFifoMode
                0x08008246       0x72 ./Drivers/STM32H5xx_HAL_Driver/Src/stm32h5xx_hal_uart_ex.o
                0x08008246                HAL_UARTEx_DisableFifoMode
 .text.HAL_UARTEx_SetTxFifoThreshold
                0x080082b8       0x7c ./Drivers/STM32H5xx_HAL_Driver/Src/stm32h5xx_hal_uart_ex.o
                0x080082b8                HAL_UARTEx_SetTxFifoThreshold
 .text.HAL_UARTEx_SetRxFifoThreshold
                0x08008334       0x7c ./Drivers/STM32H5xx_HAL_Driver/Src/stm32h5xx_hal_uart_ex.o
                0x08008334                HAL_UARTEx_SetRxFifoThreshold
 .text.UARTEx_SetNbDataToProcess
                0x080083b0       0x9c ./Drivers/STM32H5xx_HAL_Driver/Src/stm32h5xx_hal_uart_ex.o
 .text.USB_CoreReset
                0x0800844c       0x2e ./Drivers/STM32H5xx_HAL_Driver/Src/stm32h5xx_ll_usb.o
 .text.USB_CoreInit
                0x0800847a       0x3c ./Drivers/STM32H5xx_HAL_Driver/Src/stm32h5xx_ll_usb.o
                0x0800847a                USB_CoreInit
 .text.USB_DisableGlobalInt
                0x080084b6       0x2a ./Drivers/STM32H5xx_HAL_Driver/Src/stm32h5xx_ll_usb.o
                0x080084b6                USB_DisableGlobalInt
 .text.USB_SetCurrentMode
                0x080084e0       0x46 ./Drivers/STM32H5xx_HAL_Driver/Src/stm32h5xx_ll_usb.o
                0x080084e0                USB_SetCurrentMode
 .text.USB_DevInit
                0x08008526       0x46 ./Drivers/STM32H5xx_HAL_Driver/Src/stm32h5xx_ll_usb.o
                0x08008526                USB_DevInit
 .text.USB_DevDisconnect
                0x0800856c       0x22 ./Drivers/STM32H5xx_HAL_Driver/Src/stm32h5xx_ll_usb.o
                0x0800856c                USB_DevDisconnect
 .text.memset   0x0800858e       0x10 /Applications/STM32CubeIDE.app/Contents/Eclipse/plugins/com.st.stm32cube.ide.mcu.externaltools.gnu-tools-for-stm32.12.3.rel1.macos64_1.1.0.202410301201/tools/bin/../lib/gcc/arm-none-eabi/12.3.1/../../../../arm-none-eabi/lib/thumb/v8-m.main+fp/hard/libc_nano.a(libc_a-memset.o)
                0x0800858e                memset
 *fill*         0x0800859e        0x2 
 .text.__libc_init_array
                0x080085a0       0x48 /Applications/STM32CubeIDE.app/Contents/Eclipse/plugins/com.st.stm32cube.ide.mcu.externaltools.gnu-tools-for-stm32.12.3.rel1.macos64_1.1.0.202410301201/tools/bin/../lib/gcc/arm-none-eabi/12.3.1/../../../../arm-none-eabi/lib/thumb/v8-m.main+fp/hard/libc_nano.a(libc_a-init.o)
                0x080085a0                __libc_init_array
 *(.glue_7)
 .glue_7        0x080085e8        0x0 linker stubs
 *(.glue_7t)
 .glue_7t       0x080085e8        0x0 linker stubs
 *(.eh_frame)
 .eh_frame      0x080085e8        0x0 /Applications/STM32CubeIDE.app/Contents/Eclipse/plugins/com.st.stm32cube.ide.mcu.externaltools.gnu-tools-for-stm32.12.3.rel1.macos64_1.1.0.202410301201/tools/bin/../lib/gcc/arm-none-eabi/12.3.1/thumb/v8-m.main+fp/hard/crtbegin.o
 *(.init)
 .init          0x080085e8        0x4 /Applications/STM32CubeIDE.app/Contents/Eclipse/plugins/com.st.stm32cube.ide.mcu.externaltools.gnu-tools-for-stm32.12.3.rel1.macos64_1.1.0.202410301201/tools/bin/../lib/gcc/arm-none-eabi/12.3.1/thumb/v8-m.main+fp/hard/crti.o
                0x080085e8                _init
 .init          0x080085ec        0x8 /Applications/STM32CubeIDE.app/Contents/Eclipse/plugins/com.st.stm32cube.ide.mcu.externaltools.gnu-tools-for-stm32.12.3.rel1.macos64_1.1.0.202410301201/tools/bin/../lib/gcc/arm-none-eabi/12.3.1/thumb/v8-m.main+fp/hard/crtn.o
 *(.fini)
 .fini          0x080085f4        0x4 /Applications/STM32CubeIDE.app/Contents/Eclipse/plugins/com.st.stm32cube.ide.mcu.externaltools.gnu-tools-for-stm32.12.3.rel1.macos64_1.1.0.202410301201/tools/bin/../lib/gcc/arm-none-eabi/12.3.1/thumb/v8-m.main+fp/hard/crti.o
                0x080085f4                _fini
 .fini          0x080085f8        0x8 /Applications/STM32CubeIDE.app/Contents/Eclipse/plugins/com.st.stm32cube.ide.mcu.externaltools.gnu-tools-for-stm32.12.3.rel1.macos64_1.1.0.202410301201/tools/bin/../lib/gcc/arm-none-eabi/12.3.1/thumb/v8-m.main+fp/hard/crtn.o
                0x08008600                        . = ALIGN (0x4)
                0x08008600                        _etext = .

.vfp11_veneer   0x08008600        0x0
 .vfp11_veneer  0x08008600        0x0 linker stubs

.v4_bx          0x08008600        0x0
 .v4_bx         0x08008600        0x0 linker stubs

.iplt           0x08008600        0x0
 .iplt          0x08008600        0x0 /Applications/STM32CubeIDE.app/Contents/Eclipse/plugins/com.st.stm32cube.ide.mcu.externaltools.gnu-tools-for-stm32.12.3.rel1.macos64_1.1.0.202410301201/tools/bin/../lib/gcc/arm-none-eabi/12.3.1/thumb/v8-m.main+fp/hard/crtbegin.o

.rodata         0x08008600       0x40
                0x08008600                        . = ALIGN (0x4)
 *(.rodata)
 *(.rodata*)
 .rodata.AHBPrescTable
                0x08008600       0x10 ./Core/Src/system_stm32h5xx.o
                0x08008600                AHBPrescTable
 .rodata.APBPrescTable
                0x08008610        0x8 ./Core/Src/system_stm32h5xx.o
                0x08008610                APBPrescTable
 .rodata.UARTPrescTable
                0x08008618       0x18 ./Drivers/STM32H5xx_HAL_Driver/Src/stm32h5xx_hal_uart.o
                0x08008618                UARTPrescTable
 .rodata.numerator.1
                0x08008630        0x8 ./Drivers/STM32H5xx_HAL_Driver/Src/stm32h5xx_hal_uart_ex.o
 .rodata.denominator.0
                0x08008638        0x8 ./Drivers/STM32H5xx_HAL_Driver/Src/stm32h5xx_hal_uart_ex.o
                0x08008640                        . = ALIGN (0x4)

.ARM.extab      0x08008640        0x0
                0x08008640                        . = ALIGN (0x4)
 *(.ARM.extab* .gnu.linkonce.armextab.*)
                0x08008640                        . = ALIGN (0x4)

.ARM            0x08008640        0x8
                0x08008640                        . = ALIGN (0x4)
                0x08008640                        __exidx_start = .
 *(.ARM.exidx*)
 .ARM.exidx     0x08008640        0x8 /Applications/STM32CubeIDE.app/Contents/Eclipse/plugins/com.st.stm32cube.ide.mcu.externaltools.gnu-tools-for-stm32.12.3.rel1.macos64_1.1.0.202410301201/tools/bin/../lib/gcc/arm-none-eabi/12.3.1/thumb/v8-m.main+fp/hard/libgcc.a(_udivmoddi4.o)
                0x08008648                        __exidx_end = .
                0x08008648                        . = ALIGN (0x4)

.preinit_array  0x08008648        0x0
                0x08008648                        . = ALIGN (0x4)
                0x08008648                        PROVIDE (__preinit_array_start = .)
 *(.preinit_array*)
                0x08008648                        PROVIDE (__preinit_array_end = .)
                0x08008648                        . = ALIGN (0x4)

.init_array     0x08008648        0x4
                0x08008648                        . = ALIGN (0x4)
                0x08008648                        PROVIDE (__init_array_start = .)
 *(SORT_BY_NAME(.init_array.*))
 *(.init_array*)
 .init_array    0x08008648        0x4 /Applications/STM32CubeIDE.app/Contents/Eclipse/plugins/com.st.stm32cube.ide.mcu.externaltools.gnu-tools-for-stm32.12.3.rel1.macos64_1.1.0.202410301201/tools/bin/../lib/gcc/arm-none-eabi/12.3.1/thumb/v8-m.main+fp/hard/crtbegin.o
                0x0800864c                        PROVIDE (__init_array_end = .)
                0x0800864c                        . = ALIGN (0x4)

.fini_array     0x0800864c        0x4
                0x0800864c                        . = ALIGN (0x4)
                [!provide]                        PROVIDE (__fini_array_start = .)
 *(SORT_BY_NAME(.fini_array.*))
 *(.fini_array*)
 .fini_array    0x0800864c        0x4 /Applications/STM32CubeIDE.app/Contents/Eclipse/plugins/com.st.stm32cube.ide.mcu.externaltools.gnu-tools-for-stm32.12.3.rel1.macos64_1.1.0.202410301201/tools/bin/../lib/gcc/arm-none-eabi/12.3.1/thumb/v8-m.main+fp/hard/crtbegin.o
                [!provide]                        PROVIDE (__fini_array_end = .)
                0x08008650                        . = ALIGN (0x4)
                0x08008650                        _sidata = LOADADDR (.data)

.rel.dyn        0x08008650        0x0
 .rel.iplt      0x08008650        0x0 /Applications/STM32CubeIDE.app/Contents/Eclipse/plugins/com.st.stm32cube.ide.mcu.externaltools.gnu-tools-for-stm32.12.3.rel1.macos64_1.1.0.202410301201/tools/bin/../lib/gcc/arm-none-eabi/12.3.1/thumb/v8-m.main+fp/hard/crtbegin.o

.data           0x20000000        0xc load address 0x08008650
                0x20000000                        . = ALIGN (0x4)
                0x20000000                        _sdata = .
 *(.data)
 *(.data*)
 .data.SystemCoreClock
                0x20000000        0x4 ./Core/Src/system_stm32h5xx.o
                0x20000000                SystemCoreClock
 .data.uwTickPrio
                0x20000004        0x4 ./Drivers/STM32H5xx_HAL_Driver/Src/stm32h5xx_hal.o
                0x20000004                uwTickPrio
 .data.uwTickFreq
                0x20000008        0x1 ./Drivers/STM32H5xx_HAL_Driver/Src/stm32h5xx_hal.o
                0x20000008                uwTickFreq
 *(.RamFunc)
 *(.RamFunc*)
                0x2000000c                        . = ALIGN (0x4)
 *fill*         0x20000009        0x3 
                0x2000000c                        _edata = .

.igot.plt       0x2000000c        0x0 load address 0x0800865c
 .igot.plt      0x2000000c        0x0 /Applications/STM32CubeIDE.app/Contents/Eclipse/plugins/com.st.stm32cube.ide.mcu.externaltools.gnu-tools-for-stm32.12.3.rel1.macos64_1.1.0.202410301201/tools/bin/../lib/gcc/arm-none-eabi/12.3.1/thumb/v8-m.main+fp/hard/crtbegin.o
                0x2000000c                        . = ALIGN (0x4)

.bss            0x2000000c      0x524 load address 0x0800865c
                0x2000000c                        _sbss = .
                0x2000000c                        __bss_start__ = _sbss
 *(.bss)
 .bss           0x2000000c       0x1c /Applications/STM32CubeIDE.app/Contents/Eclipse/plugins/com.st.stm32cube.ide.mcu.externaltools.gnu-tools-for-stm32.12.3.rel1.macos64_1.1.0.202410301201/tools/bin/../lib/gcc/arm-none-eabi/12.3.1/thumb/v8-m.main+fp/hard/crtbegin.o
 *(.bss*)
 .bss.hadc1     0x20000028       0x68 ./Core/Src/main.o
                0x20000028                hadc1
 .bss.hfdcan1   0x20000090       0x64 ./Core/Src/main.o
                0x20000090                hfdcan1
 .bss.hi2c1     0x200000f4       0x54 ./Core/Src/main.o
                0x200000f4                hi2c1
 .bss.htim1     0x20000148       0x4c ./Core/Src/main.o
                0x20000148                htim1
 .bss.huart1    0x20000194       0x94 ./Core/Src/main.o
                0x20000194                huart1
 .bss.hpcd_USB_DRD_FS
                0x20000228      0x2e4 ./Core/Src/main.o
                0x20000228                hpcd_USB_DRD_FS
 .bss.OV_SENSE_HV
                0x2000050c        0x1 ./Core/Src/main.o
                0x2000050c                OV_SENSE_HV
 .bss.OC_SENSE_HV
                0x2000050d        0x1 ./Core/Src/main.o
                0x2000050d                OC_SENSE_HV
 .bss.FAULT_12  0x2000050e        0x1 ./Core/Src/main.o
                0x2000050e                FAULT_12
 .bss.BUTTON    0x2000050f        0x1 ./Core/Src/main.o
                0x2000050f                BUTTON
 .bss.BOOT0_SENSE
                0x20000510        0x1 ./Core/Src/main.o
                0x20000510                BOOT0_SENSE
 .bss.HV_RELAY  0x20000511        0x1 ./Core/Src/main.o
                0x20000511                HV_RELAY
 .bss.SHDN_12   0x20000512        0x1 ./Core/Src/main.o
                0x20000512                SHDN_12
 .bss.IND_R     0x20000513        0x1 ./Core/Src/main.o
                0x20000513                IND_R
 .bss.IND_G     0x20000514        0x1 ./Core/Src/main.o
                0x20000514                IND_G
 .bss.IND_B     0x20000515        0x1 ./Core/Src/main.o
                0x20000515                IND_B
 .bss.V_SENSE_HV
                0x20000516        0x2 ./Core/Src/main.o
                0x20000516                V_SENSE_HV
 .bss.I_SENSE_HV
                0x20000518        0x2 ./Core/Src/main.o
                0x20000518                I_SENSE_HV
 .bss.V_SENSE_12
                0x2000051a        0x2 ./Core/Src/main.o
                0x2000051a                V_SENSE_12
 .bss.I_SENSE_12
                0x2000051c        0x2 ./Core/Src/main.o
                0x2000051c                I_SENSE_12
 .bss.V_SENSE_5
                0x2000051e        0x2 ./Core/Src/main.o
                0x2000051e                V_SENSE_5
 .bss.I_SENSE_5
                0x20000520        0x2 ./Core/Src/main.o
                0x20000520                I_SENSE_5
 *fill*         0x20000522        0x2 
 .bss.voltage_out_12
                0x20000524        0x4 ./Core/Src/main.o
                0x20000524                voltage_out_12
 .bss.voltage_out_5
                0x20000528        0x4 ./Core/Src/main.o
                0x20000528                voltage_out_5
 .bss.uwTick    0x2000052c        0x4 ./Drivers/STM32H5xx_HAL_Driver/Src/stm32h5xx_hal.o
                0x2000052c                uwTick
 *(COMMON)
                0x20000530                        . = ALIGN (0x4)
                0x20000530                        _ebss = .
                0x20000530                        __bss_end__ = _ebss

._user_heap_stack
                0x20000530      0x600 load address 0x0800865c
                0x20000530                        . = ALIGN (0x8)
                [!provide]                        PROVIDE (end = .)
                0x20000530                        PROVIDE (_end = .)
                0x20000730                        . = (. + _Min_Heap_Size)
 *fill*         0x20000530      0x200 
                0x20000b30                        . = (. + _Min_Stack_Size)
 *fill*         0x20000730      0x400 
                0x20000b30                        . = ALIGN (0x8)

/DISCARD/
 libc.a(*)
 libm.a(*)
 libgcc.a(*)

.ARM.attributes
                0x00000000       0x36
 *(.ARM.attributes)
 .ARM.attributes
                0x00000000       0x26 /Applications/STM32CubeIDE.app/Contents/Eclipse/plugins/com.st.stm32cube.ide.mcu.externaltools.gnu-tools-for-stm32.12.3.rel1.macos64_1.1.0.202410301201/tools/bin/../lib/gcc/arm-none-eabi/12.3.1/thumb/v8-m.main+fp/hard/crti.o
 .ARM.attributes
                0x00000026       0x38 /Applications/STM32CubeIDE.app/Contents/Eclipse/plugins/com.st.stm32cube.ide.mcu.externaltools.gnu-tools-for-stm32.12.3.rel1.macos64_1.1.0.202410301201/tools/bin/../lib/gcc/arm-none-eabi/12.3.1/thumb/v8-m.main+fp/hard/crtbegin.o
 .ARM.attributes
                0x0000005e       0x3a ./Core/Src/main.o
 .ARM.attributes
                0x00000098       0x3a ./Core/Src/stm32h5xx_hal_msp.o
 .ARM.attributes
                0x000000d2       0x3a ./Core/Src/stm32h5xx_it.o
 .ARM.attributes
                0x0000010c       0x3a ./Core/Src/system_stm32h5xx.o
 .ARM.attributes
                0x00000146       0x24 ./Core/Startup/startup_stm32h503cbtx.o
 .ARM.attributes
                0x0000016a       0x3a ./Drivers/STM32H5xx_HAL_Driver/Src/stm32h5xx_hal.o
 .ARM.attributes
                0x000001a4       0x3a ./Drivers/STM32H5xx_HAL_Driver/Src/stm32h5xx_hal_adc.o
 .ARM.attributes
                0x000001de       0x3a ./Drivers/STM32H5xx_HAL_Driver/Src/stm32h5xx_hal_adc_ex.o
 .ARM.attributes
                0x00000218       0x3a ./Drivers/STM32H5xx_HAL_Driver/Src/stm32h5xx_hal_cortex.o
 .ARM.attributes
                0x00000252       0x3a ./Drivers/STM32H5xx_HAL_Driver/Src/stm32h5xx_hal_fdcan.o
 .ARM.attributes
                0x0000028c       0x3a ./Drivers/STM32H5xx_HAL_Driver/Src/stm32h5xx_hal_flash.o
 .ARM.attributes
                0x000002c6       0x3a ./Drivers/STM32H5xx_HAL_Driver/Src/stm32h5xx_hal_gpio.o
 .ARM.attributes
                0x00000300       0x3a ./Drivers/STM32H5xx_HAL_Driver/Src/stm32h5xx_hal_i2c.o
 .ARM.attributes
                0x0000033a       0x3a ./Drivers/STM32H5xx_HAL_Driver/Src/stm32h5xx_hal_i2c_ex.o
 .ARM.attributes
                0x00000374       0x3a ./Drivers/STM32H5xx_HAL_Driver/Src/stm32h5xx_hal_icache.o
 .ARM.attributes
                0x000003ae       0x3a ./Drivers/STM32H5xx_HAL_Driver/Src/stm32h5xx_hal_pcd.o
 .ARM.attributes
                0x000003e8       0x3a ./Drivers/STM32H5xx_HAL_Driver/Src/stm32h5xx_hal_pcd_ex.o
 .ARM.attributes
                0x00000422       0x3a ./Drivers/STM32H5xx_HAL_Driver/Src/stm32h5xx_hal_rcc.o
 .ARM.attributes
                0x0000045c       0x3a ./Drivers/STM32H5xx_HAL_Driver/Src/stm32h5xx_hal_rcc_ex.o
 .ARM.attributes
                0x00000496       0x3a ./Drivers/STM32H5xx_HAL_Driver/Src/stm32h5xx_hal_tim.o
 .ARM.attributes
                0x000004d0       0x3a ./Drivers/STM32H5xx_HAL_Driver/Src/stm32h5xx_hal_tim_ex.o
 .ARM.attributes
                0x0000050a       0x3a ./Drivers/STM32H5xx_HAL_Driver/Src/stm32h5xx_hal_uart.o
 .ARM.attributes
                0x00000544       0x3a ./Drivers/STM32H5xx_HAL_Driver/Src/stm32h5xx_hal_uart_ex.o
 .ARM.attributes
                0x0000057e       0x3a ./Drivers/STM32H5xx_HAL_Driver/Src/stm32h5xx_ll_usb.o
 .ARM.attributes
                0x000005b8       0x38 /Applications/STM32CubeIDE.app/Contents/Eclipse/plugins/com.st.stm32cube.ide.mcu.externaltools.gnu-tools-for-stm32.12.3.rel1.macos64_1.1.0.202410301201/tools/bin/../lib/gcc/arm-none-eabi/12.3.1/../../../../arm-none-eabi/lib/thumb/v8-m.main+fp/hard/libc_nano.a(libc_a-memset.o)
 .ARM.attributes
                0x000005f0       0x38 /Applications/STM32CubeIDE.app/Contents/Eclipse/plugins/com.st.stm32cube.ide.mcu.externaltools.gnu-tools-for-stm32.12.3.rel1.macos64_1.1.0.202410301201/tools/bin/../lib/gcc/arm-none-eabi/12.3.1/../../../../arm-none-eabi/lib/thumb/v8-m.main+fp/hard/libc_nano.a(libc_a-init.o)
 .ARM.attributes
                0x00000628       0x26 /Applications/STM32CubeIDE.app/Contents/Eclipse/plugins/com.st.stm32cube.ide.mcu.externaltools.gnu-tools-for-stm32.12.3.rel1.macos64_1.1.0.202410301201/tools/bin/../lib/gcc/arm-none-eabi/12.3.1/thumb/v8-m.main+fp/hard/libgcc.a(_arm_muldf3.o)
 .ARM.attributes
                0x0000064e       0x26 /Applications/STM32CubeIDE.app/Contents/Eclipse/plugins/com.st.stm32cube.ide.mcu.externaltools.gnu-tools-for-stm32.12.3.rel1.macos64_1.1.0.202410301201/tools/bin/../lib/gcc/arm-none-eabi/12.3.1/thumb/v8-m.main+fp/hard/libgcc.a(_arm_addsubdf3.o)
 .ARM.attributes
                0x00000674       0x26 /Applications/STM32CubeIDE.app/Contents/Eclipse/plugins/com.st.stm32cube.ide.mcu.externaltools.gnu-tools-for-stm32.12.3.rel1.macos64_1.1.0.202410301201/tools/bin/../lib/gcc/arm-none-eabi/12.3.1/thumb/v8-m.main+fp/hard/libgcc.a(_arm_truncdfsf2.o)
 .ARM.attributes
                0x0000069a       0x26 /Applications/STM32CubeIDE.app/Contents/Eclipse/plugins/com.st.stm32cube.ide.mcu.externaltools.gnu-tools-for-stm32.12.3.rel1.macos64_1.1.0.202410301201/tools/bin/../lib/gcc/arm-none-eabi/12.3.1/thumb/v8-m.main+fp/hard/libgcc.a(_aeabi_uldivmod.o)
 .ARM.attributes
                0x000006c0       0x38 /Applications/STM32CubeIDE.app/Contents/Eclipse/plugins/com.st.stm32cube.ide.mcu.externaltools.gnu-tools-for-stm32.12.3.rel1.macos64_1.1.0.202410301201/tools/bin/../lib/gcc/arm-none-eabi/12.3.1/thumb/v8-m.main+fp/hard/libgcc.a(_udivmoddi4.o)
 .ARM.attributes
                0x000006f8       0x26 /Applications/STM32CubeIDE.app/Contents/Eclipse/plugins/com.st.stm32cube.ide.mcu.externaltools.gnu-tools-for-stm32.12.3.rel1.macos64_1.1.0.202410301201/tools/bin/../lib/gcc/arm-none-eabi/12.3.1/thumb/v8-m.main+fp/hard/libgcc.a(_dvmd_tls.o)
 .ARM.attributes
                0x0000071e       0x26 /Applications/STM32CubeIDE.app/Contents/Eclipse/plugins/com.st.stm32cube.ide.mcu.externaltools.gnu-tools-for-stm32.12.3.rel1.macos64_1.1.0.202410301201/tools/bin/../lib/gcc/arm-none-eabi/12.3.1/thumb/v8-m.main+fp/hard/crtn.o
OUTPUT(MagTile2-MasterController.elf elf32-littlearm)
LOAD linker stubs
LOAD /Applications/STM32CubeIDE.app/Contents/Eclipse/plugins/com.st.stm32cube.ide.mcu.externaltools.gnu-tools-for-stm32.12.3.rel1.macos64_1.1.0.202410301201/tools/bin/../lib/gcc/arm-none-eabi/12.3.1/../../../../arm-none-eabi/lib/thumb/v8-m.main+fp/hard/libc.a
LOAD /Applications/STM32CubeIDE.app/Contents/Eclipse/plugins/com.st.stm32cube.ide.mcu.externaltools.gnu-tools-for-stm32.12.3.rel1.macos64_1.1.0.202410301201/tools/bin/../lib/gcc/arm-none-eabi/12.3.1/../../../../arm-none-eabi/lib/thumb/v8-m.main+fp/hard/libm.a
LOAD /Applications/STM32CubeIDE.app/Contents/Eclipse/plugins/com.st.stm32cube.ide.mcu.externaltools.gnu-tools-for-stm32.12.3.rel1.macos64_1.1.0.202410301201/tools/bin/../lib/gcc/arm-none-eabi/12.3.1/thumb/v8-m.main+fp/hard/libgcc.a

.debug_info     0x00000000    0x2164c
 .debug_info    0x00000000     0x31f1 ./Core/Src/main.o
 .debug_info    0x000031f1     0x26f1 ./Core/Src/stm32h5xx_hal_msp.o
 .debug_info    0x000058e2      0x128 ./Core/Src/stm32h5xx_it.o
 .debug_info    0x00005a0a      0xc0b ./Core/Src/system_stm32h5xx.o
 .debug_info    0x00006615       0x30 ./Core/Startup/startup_stm32h503cbtx.o
 .debug_info    0x00006645     0x1069 ./Drivers/STM32H5xx_HAL_Driver/Src/stm32h5xx_hal.o
 .debug_info    0x000076ae     0x2282 ./Drivers/STM32H5xx_HAL_Driver/Src/stm32h5xx_hal_adc.o
 .debug_info    0x00009930     0x1b85 ./Drivers/STM32H5xx_HAL_Driver/Src/stm32h5xx_hal_adc_ex.o
 .debug_info    0x0000b4b5     0x1522 ./Drivers/STM32H5xx_HAL_Driver/Src/stm32h5xx_hal_cortex.o
 .debug_info    0x0000c9d7     0x1920 ./Drivers/STM32H5xx_HAL_Driver/Src/stm32h5xx_hal_fdcan.o
 .debug_info    0x0000e2f7      0x8cd ./Drivers/STM32H5xx_HAL_Driver/Src/stm32h5xx_hal_flash.o
 .debug_info    0x0000ebc4      0x6aa ./Drivers/STM32H5xx_HAL_Driver/Src/stm32h5xx_hal_gpio.o
 .debug_info    0x0000f26e     0x232a ./Drivers/STM32H5xx_HAL_Driver/Src/stm32h5xx_hal_i2c.o
 .debug_info    0x00011598      0x8fb ./Drivers/STM32H5xx_HAL_Driver/Src/stm32h5xx_hal_i2c_ex.o
 .debug_info    0x00011e93      0x377 ./Drivers/STM32H5xx_HAL_Driver/Src/stm32h5xx_hal_icache.o
 .debug_info    0x0001220a     0x14e5 ./Drivers/STM32H5xx_HAL_Driver/Src/stm32h5xx_hal_pcd.o
 .debug_info    0x000136ef      0x7eb ./Drivers/STM32H5xx_HAL_Driver/Src/stm32h5xx_hal_pcd_ex.o
 .debug_info    0x00013eda      0xfdf ./Drivers/STM32H5xx_HAL_Driver/Src/stm32h5xx_hal_rcc.o
 .debug_info    0x00014eb9      0xf52 ./Drivers/STM32H5xx_HAL_Driver/Src/stm32h5xx_hal_rcc_ex.o
 .debug_info    0x00015e0b     0x2e54 ./Drivers/STM32H5xx_HAL_Driver/Src/stm32h5xx_hal_tim.o
 .debug_info    0x00018c5f     0x1eaa ./Drivers/STM32H5xx_HAL_Driver/Src/stm32h5xx_hal_tim_ex.o
 .debug_info    0x0001ab09     0x4030 ./Drivers/STM32H5xx_HAL_Driver/Src/stm32h5xx_hal_uart.o
 .debug_info    0x0001eb39     0x10ed ./Drivers/STM32H5xx_HAL_Driver/Src/stm32h5xx_hal_uart_ex.o
 .debug_info    0x0001fc26     0x1a26 ./Drivers/STM32H5xx_HAL_Driver/Src/stm32h5xx_ll_usb.o

.debug_abbrev   0x00000000     0x3745
 .debug_abbrev  0x00000000      0x317 ./Core/Src/main.o
 .debug_abbrev  0x00000317      0x2a7 ./Core/Src/stm32h5xx_hal_msp.o
 .debug_abbrev  0x000005be       0x73 ./Core/Src/stm32h5xx_it.o
 .debug_abbrev  0x00000631      0x13a ./Core/Src/system_stm32h5xx.o
 .debug_abbrev  0x0000076b       0x24 ./Core/Startup/startup_stm32h503cbtx.o
 .debug_abbrev  0x0000078f      0x2ac ./Drivers/STM32H5xx_HAL_Driver/Src/stm32h5xx_hal.o
 .debug_abbrev  0x00000a3b      0x2b9 ./Drivers/STM32H5xx_HAL_Driver/Src/stm32h5xx_hal_adc.o
 .debug_abbrev  0x00000cf4      0x2c5 ./Drivers/STM32H5xx_HAL_Driver/Src/stm32h5xx_hal_adc_ex.o
 .debug_abbrev  0x00000fb9      0x311 ./Drivers/STM32H5xx_HAL_Driver/Src/stm32h5xx_hal_cortex.o
 .debug_abbrev  0x000012ca      0x20b ./Drivers/STM32H5xx_HAL_Driver/Src/stm32h5xx_hal_fdcan.o
 .debug_abbrev  0x000014d5      0x312 ./Drivers/STM32H5xx_HAL_Driver/Src/stm32h5xx_hal_flash.o
 .debug_abbrev  0x000017e7      0x1db ./Drivers/STM32H5xx_HAL_Driver/Src/stm32h5xx_hal_gpio.o
 .debug_abbrev  0x000019c2      0x280 ./Drivers/STM32H5xx_HAL_Driver/Src/stm32h5xx_hal_i2c.o
 .debug_abbrev  0x00001c42      0x1b7 ./Drivers/STM32H5xx_HAL_Driver/Src/stm32h5xx_hal_i2c_ex.o
 .debug_abbrev  0x00001df9      0x1e4 ./Drivers/STM32H5xx_HAL_Driver/Src/stm32h5xx_hal_icache.o
 .debug_abbrev  0x00001fdd      0x302 ./Drivers/STM32H5xx_HAL_Driver/Src/stm32h5xx_hal_pcd.o
 .debug_abbrev  0x000022df      0x1e8 ./Drivers/STM32H5xx_HAL_Driver/Src/stm32h5xx_hal_pcd_ex.o
 .debug_abbrev  0x000024c7      0x28e ./Drivers/STM32H5xx_HAL_Driver/Src/stm32h5xx_hal_rcc.o
 .debug_abbrev  0x00002755      0x25c ./Drivers/STM32H5xx_HAL_Driver/Src/stm32h5xx_hal_rcc_ex.o
 .debug_abbrev  0x000029b1      0x2bd ./Drivers/STM32H5xx_HAL_Driver/Src/stm32h5xx_hal_tim.o
 .debug_abbrev  0x00002c6e      0x2c7 ./Drivers/STM32H5xx_HAL_Driver/Src/stm32h5xx_hal_tim_ex.o
 .debug_abbrev  0x00002f35      0x305 ./Drivers/STM32H5xx_HAL_Driver/Src/stm32h5xx_hal_uart.o
 .debug_abbrev  0x0000323a      0x2d4 ./Drivers/STM32H5xx_HAL_Driver/Src/stm32h5xx_hal_uart_ex.o
 .debug_abbrev  0x0000350e      0x237 ./Drivers/STM32H5xx_HAL_Driver/Src/stm32h5xx_ll_usb.o

.debug_aranges  0x00000000     0x1c68
 .debug_aranges
                0x00000000       0x80 ./Core/Src/main.o
 .debug_aranges
                0x00000080       0x80 ./Core/Src/stm32h5xx_hal_msp.o
 .debug_aranges
                0x00000100       0x60 ./Core/Src/stm32h5xx_it.o
 .debug_aranges
                0x00000160       0x28 ./Core/Src/system_stm32h5xx.o
 .debug_aranges
                0x00000188       0x28 ./Core/Startup/startup_stm32h503cbtx.o
 .debug_aranges
                0x000001b0      0x1a0 ./Drivers/STM32H5xx_HAL_Driver/Src/stm32h5xx_hal.o
 .debug_aranges
                0x00000350      0x248 ./Drivers/STM32H5xx_HAL_Driver/Src/stm32h5xx_hal_adc.o
 .debug_aranges
                0x00000598      0x198 ./Drivers/STM32H5xx_HAL_Driver/Src/stm32h5xx_hal_adc_ex.o
 .debug_aranges
                0x00000730      0x140 ./Drivers/STM32H5xx_HAL_Driver/Src/stm32h5xx_hal_cortex.o
 .debug_aranges
                0x00000870      0x208 ./Drivers/STM32H5xx_HAL_Driver/Src/stm32h5xx_hal_fdcan.o
 .debug_aranges
                0x00000a78       0x88 ./Drivers/STM32H5xx_HAL_Driver/Src/stm32h5xx_hal_flash.o
 .debug_aranges
                0x00000b00       0x78 ./Drivers/STM32H5xx_HAL_Driver/Src/stm32h5xx_hal_gpio.o
 .debug_aranges
                0x00000b78      0x2a0 ./Drivers/STM32H5xx_HAL_Driver/Src/stm32h5xx_hal_i2c.o
 .debug_aranges
                0x00000e18       0x40 ./Drivers/STM32H5xx_HAL_Driver/Src/stm32h5xx_hal_i2c_ex.o
 .debug_aranges
                0x00000e58       0x98 ./Drivers/STM32H5xx_HAL_Driver/Src/stm32h5xx_hal_icache.o
 .debug_aranges
                0x00000ef0      0x150 ./Drivers/STM32H5xx_HAL_Driver/Src/stm32h5xx_hal_pcd.o
 .debug_aranges
                0x00001040       0x58 ./Drivers/STM32H5xx_HAL_Driver/Src/stm32h5xx_hal_pcd_ex.o
 .debug_aranges
                0x00001098       0xa0 ./Drivers/STM32H5xx_HAL_Driver/Src/stm32h5xx_hal_rcc.o
 .debug_aranges
                0x00001138       0xe8 ./Drivers/STM32H5xx_HAL_Driver/Src/stm32h5xx_hal_rcc_ex.o
 .debug_aranges
                0x00001220      0x3e8 ./Drivers/STM32H5xx_HAL_Driver/Src/stm32h5xx_hal_tim.o
 .debug_aranges
                0x00001608      0x240 ./Drivers/STM32H5xx_HAL_Driver/Src/stm32h5xx_hal_tim_ex.o
 .debug_aranges
                0x00001848      0x248 ./Drivers/STM32H5xx_HAL_Driver/Src/stm32h5xx_hal_uart.o
 .debug_aranges
                0x00001a90       0xa8 ./Drivers/STM32H5xx_HAL_Driver/Src/stm32h5xx_hal_uart_ex.o
 .debug_aranges
                0x00001b38      0x130 ./Drivers/STM32H5xx_HAL_Driver/Src/stm32h5xx_ll_usb.o

.debug_rnglists
                0x00000000     0x1625
 .debug_rnglists
                0x00000000       0x63 ./Core/Src/main.o
 .debug_rnglists
                0x00000063       0x5f ./Core/Src/stm32h5xx_hal_msp.o
 .debug_rnglists
                0x000000c2       0x43 ./Core/Src/stm32h5xx_it.o
 .debug_rnglists
                0x00000105       0x1b ./Core/Src/system_stm32h5xx.o
 .debug_rnglists
                0x00000120       0x19 ./Core/Startup/startup_stm32h503cbtx.o
 .debug_rnglists
                0x00000139      0x134 ./Drivers/STM32H5xx_HAL_Driver/Src/stm32h5xx_hal.o
 .debug_rnglists
                0x0000026d      0x1c0 ./Drivers/STM32H5xx_HAL_Driver/Src/stm32h5xx_hal_adc.o
 .debug_rnglists
                0x0000042d      0x138 ./Drivers/STM32H5xx_HAL_Driver/Src/stm32h5xx_hal_adc_ex.o
 .debug_rnglists
                0x00000565       0xec ./Drivers/STM32H5xx_HAL_Driver/Src/stm32h5xx_hal_cortex.o
 .debug_rnglists
                0x00000651      0x18d ./Drivers/STM32H5xx_HAL_Driver/Src/stm32h5xx_hal_fdcan.o
 .debug_rnglists
                0x000007de       0x63 ./Drivers/STM32H5xx_HAL_Driver/Src/stm32h5xx_hal_flash.o
 .debug_rnglists
                0x00000841       0x57 ./Drivers/STM32H5xx_HAL_Driver/Src/stm32h5xx_hal_gpio.o
 .debug_rnglists
                0x00000898      0x228 ./Drivers/STM32H5xx_HAL_Driver/Src/stm32h5xx_hal_i2c.o
 .debug_rnglists
                0x00000ac0       0x30 ./Drivers/STM32H5xx_HAL_Driver/Src/stm32h5xx_hal_i2c_ex.o
 .debug_rnglists
                0x00000af0       0x6d ./Drivers/STM32H5xx_HAL_Driver/Src/stm32h5xx_hal_icache.o
 .debug_rnglists
                0x00000b5d      0x100 ./Drivers/STM32H5xx_HAL_Driver/Src/stm32h5xx_hal_pcd.o
 .debug_rnglists
                0x00000c5d       0x3f ./Drivers/STM32H5xx_HAL_Driver/Src/stm32h5xx_hal_pcd_ex.o
 .debug_rnglists
                0x00000c9c       0x79 ./Drivers/STM32H5xx_HAL_Driver/Src/stm32h5xx_hal_rcc.o
 .debug_rnglists
                0x00000d15       0xb4 ./Drivers/STM32H5xx_HAL_Driver/Src/stm32h5xx_hal_rcc_ex.o
 .debug_rnglists
                0x00000dc9      0x32e ./Drivers/STM32H5xx_HAL_Driver/Src/stm32h5xx_hal_tim.o
 .debug_rnglists
                0x000010f7      0x1cb ./Drivers/STM32H5xx_HAL_Driver/Src/stm32h5xx_hal_tim_ex.o
 .debug_rnglists
                0x000012c2      0x1f9 ./Drivers/STM32H5xx_HAL_Driver/Src/stm32h5xx_hal_uart.o
 .debug_rnglists
                0x000014bb       0x7f ./Drivers/STM32H5xx_HAL_Driver/Src/stm32h5xx_hal_uart_ex.o
 .debug_rnglists
                0x0000153a       0xeb ./Drivers/STM32H5xx_HAL_Driver/Src/stm32h5xx_ll_usb.o

.debug_macro    0x00000000    0x248ed
 .debug_macro   0x00000000      0x2f0 ./Core/Src/main.o
 .debug_macro   0x000002f0      0xaba ./Core/Src/main.o
 .debug_macro   0x00000daa      0x1e8 ./Core/Src/main.o
 .debug_macro   0x00000f92       0x22 ./Core/Src/main.o
 .debug_macro   0x00000fb4       0x5b ./Core/Src/main.o
 .debug_macro   0x0000100f       0x2a ./Core/Src/main.o
 .debug_macro   0x00001039       0x94 ./Core/Src/main.o
 .debug_macro   0x000010cd       0x43 ./Core/Src/main.o
 .debug_macro   0x00001110       0x34 ./Core/Src/main.o
 .debug_macro   0x00001144      0x189 ./Core/Src/main.o
 .debug_macro   0x000012cd       0x16 ./Core/Src/main.o
 .debug_macro   0x000012e3       0x43 ./Core/Src/main.o
 .debug_macro   0x00001326       0x57 ./Core/Src/main.o
 .debug_macro   0x0000137d       0x34 ./Core/Src/main.o
 .debug_macro   0x000013b1       0x10 ./Core/Src/main.o
 .debug_macro   0x000013c1       0x58 ./Core/Src/main.o
 .debug_macro   0x00001419       0x8e ./Core/Src/main.o
 .debug_macro   0x000014a7       0x1c ./Core/Src/main.o
 .debug_macro   0x000014c3      0x177 ./Core/Src/main.o
 .debug_macro   0x0000163a      0x369 ./Core/Src/main.o
 .debug_macro   0x000019a3      0x19b ./Core/Src/main.o
 .debug_macro   0x00001b3e       0x28 ./Core/Src/main.o
 .debug_macro   0x00001b66       0x42 ./Core/Src/main.o
 .debug_macro   0x00001ba8      0x103 ./Core/Src/main.o
 .debug_macro   0x00001cab       0x6a ./Core/Src/main.o
 .debug_macro   0x00001d15      0x1df ./Core/Src/main.o
 .debug_macro   0x00001ef4       0x1c ./Core/Src/main.o
 .debug_macro   0x00001f10       0x29 ./Core/Src/main.o
 .debug_macro   0x00001f39       0xfb ./Core/Src/main.o
 .debug_macro   0x00002034     0x1685 ./Core/Src/main.o
 .debug_macro   0x000036b9       0x5e ./Core/Src/main.o
 .debug_macro   0x00003717    0x11feb ./Core/Src/main.o
 .debug_macro   0x00015702       0x6d ./Core/Src/main.o
 .debug_macro   0x0001576f     0x388a ./Core/Src/main.o
 .debug_macro   0x00018ff9       0x63 ./Core/Src/main.o
 .debug_macro   0x0001905c     0x146a ./Core/Src/main.o
 .debug_macro   0x0001a4c6      0x75e ./Core/Src/main.o
 .debug_macro   0x0001ac24      0x166 ./Core/Src/main.o
 .debug_macro   0x0001ad8a      0x1ad ./Core/Src/main.o
 .debug_macro   0x0001af37       0x6e ./Core/Src/main.o
 .debug_macro   0x0001afa5      0x527 ./Core/Src/main.o
 .debug_macro   0x0001b4cc      0x40f ./Core/Src/main.o
 .debug_macro   0x0001b8db       0xd6 ./Core/Src/main.o
 .debug_macro   0x0001b9b1      0x1cd ./Core/Src/main.o
 .debug_macro   0x0001bb7e      0xdd7 ./Core/Src/main.o
 .debug_macro   0x0001c955      0x64e ./Core/Src/main.o
 .debug_macro   0x0001cfa3      0x22c ./Core/Src/main.o
 .debug_macro   0x0001d1cf      0x1c3 ./Core/Src/main.o
 .debug_macro   0x0001d392      0x4e8 ./Core/Src/main.o
 .debug_macro   0x0001d87a       0x58 ./Core/Src/main.o
 .debug_macro   0x0001d8d2      0x22c ./Core/Src/main.o
 .debug_macro   0x0001dafe       0x35 ./Core/Src/main.o
 .debug_macro   0x0001db33       0xa5 ./Core/Src/main.o
 .debug_macro   0x0001dbd8      0x272 ./Core/Src/main.o
 .debug_macro   0x0001de4a      0x1a6 ./Core/Src/main.o
 .debug_macro   0x0001dff0      0xbe8 ./Core/Src/main.o
 .debug_macro   0x0001ebd8      0x2bd ./Core/Src/main.o
 .debug_macro   0x0001ee95      0x693 ./Core/Src/main.o
 .debug_macro   0x0001f528       0xa6 ./Core/Src/main.o
 .debug_macro   0x0001f5ce      0x23f ./Core/Src/main.o
 .debug_macro   0x0001f80d      0x169 ./Core/Src/main.o
 .debug_macro   0x0001f976      0x20a ./Core/Src/main.o
 .debug_macro   0x0001fb80      0x6bd ./Core/Src/main.o
 .debug_macro   0x0002023d      0x31f ./Core/Src/main.o
 .debug_macro   0x0002055c       0xe8 ./Core/Src/main.o
 .debug_macro   0x00020644      0x2f0 ./Core/Src/stm32h5xx_hal_msp.o
 .debug_macro   0x00020934      0x2fa ./Core/Src/stm32h5xx_it.o
 .debug_macro   0x00020c2e      0x2e8 ./Core/Src/system_stm32h5xx.o
 .debug_macro   0x00020f16      0x311 ./Drivers/STM32H5xx_HAL_Driver/Src/stm32h5xx_hal.o
 .debug_macro   0x00021227      0x2fe ./Drivers/STM32H5xx_HAL_Driver/Src/stm32h5xx_hal_adc.o
 .debug_macro   0x00021525      0x2ed ./Drivers/STM32H5xx_HAL_Driver/Src/stm32h5xx_hal_adc_ex.o
 .debug_macro   0x00021812      0x2e1 ./Drivers/STM32H5xx_HAL_Driver/Src/stm32h5xx_hal_cortex.o
 .debug_macro   0x00021af3      0x3f3 ./Drivers/STM32H5xx_HAL_Driver/Src/stm32h5xx_hal_fdcan.o
 .debug_macro   0x00021ee6      0x2e1 ./Drivers/STM32H5xx_HAL_Driver/Src/stm32h5xx_hal_flash.o
 .debug_macro   0x000221c7      0x317 ./Drivers/STM32H5xx_HAL_Driver/Src/stm32h5xx_hal_gpio.o
 .debug_macro   0x000224de      0x3ad ./Drivers/STM32H5xx_HAL_Driver/Src/stm32h5xx_hal_i2c.o
 .debug_macro   0x0002288b      0x2e1 ./Drivers/STM32H5xx_HAL_Driver/Src/stm32h5xx_hal_i2c_ex.o
 .debug_macro   0x00022b6c      0x2f9 ./Drivers/STM32H5xx_HAL_Driver/Src/stm32h5xx_hal_icache.o
 .debug_macro   0x00022e65      0x2ed ./Drivers/STM32H5xx_HAL_Driver/Src/stm32h5xx_hal_pcd.o
 .debug_macro   0x00023152      0x2e1 ./Drivers/STM32H5xx_HAL_Driver/Src/stm32h5xx_hal_pcd_ex.o
 .debug_macro   0x00023433      0x323 ./Drivers/STM32H5xx_HAL_Driver/Src/stm32h5xx_hal_rcc.o
 .debug_macro   0x00023756      0x2ed ./Drivers/STM32H5xx_HAL_Driver/Src/stm32h5xx_hal_rcc_ex.o
 .debug_macro   0x00023a43      0x2e9 ./Drivers/STM32H5xx_HAL_Driver/Src/stm32h5xx_hal_tim.o
 .debug_macro   0x00023d2c      0x2e7 ./Drivers/STM32H5xx_HAL_Driver/Src/stm32h5xx_hal_tim_ex.o
 .debug_macro   0x00024013      0x30c ./Drivers/STM32H5xx_HAL_Driver/Src/stm32h5xx_hal_uart.o
 .debug_macro   0x0002431f      0x2ed ./Drivers/STM32H5xx_HAL_Driver/Src/stm32h5xx_hal_uart_ex.o
 .debug_macro   0x0002460c      0x2e1 ./Drivers/STM32H5xx_HAL_Driver/Src/stm32h5xx_ll_usb.o

.debug_line     0x00000000    0x21d49
 .debug_line    0x00000000      0xdfa ./Core/Src/main.o
 .debug_line    0x00000dfa      0xb0c ./Core/Src/stm32h5xx_hal_msp.o
 .debug_line    0x00001906      0x9c8 ./Core/Src/stm32h5xx_it.o
 .debug_line    0x000022ce      0xa77 ./Core/Src/system_stm32h5xx.o
 .debug_line    0x00002d45       0x77 ./Core/Startup/startup_stm32h503cbtx.o
 .debug_line    0x00002dbc      0xec7 ./Drivers/STM32H5xx_HAL_Driver/Src/stm32h5xx_hal.o
 .debug_line    0x00003c83     0x1ffe ./Drivers/STM32H5xx_HAL_Driver/Src/stm32h5xx_hal_adc.o
 .debug_line    0x00005c81     0x17e6 ./Drivers/STM32H5xx_HAL_Driver/Src/stm32h5xx_hal_adc_ex.o
 .debug_line    0x00007467      0xf76 ./Drivers/STM32H5xx_HAL_Driver/Src/stm32h5xx_hal_cortex.o
 .debug_line    0x000083dd     0x1b11 ./Drivers/STM32H5xx_HAL_Driver/Src/stm32h5xx_hal_fdcan.o
 .debug_line    0x00009eee      0xc43 ./Drivers/STM32H5xx_HAL_Driver/Src/stm32h5xx_hal_flash.o
 .debug_line    0x0000ab31      0xd02 ./Drivers/STM32H5xx_HAL_Driver/Src/stm32h5xx_hal_gpio.o
 .debug_line    0x0000b833     0x3ec0 ./Drivers/STM32H5xx_HAL_Driver/Src/stm32h5xx_hal_i2c.o
 .debug_line    0x0000f6f3      0xb55 ./Drivers/STM32H5xx_HAL_Driver/Src/stm32h5xx_hal_i2c_ex.o
 .debug_line    0x00010248      0xb3d ./Drivers/STM32H5xx_HAL_Driver/Src/stm32h5xx_hal_icache.o
 .debug_line    0x00010d85     0x164a ./Drivers/STM32H5xx_HAL_Driver/Src/stm32h5xx_hal_pcd.o
 .debug_line    0x000123cf      0xa9b ./Drivers/STM32H5xx_HAL_Driver/Src/stm32h5xx_hal_pcd_ex.o
 .debug_line    0x00012e6a     0x1361 ./Drivers/STM32H5xx_HAL_Driver/Src/stm32h5xx_hal_rcc.o
 .debug_line    0x000141cb     0x1c4b ./Drivers/STM32H5xx_HAL_Driver/Src/stm32h5xx_hal_rcc_ex.o
 .debug_line    0x00015e16     0x3da2 ./Drivers/STM32H5xx_HAL_Driver/Src/stm32h5xx_hal_tim.o
 .debug_line    0x00019bb8     0x20e5 ./Drivers/STM32H5xx_HAL_Driver/Src/stm32h5xx_hal_tim_ex.o
 .debug_line    0x0001bc9d     0x3a06 ./Drivers/STM32H5xx_HAL_Driver/Src/stm32h5xx_hal_uart.o
 .debug_line    0x0001f6a3      0xf5c ./Drivers/STM32H5xx_HAL_Driver/Src/stm32h5xx_hal_uart_ex.o
 .debug_line    0x000205ff     0x174a ./Drivers/STM32H5xx_HAL_Driver/Src/stm32h5xx_ll_usb.o

.debug_str      0x00000000    0xeb32a
 .debug_str     0x00000000    0xe2aef ./Core/Src/main.o
                              0xe3323 (size before relaxing)
 .debug_str     0x000e2aef      0x13b ./Core/Src/stm32h5xx_hal_msp.o
                              0xe2b2a (size before relaxing)
 .debug_str     0x000e2c2a       0xc9 ./Core/Src/stm32h5xx_it.o
                              0xe110a (size before relaxing)
 .debug_str     0x000e2cf3      0x1bd ./Core/Src/system_stm32h5xx.o
                              0xe11d6 (size before relaxing)
 .debug_str     0x000e2eb0       0x44 ./Core/Startup/startup_stm32h503cbtx.o
                                 0x95 (size before relaxing)
 .debug_str     0x000e2ef4      0xd04 ./Drivers/STM32H5xx_HAL_Driver/Src/stm32h5xx_hal.o
                              0xe1d49 (size before relaxing)
 .debug_str     0x000e3bf8      0xc34 ./Drivers/STM32H5xx_HAL_Driver/Src/stm32h5xx_hal_adc.o
                              0xe2137 (size before relaxing)
 .debug_str     0x000e482c      0x597 ./Drivers/STM32H5xx_HAL_Driver/Src/stm32h5xx_hal_adc_ex.o
                              0xe1db2 (size before relaxing)
 .debug_str     0x000e4dc3      0x3f8 ./Drivers/STM32H5xx_HAL_Driver/Src/stm32h5xx_hal_cortex.o
                              0xe1ab3 (size before relaxing)
 .debug_str     0x000e51bb     0x1333 ./Drivers/STM32H5xx_HAL_Driver/Src/stm32h5xx_hal_fdcan.o
                              0xe24b3 (size before relaxing)
 .debug_str     0x000e64ee      0x26c ./Drivers/STM32H5xx_HAL_Driver/Src/stm32h5xx_hal_flash.o
                              0xe1201 (size before relaxing)
 .debug_str     0x000e675a      0x2a3 ./Drivers/STM32H5xx_HAL_Driver/Src/stm32h5xx_hal_gpio.o
                              0xe10b4 (size before relaxing)
 .debug_str     0x000e69fd      0xef9 ./Drivers/STM32H5xx_HAL_Driver/Src/stm32h5xx_hal_i2c.o
                              0xe2306 (size before relaxing)
 .debug_str     0x000e78f6       0x87 ./Drivers/STM32H5xx_HAL_Driver/Src/stm32h5xx_hal_i2c_ex.o
                              0xe1427 (size before relaxing)
 .debug_str     0x000e797d      0x30e ./Drivers/STM32H5xx_HAL_Driver/Src/stm32h5xx_hal_icache.o
                              0xe1066 (size before relaxing)
 .debug_str     0x000e7c8b      0x60a ./Drivers/STM32H5xx_HAL_Driver/Src/stm32h5xx_hal_pcd.o
                              0xe1733 (size before relaxing)
 .debug_str     0x000e8295      0x186 ./Drivers/STM32H5xx_HAL_Driver/Src/stm32h5xx_hal_pcd_ex.o
                              0xe12bb (size before relaxing)
 .debug_str     0x000e841b      0x38a ./Drivers/STM32H5xx_HAL_Driver/Src/stm32h5xx_hal_rcc.o
                              0xe1716 (size before relaxing)
 .debug_str     0x000e87a5      0x5a6 ./Drivers/STM32H5xx_HAL_Driver/Src/stm32h5xx_hal_rcc_ex.o
                              0xe186d (size before relaxing)
 .debug_str     0x000e8d4b      0xf1b ./Drivers/STM32H5xx_HAL_Driver/Src/stm32h5xx_hal_tim.o
                              0xe2502 (size before relaxing)
 .debug_str     0x000e9c66      0x80d ./Drivers/STM32H5xx_HAL_Driver/Src/stm32h5xx_hal_tim_ex.o
                              0xe212c (size before relaxing)
 .debug_str     0x000ea473      0x92c ./Drivers/STM32H5xx_HAL_Driver/Src/stm32h5xx_hal_uart.o
                              0xe1d99 (size before relaxing)
 .debug_str     0x000ead9f      0x264 ./Drivers/STM32H5xx_HAL_Driver/Src/stm32h5xx_hal_uart_ex.o
                              0xe176a (size before relaxing)
 .debug_str     0x000eb003      0x327 ./Drivers/STM32H5xx_HAL_Driver/Src/stm32h5xx_ll_usb.o
                              0xe1493 (size before relaxing)

.comment        0x00000000       0x43
 .comment       0x00000000       0x43 ./Core/Src/main.o
                                 0x44 (size before relaxing)
 .comment       0x00000043       0x44 ./Core/Src/stm32h5xx_hal_msp.o
 .comment       0x00000043       0x44 ./Core/Src/stm32h5xx_it.o
 .comment       0x00000043       0x44 ./Core/Src/system_stm32h5xx.o
 .comment       0x00000043       0x44 ./Drivers/STM32H5xx_HAL_Driver/Src/stm32h5xx_hal.o
 .comment       0x00000043       0x44 ./Drivers/STM32H5xx_HAL_Driver/Src/stm32h5xx_hal_adc.o
 .comment       0x00000043       0x44 ./Drivers/STM32H5xx_HAL_Driver/Src/stm32h5xx_hal_adc_ex.o
 .comment       0x00000043       0x44 ./Drivers/STM32H5xx_HAL_Driver/Src/stm32h5xx_hal_cortex.o
 .comment       0x00000043       0x44 ./Drivers/STM32H5xx_HAL_Driver/Src/stm32h5xx_hal_fdcan.o
 .comment       0x00000043       0x44 ./Drivers/STM32H5xx_HAL_Driver/Src/stm32h5xx_hal_flash.o
 .comment       0x00000043       0x44 ./Drivers/STM32H5xx_HAL_Driver/Src/stm32h5xx_hal_gpio.o
 .comment       0x00000043       0x44 ./Drivers/STM32H5xx_HAL_Driver/Src/stm32h5xx_hal_i2c.o
 .comment       0x00000043       0x44 ./Drivers/STM32H5xx_HAL_Driver/Src/stm32h5xx_hal_i2c_ex.o
 .comment       0x00000043       0x44 ./Drivers/STM32H5xx_HAL_Driver/Src/stm32h5xx_hal_icache.o
 .comment       0x00000043       0x44 ./Drivers/STM32H5xx_HAL_Driver/Src/stm32h5xx_hal_pcd.o
 .comment       0x00000043       0x44 ./Drivers/STM32H5xx_HAL_Driver/Src/stm32h5xx_hal_pcd_ex.o
 .comment       0x00000043       0x44 ./Drivers/STM32H5xx_HAL_Driver/Src/stm32h5xx_hal_rcc.o
 .comment       0x00000043       0x44 ./Drivers/STM32H5xx_HAL_Driver/Src/stm32h5xx_hal_rcc_ex.o
 .comment       0x00000043       0x44 ./Drivers/STM32H5xx_HAL_Driver/Src/stm32h5xx_hal_tim.o
 .comment       0x00000043       0x44 ./Drivers/STM32H5xx_HAL_Driver/Src/stm32h5xx_hal_tim_ex.o
 .comment       0x00000043       0x44 ./Drivers/STM32H5xx_HAL_Driver/Src/stm32h5xx_hal_uart.o
 .comment       0x00000043       0x44 ./Drivers/STM32H5xx_HAL_Driver/Src/stm32h5xx_hal_uart_ex.o
 .comment       0x00000043       0x44 ./Drivers/STM32H5xx_HAL_Driver/Src/stm32h5xx_ll_usb.o

.debug_frame    0x00000000     0x7e9c
 .debug_frame   0x00000000      0x1a0 ./Core/Src/main.o
 .debug_frame   0x000001a0      0x1f4 ./Core/Src/stm32h5xx_hal_msp.o
 .debug_frame   0x00000394      0x104 ./Core/Src/stm32h5xx_it.o
 .debug_frame   0x00000498       0x60 ./Core/Src/system_stm32h5xx.o
 .debug_frame   0x000004f8      0x66c ./Drivers/STM32H5xx_HAL_Driver/Src/stm32h5xx_hal.o
 .debug_frame   0x00000b64      0xacc ./Drivers/STM32H5xx_HAL_Driver/Src/stm32h5xx_hal_adc.o
 .debug_frame   0x00001630      0x754 ./Drivers/STM32H5xx_HAL_Driver/Src/stm32h5xx_hal_adc_ex.o
 .debug_frame   0x00001d84      0x560 ./Drivers/STM32H5xx_HAL_Driver/Src/stm32h5xx_hal_cortex.o
 .debug_frame   0x000022e4      0x9b0 ./Drivers/STM32H5xx_HAL_Driver/Src/stm32h5xx_hal_fdcan.o
 .debug_frame   0x00002c94      0x214 ./Drivers/STM32H5xx_HAL_Driver/Src/stm32h5xx_hal_flash.o
 .debug_frame   0x00002ea8      0x1ec ./Drivers/STM32H5xx_HAL_Driver/Src/stm32h5xx_hal_gpio.o
 .debug_frame   0x00003094      0xc44 ./Drivers/STM32H5xx_HAL_Driver/Src/stm32h5xx_hal_i2c.o
 .debug_frame   0x00003cd8       0xd8 ./Drivers/STM32H5xx_HAL_Driver/Src/stm32h5xx_hal_i2c_ex.o
 .debug_frame   0x00003db0      0x248 ./Drivers/STM32H5xx_HAL_Driver/Src/stm32h5xx_hal_icache.o
 .debug_frame   0x00003ff8      0x5e0 ./Drivers/STM32H5xx_HAL_Driver/Src/stm32h5xx_hal_pcd.o
 .debug_frame   0x000045d8      0x14c ./Drivers/STM32H5xx_HAL_Driver/Src/stm32h5xx_hal_pcd_ex.o
 .debug_frame   0x00004724      0x264 ./Drivers/STM32H5xx_HAL_Driver/Src/stm32h5xx_hal_rcc.o
 .debug_frame   0x00004988      0x3d8 ./Drivers/STM32H5xx_HAL_Driver/Src/stm32h5xx_hal_rcc_ex.o
 .debug_frame   0x00004d60     0x124c ./Drivers/STM32H5xx_HAL_Driver/Src/stm32h5xx_hal_tim.o
 .debug_frame   0x00005fac      0xa68 ./Drivers/STM32H5xx_HAL_Driver/Src/stm32h5xx_hal_tim_ex.o
 .debug_frame   0x00006a14      0xa84 ./Drivers/STM32H5xx_HAL_Driver/Src/stm32h5xx_hal_uart.o
 .debug_frame   0x00007498      0x2c4 ./Drivers/STM32H5xx_HAL_Driver/Src/stm32h5xx_hal_uart_ex.o
 .debug_frame   0x0000775c      0x590 ./Drivers/STM32H5xx_HAL_Driver/Src/stm32h5xx_ll_usb.o
 .debug_frame   0x00007cec       0x20 /Applications/STM32CubeIDE.app/Contents/Eclipse/plugins/com.st.stm32cube.ide.mcu.externaltools.gnu-tools-for-stm32.12.3.rel1.macos64_1.1.0.202410301201/tools/bin/../lib/gcc/arm-none-eabi/12.3.1/../../../../arm-none-eabi/lib/thumb/v8-m.main+fp/hard/libc_nano.a(libc_a-memset.o)
 .debug_frame   0x00007d0c       0x2c /Applications/STM32CubeIDE.app/Contents/Eclipse/plugins/com.st.stm32cube.ide.mcu.externaltools.gnu-tools-for-stm32.12.3.rel1.macos64_1.1.0.202410301201/tools/bin/../lib/gcc/arm-none-eabi/12.3.1/../../../../arm-none-eabi/lib/thumb/v8-m.main+fp/hard/libc_nano.a(libc_a-init.o)
 .debug_frame   0x00007d38       0x30 /Applications/STM32CubeIDE.app/Contents/Eclipse/plugins/com.st.stm32cube.ide.mcu.externaltools.gnu-tools-for-stm32.12.3.rel1.macos64_1.1.0.202410301201/tools/bin/../lib/gcc/arm-none-eabi/12.3.1/thumb/v8-m.main+fp/hard/libgcc.a(_arm_muldf3.o)
 .debug_frame   0x00007d68       0xac /Applications/STM32CubeIDE.app/Contents/Eclipse/plugins/com.st.stm32cube.ide.mcu.externaltools.gnu-tools-for-stm32.12.3.rel1.macos64_1.1.0.202410301201/tools/bin/../lib/gcc/arm-none-eabi/12.3.1/thumb/v8-m.main+fp/hard/libgcc.a(_arm_addsubdf3.o)
 .debug_frame   0x00007e14       0x24 /Applications/STM32CubeIDE.app/Contents/Eclipse/plugins/com.st.stm32cube.ide.mcu.externaltools.gnu-tools-for-stm32.12.3.rel1.macos64_1.1.0.202410301201/tools/bin/../lib/gcc/arm-none-eabi/12.3.1/thumb/v8-m.main+fp/hard/libgcc.a(_arm_truncdfsf2.o)
 .debug_frame   0x00007e38       0x2c /Applications/STM32CubeIDE.app/Contents/Eclipse/plugins/com.st.stm32cube.ide.mcu.externaltools.gnu-tools-for-stm32.12.3.rel1.macos64_1.1.0.202410301201/tools/bin/../lib/gcc/arm-none-eabi/12.3.1/thumb/v8-m.main+fp/hard/libgcc.a(_aeabi_uldivmod.o)
 .debug_frame   0x00007e64       0x38 /Applications/STM32CubeIDE.app/Contents/Eclipse/plugins/com.st.stm32cube.ide.mcu.externaltools.gnu-tools-for-stm32.12.3.rel1.macos64_1.1.0.202410301201/tools/bin/../lib/gcc/arm-none-eabi/12.3.1/thumb/v8-m.main+fp/hard/libgcc.a(_udivmoddi4.o)

.debug_line_str
                0x00000000       0x79
 .debug_line_str
                0x00000000       0x79 ./Core/Startup/startup_stm32h503cbtx.o
