../Drivers/STM32H5xx_HAL_Driver/Inc/stm32h5xx_hal_pcd.h:647:26:PCD_GET_EP_DBUF0_CNT.isra	8	static
../Drivers/STM32H5xx_HAL_Driver/Inc/stm32h5xx_hal_pcd.h:604:26:PCD_GET_EP_RX_CNT.isra	8	static
../Drivers/STM32H5xx_HAL_Driver/Src/stm32h5xx_hal_pcd.c:304:13:HAL_PCD_MspInit	0	static
../Drivers/STM32H5xx_HAL_Driver/Src/stm32h5xx_hal_pcd.c:132:19:HAL_PCD_Init	32	static
../Drivers/STM32H5xx_HAL_Driver/Src/stm32h5xx_hal_pcd.c:319:13:HAL_PCD_MspDeInit	0	static
../Drivers/STM32H5xx_HAL_Driver/Src/stm32h5xx_hal_pcd.c:265:19:HAL_PCD_DeInit	16	static
../Drivers/STM32H5xx_HAL_Driver/Src/stm32h5xx_hal_pcd.c:1022:19:HAL_PCD_Start	8	static
../Drivers/STM32H5xx_HAL_Driver/Src/stm32h5xx_hal_pcd.c:1048:19:HAL_PCD_Stop	8	static
../Drivers/STM32H5xx_HAL_Driver/Src/stm32h5xx_hal_pcd.c:1688:13:HAL_PCD_DataOutStageCallback	0	static
../Drivers/STM32H5xx_HAL_Driver/Src/stm32h5xx_hal_pcd.c:1705:13:HAL_PCD_DataInStageCallback	0	static
../Drivers/STM32H5xx_HAL_Driver/Src/stm32h5xx_hal_pcd.c:1720:13:HAL_PCD_SetupStageCallback	0	static
../Drivers/STM32H5xx_HAL_Driver/Src/stm32h5xx_hal_pcd.c:1735:13:HAL_PCD_SOFCallback	0	static
../Drivers/STM32H5xx_HAL_Driver/Src/stm32h5xx_hal_pcd.c:1750:13:HAL_PCD_ResetCallback	0	static
../Drivers/STM32H5xx_HAL_Driver/Src/stm32h5xx_hal_pcd.c:1765:13:HAL_PCD_SuspendCallback	0	static
../Drivers/STM32H5xx_HAL_Driver/Src/stm32h5xx_hal_pcd.c:1780:13:HAL_PCD_ResumeCallback	0	static
../Drivers/STM32H5xx_HAL_Driver/Src/stm32h5xx_hal_pcd.c:1796:13:HAL_PCD_ISOOUTIncompleteCallback	0	static
../Drivers/STM32H5xx_HAL_Driver/Src/stm32h5xx_hal_pcd.c:1813:13:HAL_PCD_ISOINIncompleteCallback	0	static
../Drivers/STM32H5xx_HAL_Driver/Src/stm32h5xx_hal_pcd.c:1829:13:HAL_PCD_ConnectCallback	0	static
../Drivers/STM32H5xx_HAL_Driver/Src/stm32h5xx_hal_pcd.c:1844:13:HAL_PCD_DisconnectCallback	0	static
../Drivers/STM32H5xx_HAL_Driver/Src/stm32h5xx_hal_pcd.c:1878:19:HAL_PCD_DevConnect	8	static
../Drivers/STM32H5xx_HAL_Driver/Src/stm32h5xx_hal_pcd.c:1905:19:HAL_PCD_DevDisconnect	8	static
../Drivers/STM32H5xx_HAL_Driver/Src/stm32h5xx_hal_pcd.c:1933:19:HAL_PCD_SetAddress	8	static
../Drivers/STM32H5xx_HAL_Driver/Src/stm32h5xx_hal_pcd.c:1542:6:HAL_PCD_IRQHandler	48	static
../Drivers/STM32H5xx_HAL_Driver/Src/stm32h5xx_hal_pcd.c:1950:19:HAL_PCD_EP_Open	16	static
../Drivers/STM32H5xx_HAL_Driver/Src/stm32h5xx_hal_pcd.c:1998:19:HAL_PCD_EP_Close	8	static
../Drivers/STM32H5xx_HAL_Driver/Src/stm32h5xx_hal_pcd.c:2029:19:HAL_PCD_EP_Receive	16	static
../Drivers/STM32H5xx_HAL_Driver/Src/stm32h5xx_hal_pcd.c:2062:10:HAL_PCD_EP_GetRxCount	0	static
../Drivers/STM32H5xx_HAL_Driver/Src/stm32h5xx_hal_pcd.c:2074:19:HAL_PCD_EP_Transmit	24	static
../Drivers/STM32H5xx_HAL_Driver/Src/stm32h5xx_hal_pcd.c:2111:19:HAL_PCD_EP_SetStall	16	static
../Drivers/STM32H5xx_HAL_Driver/Src/stm32h5xx_hal_pcd.c:2156:19:HAL_PCD_EP_ClrStall	16	static
../Drivers/STM32H5xx_HAL_Driver/Src/stm32h5xx_hal_pcd.c:2192:19:HAL_PCD_EP_Abort	0	static
../Drivers/STM32H5xx_HAL_Driver/Src/stm32h5xx_hal_pcd.c:2218:19:HAL_PCD_EP_Flush	8	static
../Drivers/STM32H5xx_HAL_Driver/Src/stm32h5xx_hal_pcd.c:2241:19:HAL_PCD_ActivateRemoteWakeup	0	static
../Drivers/STM32H5xx_HAL_Driver/Src/stm32h5xx_hal_pcd.c:2251:19:HAL_PCD_DeActivateRemoteWakeup	0	static
../Drivers/STM32H5xx_HAL_Driver/Src/stm32h5xx_hal_pcd.c:2280:18:HAL_PCD_GetState	0	static
