Archive member included to satisfy reference by file (symbol)

C:/ST/STM32CubeIDE_1.18.0/STM32CubeIDE/plugins/com.st.stm32cube.ide.mcu.externaltools.gnu-tools-for-stm32.13.3.rel1.win32_1.0.0.202411081344/tools/bin/../lib/gcc/arm-none-eabi/13.3.1/../../../../arm-none-eabi/lib/thumb/v8-m.main+fp/hard\libc_nano.a(libc_a-exit.o)
                              C:/ST/STM32CubeIDE_1.18.0/STM32CubeIDE/plugins/com.st.stm32cube.ide.mcu.externaltools.gnu-tools-for-stm32.13.3.rel1.win32_1.0.0.202411081344/tools/bin/../lib/gcc/arm-none-eabi/13.3.1/../../../../arm-none-eabi/lib/thumb/v8-m.main+fp/hard/crt0.o (exit)
C:/ST/STM32CubeIDE_1.18.0/STM32CubeIDE/plugins/com.st.stm32cube.ide.mcu.externaltools.gnu-tools-for-stm32.13.3.rel1.win32_1.0.0.202411081344/tools/bin/../lib/gcc/arm-none-eabi/13.3.1/../../../../arm-none-eabi/lib/thumb/v8-m.main+fp/hard\libc_nano.a(libc_a-findfp.o)
                              C:/ST/STM32CubeIDE_1.18.0/STM32CubeIDE/plugins/com.st.stm32cube.ide.mcu.externaltools.gnu-tools-for-stm32.13.3.rel1.win32_1.0.0.202411081344/tools/bin/../lib/gcc/arm-none-eabi/13.3.1/../../../../arm-none-eabi/lib/thumb/v8-m.main+fp/hard\libc_nano.a(libc_a-exit.o) (__stdio_exit_handler)
C:/ST/STM32CubeIDE_1.18.0/STM32CubeIDE/plugins/com.st.stm32cube.ide.mcu.externaltools.gnu-tools-for-stm32.13.3.rel1.win32_1.0.0.202411081344/tools/bin/../lib/gcc/arm-none-eabi/13.3.1/../../../../arm-none-eabi/lib/thumb/v8-m.main+fp/hard\libc_nano.a(libc_a-fwalk.o)
                              C:/ST/STM32CubeIDE_1.18.0/STM32CubeIDE/plugins/com.st.stm32cube.ide.mcu.externaltools.gnu-tools-for-stm32.13.3.rel1.win32_1.0.0.202411081344/tools/bin/../lib/gcc/arm-none-eabi/13.3.1/../../../../arm-none-eabi/lib/thumb/v8-m.main+fp/hard\libc_nano.a(libc_a-findfp.o) (_fwalk_sglue)
C:/ST/STM32CubeIDE_1.18.0/STM32CubeIDE/plugins/com.st.stm32cube.ide.mcu.externaltools.gnu-tools-for-stm32.13.3.rel1.win32_1.0.0.202411081344/tools/bin/../lib/gcc/arm-none-eabi/13.3.1/../../../../arm-none-eabi/lib/thumb/v8-m.main+fp/hard\libc_nano.a(libc_a-sprintf.o)
                              ./Core/Src/serial_terminal.o (sprintf)
C:/ST/STM32CubeIDE_1.18.0/STM32CubeIDE/plugins/com.st.stm32cube.ide.mcu.externaltools.gnu-tools-for-stm32.13.3.rel1.win32_1.0.0.202411081344/tools/bin/../lib/gcc/arm-none-eabi/13.3.1/../../../../arm-none-eabi/lib/thumb/v8-m.main+fp/hard\libc_nano.a(libc_a-sscanf.o)
                              ./Core/Src/serial_terminal.o (sscanf)
C:/ST/STM32CubeIDE_1.18.0/STM32CubeIDE/plugins/com.st.stm32cube.ide.mcu.externaltools.gnu-tools-for-stm32.13.3.rel1.win32_1.0.0.202411081344/tools/bin/../lib/gcc/arm-none-eabi/13.3.1/../../../../arm-none-eabi/lib/thumb/v8-m.main+fp/hard\libc_nano.a(libc_a-stdio.o)
                              C:/ST/STM32CubeIDE_1.18.0/STM32CubeIDE/plugins/com.st.stm32cube.ide.mcu.externaltools.gnu-tools-for-stm32.13.3.rel1.win32_1.0.0.202411081344/tools/bin/../lib/gcc/arm-none-eabi/13.3.1/../../../../arm-none-eabi/lib/thumb/v8-m.main+fp/hard\libc_nano.a(libc_a-findfp.o) (__sread)
C:/ST/STM32CubeIDE_1.18.0/STM32CubeIDE/plugins/com.st.stm32cube.ide.mcu.externaltools.gnu-tools-for-stm32.13.3.rel1.win32_1.0.0.202411081344/tools/bin/../lib/gcc/arm-none-eabi/13.3.1/../../../../arm-none-eabi/lib/thumb/v8-m.main+fp/hard\libc_nano.a(libc_a-memset.o)
                              C:/ST/STM32CubeIDE_1.18.0/STM32CubeIDE/plugins/com.st.stm32cube.ide.mcu.externaltools.gnu-tools-for-stm32.13.3.rel1.win32_1.0.0.202411081344/tools/bin/../lib/gcc/arm-none-eabi/13.3.1/../../../../arm-none-eabi/lib/thumb/v8-m.main+fp/hard/crt0.o (memset)
C:/ST/STM32CubeIDE_1.18.0/STM32CubeIDE/plugins/com.st.stm32cube.ide.mcu.externaltools.gnu-tools-for-stm32.13.3.rel1.win32_1.0.0.202411081344/tools/bin/../lib/gcc/arm-none-eabi/13.3.1/../../../../arm-none-eabi/lib/thumb/v8-m.main+fp/hard\libc_nano.a(libc_a-closer.o)
                              C:/ST/STM32CubeIDE_1.18.0/STM32CubeIDE/plugins/com.st.stm32cube.ide.mcu.externaltools.gnu-tools-for-stm32.13.3.rel1.win32_1.0.0.202411081344/tools/bin/../lib/gcc/arm-none-eabi/13.3.1/../../../../arm-none-eabi/lib/thumb/v8-m.main+fp/hard\libc_nano.a(libc_a-stdio.o) (_close_r)
C:/ST/STM32CubeIDE_1.18.0/STM32CubeIDE/plugins/com.st.stm32cube.ide.mcu.externaltools.gnu-tools-for-stm32.13.3.rel1.win32_1.0.0.202411081344/tools/bin/../lib/gcc/arm-none-eabi/13.3.1/../../../../arm-none-eabi/lib/thumb/v8-m.main+fp/hard\libc_nano.a(libc_a-reent.o)
                              C:/ST/STM32CubeIDE_1.18.0/STM32CubeIDE/plugins/com.st.stm32cube.ide.mcu.externaltools.gnu-tools-for-stm32.13.3.rel1.win32_1.0.0.202411081344/tools/bin/../lib/gcc/arm-none-eabi/13.3.1/../../../../arm-none-eabi/lib/thumb/v8-m.main+fp/hard\libc_nano.a(libc_a-closer.o) (errno)
C:/ST/STM32CubeIDE_1.18.0/STM32CubeIDE/plugins/com.st.stm32cube.ide.mcu.externaltools.gnu-tools-for-stm32.13.3.rel1.win32_1.0.0.202411081344/tools/bin/../lib/gcc/arm-none-eabi/13.3.1/../../../../arm-none-eabi/lib/thumb/v8-m.main+fp/hard\libc_nano.a(libc_a-impure.o)
[...]
Memory Configuration

Name             Origin             Length             Attributes
RAM              0x20000000         0x00008000         xrw
FLASH            0x08000000         0x00020000         xr
*default*        0x00000000         0xffffffff

Linker script and memory map

LOAD C:/ST/STM32CubeIDE_1.18.0/STM32CubeIDE/plugins/com.st.stm32cube.ide.mcu.externaltools.gnu-tools-for-stm32.13.3.rel1.win32_1.0.0.202411081344/tools/bin/../lib/gcc/arm-none-eabi/13.3.1/thumb/v8-m.main+fp/hard/crti.o
LOAD C:/ST/STM32CubeIDE_1.18.0/STM32CubeIDE/plugins/com.st.stm32cube.ide.mcu.externaltools.gnu-tools-for-stm32.13.3.rel1.win32_1.0.0.202411081344/tools/bin/../lib/gcc/arm-none-eabi/13.3.1/thumb/v8-m.main+fp/hard/crtbegin.o
LOAD C:/ST/STM32CubeIDE_1.18.0/STM32CubeIDE/plugins/com.st.stm32cube.ide.mcu.externaltools.gnu-tools-for-stm32.13.3.rel1.win32_1.0.0.202411081344/tools/bin/../lib/gcc/arm-none-eabi/13.3.1/../../../../arm-none-eabi/lib/thumb/v8-m.main+fp/hard/crt0.o
LOAD ./Core/Src/adc.o
LOAD ./Core/Src/can.o
LOAD ./Core/Src/cobs.o
LOAD ./Core/Src/i2c_master.o
LOAD ./Core/Src/main.o
LOAD ./Core/Src/registry.o
LOAD ./Core/Src/registry_map.o
LOAD ./Core/Src/reporter.o
LOAD ./Core/Src/serial_terminal.o
LOAD ./Core/Src/stm32h5xx_hal_msp.o
LOAD ./Core/Src/stm32h5xx_it.o
LOAD ./Core/Src/syscalls.o
LOAD ./Core/Src/sysmem.o
LOAD ./Core/Src/system_stm32h5xx.o
LOAD ./Core/Src/tile_data.o
LOAD ./Core/Src/uart.o
LOAD ./Core/Src/usb_descriptors.o
LOAD ./Core/Src/usb_rx.o
LOAD ./Core/Startup/startup_stm32h503cbtx.o
LOAD ./Drivers/STM32H5xx_HAL_Driver/Src/stm32h5xx_hal.o
LOAD ./Drivers/STM32H5xx_HAL_Driver/Src/stm32h5xx_hal_adc.o
LOAD ./Drivers/STM32H5xx_HAL_Driver/Src/stm32h5xx_hal_adc_ex.o
LOAD ./Drivers/STM32H5xx_HAL_Driver/Src/stm32h5xx_hal_cortex.o
LOAD ./Drivers/STM32H5xx_HAL_Driver/Src/stm32h5xx_hal_dma.o
LOAD ./Drivers/STM32H5xx_HAL_Driver/Src/stm32h5xx_hal_dma_ex.o
LOAD ./Drivers/STM32H5xx_HAL_Driver/Src/stm32h5xx_hal_dts.o
LOAD ./Drivers/STM32H5xx_HAL_Driver/Src/stm32h5xx_hal_exti.o
LOAD ./Drivers/STM32H5xx_HAL_Driver/Src/stm32h5xx_hal_fdcan.o
LOAD ./Drivers/STM32H5xx_HAL_Driver/Src/stm32h5xx_hal_flash.o
LOAD ./Drivers/STM32H5xx_HAL_Driver/Src/stm32h5xx_hal_flash_ex.o
LOAD ./Drivers/STM32H5xx_HAL_Driver/Src/stm32h5xx_hal_gpio.o
LOAD ./Drivers/STM32H5xx_HAL_Driver/Src/stm32h5xx_hal_i2c.o
LOAD ./Drivers/STM32H5xx_HAL_Driver/Src/stm32h5xx_hal_i2c_ex.o
LOAD ./Drivers/STM32H5xx_HAL_Driver/Src/stm32h5xx_hal_icache.o
LOAD ./Drivers/STM32H5xx_HAL_Driver/Src/stm32h5xx_hal_pcd.o
LOAD ./Drivers/STM32H5xx_HAL_Driver/Src/stm32h5xx_hal_pcd_ex.o
LOAD ./Drivers/STM32H5xx_HAL_Driver/Src/stm32h5xx_hal_pwr.o
LOAD ./Drivers/STM32H5xx_HAL_Driver/Src/stm32h5xx_hal_pwr_ex.o
LOAD ./Drivers/STM32H5xx_HAL_Driver/Src/stm32h5xx_hal_rcc.o
LOAD ./Drivers/STM32H5xx_HAL_Driver/Src/stm32h5xx_hal_rcc_ex.o
LOAD ./Drivers/STM32H5xx_HAL_Driver/Src/stm32h5xx_hal_uart.o
LOAD ./Drivers/STM32H5xx_HAL_Driver/Src/stm32h5xx_hal_uart_ex.o
LOAD ./Drivers/STM32H5xx_HAL_Driver/Src/stm32h5xx_ll_usb.o
LOAD ./tinyusb/src/class/audio/audio_device.o
LOAD ./tinyusb/src/class/bth/bth_device.o
LOAD ./tinyusb/src/class/cdc/cdc_device.o
LOAD ./tinyusb/src/class/cdc/cdc_host.o
LOAD ./tinyusb/src/class/cdc/cdc_rndis_host.o
LOAD ./tinyusb/src/class/dfu/dfu_device.o
LOAD ./tinyusb/src/class/dfu/dfu_rt_device.o
LOAD ./tinyusb/src/class/hid/hid_device.o
LOAD ./tinyusb/src/class/hid/hid_host.o
LOAD ./tinyusb/src/class/midi/midi_device.o
LOAD ./tinyusb/src/class/midi/midi_host.o
LOAD ./tinyusb/src/class/msc/msc_device.o
LOAD ./tinyusb/src/class/msc/msc_host.o
LOAD ./tinyusb/src/class/net/ecm_rndis_device.o
LOAD ./tinyusb/src/class/net/ncm_device.o
LOAD ./tinyusb/src/class/usbtmc/usbtmc_device.o
LOAD ./tinyusb/src/class/vendor/vendor_device.o
LOAD ./tinyusb/src/class/vendor/vendor_host.o
LOAD ./tinyusb/src/class/video/video_device.o
LOAD ./tinyusb/src/common/tusb_fifo.o
LOAD ./tinyusb/src/device/usbd.o
LOAD ./tinyusb/src/device/usbd_control.o
LOAD ./tinyusb/src/host/hub.o
LOAD ./tinyusb/src/host/usbh.o
LOAD ./tinyusb/src/portable/analog/max3421/hcd_max3421.o
LOAD ./tinyusb/src/portable/bridgetek/ft9xx/dcd_ft9xx.o
LOAD ./tinyusb/src/portable/chipidea/ci_fs/dcd_ci_fs.o
LOAD ./tinyusb/src/portable/chipidea/ci_hs/dcd_ci_hs.o
LOAD ./tinyusb/src/portable/chipidea/ci_hs/hcd_ci_hs.o
LOAD ./tinyusb/src/portable/dialog/da146xx/dcd_da146xx.o
LOAD ./tinyusb/src/portable/ehci/ehci.o
LOAD ./tinyusb/src/portable/espressif/esp32sx/dcd_esp32sx.o
LOAD ./tinyusb/src/portable/mentor/musb/dcd_musb.o
LOAD ./tinyusb/src/portable/mentor/musb/hcd_musb.o
LOAD ./tinyusb/src/portable/microchip/pic/dcd_pic.o
LOAD ./tinyusb/src/portable/microchip/pic32mz/dcd_pic32mz.o
LOAD ./tinyusb/src/portable/microchip/samd/dcd_samd.o
LOAD ./tinyusb/src/portable/microchip/samg/dcd_samg.o
LOAD ./tinyusb/src/portable/microchip/samx7x/dcd_samx7x.o
LOAD ./tinyusb/src/portable/mindmotion/mm32/dcd_mm32f327x_otg.o
LOAD ./tinyusb/src/portable/nordic/nrf5x/dcd_nrf5x.o
LOAD ./tinyusb/src/portable/nuvoton/nuc120/dcd_nuc120.o
LOAD ./tinyusb/src/portable/nuvoton/nuc121/dcd_nuc121.o
LOAD ./tinyusb/src/portable/nuvoton/nuc505/dcd_nuc505.o
LOAD ./tinyusb/src/portable/nxp/khci/dcd_khci.o
LOAD ./tinyusb/src/portable/nxp/khci/hcd_khci.o
LOAD ./tinyusb/src/portable/nxp/lpc17_40/dcd_lpc17_40.o
LOAD ./tinyusb/src/portable/nxp/lpc17_40/hcd_lpc17_40.o
LOAD ./tinyusb/src/portable/nxp/lpc_ip3511/dcd_lpc_ip3511.o
LOAD ./tinyusb/src/portable/ohci/ohci.o
LOAD ./tinyusb/src/portable/raspberrypi/pio_usb/dcd_pio_usb.o
LOAD ./tinyusb/src/portable/raspberrypi/pio_usb/hcd_pio_usb.o
LOAD ./tinyusb/src/portable/raspberrypi/rp2040/dcd_rp2040.o
LOAD ./tinyusb/src/portable/raspberrypi/rp2040/hcd_rp2040.o
LOAD ./tinyusb/src/portable/raspberrypi/rp2040/rp2040_usb.o
LOAD ./tinyusb/src/portable/renesas/rusb2/dcd_rusb2.o
LOAD ./tinyusb/src/portable/renesas/rusb2/hcd_rusb2.o
LOAD ./tinyusb/src/portable/renesas/rusb2/rusb2_common.o
LOAD ./tinyusb/src/portable/sony/cxd56/dcd_cxd56.o
LOAD ./tinyusb/src/portable/st/stm32_fsdev/dcd_stm32_fsdev.o
LOAD ./tinyusb/src/portable/st/typec/typec_stm32.o
LOAD ./tinyusb/src/portable/sunxi/dcd_sunxi_musb.o
LOAD ./tinyusb/src/portable/synopsys/dwc2/dcd_dwc2.o
LOAD ./tinyusb/src/portable/synopsys/dwc2/dwc2_common.o
LOAD ./tinyusb/src/portable/synopsys/dwc2/hcd_dwc2.o
LOAD ./tinyusb/src/portable/template/dcd_template.o
LOAD ./tinyusb/src/portable/template/hcd_template.o
LOAD ./tinyusb/src/portable/ti/msp430x5xx/dcd_msp430x5xx.o
LOAD ./tinyusb/src/portable/valentyusb/eptri/dcd_eptri.o
LOAD ./tinyusb/src/portable/wch/dcd_ch32_usbfs.o
LOAD ./tinyusb/src/portable/wch/dcd_ch32_usbhs.o
LOAD ./tinyusb/src/tusb.o
LOAD ./tinyusb/src/typec/usbc.o
START GROUP
LOAD C:/ST/STM32CubeIDE_1.18.0/STM32CubeIDE/plugins/com.st.stm32cube.ide.mcu.externaltools.gnu-tools-for-stm32.13.3.rel1.win32_1.0.0.202411081344/tools/bin/../lib/gcc/arm-none-eabi/13.3.1/../../../../arm-none-eabi/lib/thumb/v8-m.main+fp/hard\libc_nano.a
LOAD C:/ST/STM32CubeIDE_1.18.0/STM32CubeIDE/plugins/com.st.stm32cube.ide.mcu.externaltools.gnu-tools-for-stm32.13.3.rel1.win32_1.0.0.202411081344/tools/bin/../lib/gcc/arm-none-eabi/13.3.1/../../../../arm-none-eabi/lib/thumb/v8-m.main+fp/hard\libm.a
END GROUP
START GROUP
LOAD C:/ST/STM32CubeIDE_1.18.0/STM32CubeIDE/plugins/com.st.stm32cube.ide.mcu.externaltools.gnu-tools-for-stm32.13.3.rel1.win32_1.0.0.202411081344/tools/bin/../lib/gcc/arm-none-eabi/13.3.1/thumb/v8-m.main+fp/hard\libgcc.a
LOAD C:/ST/STM32CubeIDE_1.18.0/STM32CubeIDE/plugins/com.st.stm32cube.ide.mcu.externaltools.gnu-tools-for-stm32.13.3.rel1.win32_1.0.0.202411081344/tools/bin/../lib/gcc/arm-none-eabi/13.3.1/../../../../arm-none-eabi/lib/thumb/v8-m.main+fp/hard\libc_nano.a
END GROUP
START GROUP
LOAD C:/ST/STM32CubeIDE_1.18.0/STM32CubeIDE/plugins/com.st.stm32cube.ide.mcu.externaltools.gnu-tools-for-stm32.13.3.rel1.win32_1.0.0.202411081344/tools/bin/../lib/gcc/arm-none-eabi/13.3.1/thumb/v8-m.main+fp/hard\libgcc.a
LOAD C:/ST/STM32CubeIDE_1.18.0/STM32CubeIDE/plugins/com.st.stm32cube.ide.mcu.externaltools.gnu-tools-for-stm32.13.3.rel1.win32_1.0.0.202411081344/tools/bin/../lib/gcc/arm-none-eabi/13.3.1/../../../../arm-none-eabi/lib/thumb/v8-m.main+fp/hard\libc_nano.a
LOAD C:/ST/STM32CubeIDE_1.18.0/STM32CubeIDE/plugins/com.st.stm32cube.ide.mcu.externaltools.gnu-tools-for-stm32.13.3.rel1.win32_1.0.0.202411081344/tools/bin/../lib/gcc/arm-none-eabi/13.3.1/../../../../arm-none-eabi/lib/thumb/v8-m.main+fp/hard\libnosys.a
END GROUP
START GROUP
LOAD C:/ST/STM32CubeIDE_1.18.0/STM32CubeIDE/plugins/com.st.stm32cube.ide.mcu.externaltools.gnu-tools-for-stm32.13.3.rel1.win32_1.0.0.202411081344/tools/bin/../lib/gcc/arm-none-eabi/13.3.1/thumb/v8-m.main+fp/hard\libgcc.a
LOAD C:/ST/STM32CubeIDE_1.18.0/STM32CubeIDE/plugins/com.st.stm32cube.ide.mcu.externaltools.gnu-tools-for-stm32.13.3.rel1.win32_1.0.0.202411081344/tools/bin/../lib/gcc/arm-none-eabi/13.3.1/../../../../arm-none-eabi/lib/thumb/v8-m.main+fp/hard\libc_nano.a
LOAD C:/ST/STM32CubeIDE_1.18.0/STM32CubeIDE/plugins/com.st.stm32cube.ide.mcu.externaltools.gnu-tools-for-stm32.13.3.rel1.win32_1.0.0.202411081344/tools/bin/../lib/gcc/arm-none-eabi/13.3.1/../../../../arm-none-eabi/lib/thumb/v8-m.main+fp/hard\libnosys.a
END GROUP
LOAD C:/ST/STM32CubeIDE_1.18.0/STM32CubeIDE/plugins/com.st.stm32cube.ide.mcu.externaltools.gnu-tools-for-stm32.13.3.rel1.win32_1.0.0.202411081344/tools/bin/../lib/gcc/arm-none-eabi/13.3.1/thumb/v8-m.main+fp/hard/crtend.o
LOAD C:/ST/STM32CubeIDE_1.18.0/STM32CubeIDE/plugins/com.st.stm32cube.ide.mcu.externaltools.gnu-tools-for-stm32.13.3.rel1.win32_1.0.0.202411081344/tools/bin/../lib/gcc/arm-none-eabi/13.3.1/thumb/v8-m.main+fp/hard/crtn.o
                0x20008000                        _estack = (ORIGIN (RAM) + LENGTH (RAM))
                0x00000200                        _Min_Heap_Size = 0x200
                0x00000400                        _Min_Stack_Size = 0x400

.isr_vector     0x08000000      0x258
                0x08000000                        . = ALIGN (0x4)
 *(.isr_vector)
 .isr_vector    0x08000000      0x258 ./Core/Startup/startup_stm32h503cbtx.o
                0x08000000                g_pfnVectors
                0x08000258                        . = ALIGN (0x4)

.text           0x08000258     0xb710
                0x08000258                        . = ALIGN (0x4)
 *(.text)
 .text          0x08000258       0x40 C:/ST/STM32CubeIDE_1.18.0/STM32CubeIDE/plugins/com.st.stm32cube.ide.mcu.externaltools.gnu-tools-for-stm32.13.3.rel1.win32_1.0.0.202411081344/tools/bin/../lib/gcc/arm-none-eabi/13.3.1/thumb/v8-m.main+fp/hard/crtbegin.o
 .text          0x08000298       0x14 C:/ST/STM32CubeIDE_1.18.0/STM32CubeIDE/plugins/com.st.stm32cube.ide.mcu.externaltools.gnu-tools-for-stm32.13.3.rel1.win32_1.0.0.202411081344/tools/bin/../lib/gcc/arm-none-eabi/13.3.1/../../../../arm-none-eabi/lib/thumb/v8-m.main+fp/hard\libc_nano.a(libc_a-strcmp.o)
                0x08000298                strcmp
 .text          0x080002ac       0x10 C:/ST/STM32CubeIDE_1.18.0/STM32CubeIDE/plugins/com.st.stm32cube.ide.mcu.externaltools.gnu-tools-for-stm32.13.3.rel1.win32_1.0.0.202411081344/tools/bin/../lib/gcc/arm-none-eabi/13.3.1/../../../../arm-none-eabi/lib/thumb/v8-m.main+fp/hard\libc_nano.a(libc_a-strlen.o)
                0x080002ac                strlen
 .text          0x080002bc      0x378 C:/ST/STM32CubeIDE_1.18.0/STM32CubeIDE/plugins/com.st.stm32cube.ide.mcu.externaltools.gnu-tools-for-stm32.13.3.rel1.win32_1.0.0.202411081344/tools/bin/../lib/gcc/arm-none-eabi/13.3.1/thumb/v8-m.main+fp/hard\libgcc.a(_arm_addsubdf3.o)
                0x080002bc                __aeabi_drsub
                0x080002c4                __aeabi_dsub
                0x080002c4                __subdf3
                0x080002c8                __aeabi_dadd
                0x080002c8                __adddf3
                0x08000540                __floatunsidf
                0x08000540                __aeabi_ui2d
                0x08000560                __floatsidf
                0x08000560                __aeabi_i2d
                0x08000584                __aeabi_f2d
                0x08000584                __extendsfdf2
                0x080005c8                __floatundidf
                0x080005c8                __aeabi_ul2d
                0x080005d8                __floatdidf
                0x080005d8                __aeabi_l2d
 .text          0x08000634      0x424 C:/ST/STM32CubeIDE_1.18.0/STM32CubeIDE/plugins/com.st.stm32cube.ide.mcu.externaltools.gnu-tools-for-stm32.13.3.rel1.win32_1.0.0.202411081344/tools/bin/../lib/gcc/arm-none-eabi/13.3.1/thumb/v8-m.main+fp/hard\libgcc.a(_arm_muldivdf3.o)
                0x08000634                __aeabi_dmul
                0x08000634                __muldf3
                0x08000888                __divdf3
                0x08000888                __aeabi_ddiv
 .text          0x08000a58       0xa0 C:/ST/STM32CubeIDE_1.18.0/STM32CubeIDE/plugins/com.st.stm32cube.ide.mcu.externaltools.gnu-tools-for-stm32.13.3.rel1.win32_1.0.0.202411081344/tools/bin/../lib/gcc/arm-none-eabi/13.3.1/thumb/v8-m.main+fp/hard\libgcc.a(_arm_truncdfsf2.o)
                0x08000a58                __truncdfsf2
                0x08000a58                __aeabi_d2f
 .text          0x08000af8       0x30 C:/ST/STM32CubeIDE_1.18.0/STM32CubeIDE/plugins/com.st.stm32cube.ide.mcu.externaltools.gnu-tools-for-stm32.13.3.rel1.win32_1.0.0.202411081344/tools/bin/../lib/gcc/arm-none-eabi/13.3.1/thumb/v8-m.main+fp/hard\libgcc.a(_aeabi_uldivmod.o)
                0x08000af8                __aeabi_uldivmod
 .text          0x08000b28      0x348 C:/ST/STM32CubeIDE_1.18.0/STM32CubeIDE/plugins/com.st.stm32cube.ide.mcu.externaltools.gnu-tools-for-stm32.13.3.rel1.win32_1.0.0.202411081344/tools/bin/../lib/gcc/arm-none-eabi/13.3.1/thumb/v8-m.main+fp/hard\libgcc.a(_udivmoddi4.o)
                0x08000b28                __udivmoddi4
 .text          0x08000e70        0x4 C:/ST/STM32CubeIDE_1.18.0/STM32CubeIDE/plugins/com.st.stm32cube.ide.mcu.externaltools.gnu-tools-for-stm32.13.3.rel1.win32_1.0.0.202411081344/tools/bin/../lib/gcc/arm-none-eabi/13.3.1/thumb/v8-m.main+fp/hard\libgcc.a(_dvmd_tls.o)
                0x08000e70                __aeabi_idiv0
                0x08000e70                __aeabi_ldiv0
 *(.text*)
 .text.ADC_Init
                0x08000e74       0x1c ./Core/Src/adc.o
                0x08000e74                ADC_Init
 .text.ADC_ProcessBuffer
                0x08000e90      0x238 ./Core/Src/adc.o
                0x08000e90                ADC_ProcessBuffer
 .text.HAL_ADC_ConvCpltCallback
                0x080010c8       0x18 ./Core/Src/adc.o
                0x080010c8                HAL_ADC_ConvCpltCallback
 .text.CAN_Init
                0x080010e0       0x38 ./Core/Src/can.o
                0x080010e0                CAN_Init
 .text.CAN_SendMessage
                0x08001118       0x38 ./Core/Src/can.o
                0x08001118                CAN_SendMessage
 .text.HAL_FDCAN_RxFifo0Callback
                0x08001150       0x74 ./Core/Src/can.o
                0x08001150                HAL_FDCAN_RxFifo0Callback
 .text.cobs_encode
                0x080011c4       0x78 ./Core/Src/cobs.o
                0x080011c4                cobs_encode
 .text.cobs_decode
                0x0800123c       0x98 ./Core/Src/cobs.o
                0x0800123c                cobs_decode
 .text.SystemClock_Config
                0x080012d4       0xa4 ./Core/Src/main.o
                0x080012d4                SystemClock_Config
 .text.startup.main
                0x08001378      0xa20 ./Core/Src/main.o
                0x08001378                main
 .text.Error_Handler
                0x08001d98        0x4 ./Core/Src/main.o
                0x08001d98                Error_Handler
 .text.Registry_GetTotal
                0x08001d9c        0xc ./Core/Src/registry.o
                0x08001d9c                Registry_GetTotal
 .text.Reporter_EncodeMessage
                0x08001da8       0x46 ./Core/Src/reporter.o
 *fill*         0x08001dee        0x2 
 .text.Reporter_IterativeReportAllTiles
                0x08001df0       0x88 ./Core/Src/reporter.o
                0x08001df0                Reporter_IterativeReportAllTiles
 .text.Reporter_IterativeReportMaster
                0x08001e78       0x7c ./Core/Src/reporter.o
                0x08001e78                Reporter_IterativeReportMaster
 .text.SerialTerminal_ReplyOk
                0x08001ef4       0x3c ./Core/Src/serial_terminal.o
                0x08001ef4                SerialTerminal_ReplyOk
 .text.SerialTerminal_ReplyOkNoMsg
                0x08001f30       0x1c ./Core/Src/serial_terminal.o
                0x08001f30                SerialTerminal_ReplyOkNoMsg
 .text.SerialTerminal_ReplyError
                0x08001f4c       0x3c ./Core/Src/serial_terminal.o
                0x08001f4c                SerialTerminal_ReplyError
 .text.SerialTerminal_HandleCommand
                0x08001f88      0x258 ./Core/Src/serial_terminal.o
                0x08001f88                SerialTerminal_HandleCommand
 .text.HAL_MspInit
                0x080021e0        0x2 ./Core/Src/stm32h5xx_hal_msp.o
                0x080021e0                HAL_MspInit
 *fill*         0x080021e2        0x2 
 .text.HAL_ADC_MspInit
                0x080021e4      0x184 ./Core/Src/stm32h5xx_hal_msp.o
                0x080021e4                HAL_ADC_MspInit
 .text.HAL_DTS_MspInit
                0x08002368       0x30 ./Core/Src/stm32h5xx_hal_msp.o
                0x08002368                HAL_DTS_MspInit
 .text.HAL_FDCAN_MspInit
                0x08002398       0xbc ./Core/Src/stm32h5xx_hal_msp.o
                0x08002398                HAL_FDCAN_MspInit
 .text.HAL_I2C_MspInit
                0x08002454       0xb0 ./Core/Src/stm32h5xx_hal_msp.o
                0x08002454                HAL_I2C_MspInit
 .text.HAL_UART_MspInit
                0x08002504       0xa4 ./Core/Src/stm32h5xx_hal_msp.o
                0x08002504                HAL_UART_MspInit
 .text.HAL_PCD_MspInit
                0x080025a8       0x68 ./Core/Src/stm32h5xx_hal_msp.o
                0x080025a8                HAL_PCD_MspInit
 .text.NMI_Handler
                0x08002610        0x2 ./Core/Src/stm32h5xx_it.o
                0x08002610                NMI_Handler
 .text.HardFault_Handler
                0x08002612        0x2 ./Core/Src/stm32h5xx_it.o
                0x08002612                HardFault_Handler
 .text.MemManage_Handler
                0x08002614        0x2 ./Core/Src/stm32h5xx_it.o
                0x08002614                MemManage_Handler
 .text.BusFault_Handler
                0x08002616        0x2 ./Core/Src/stm32h5xx_it.o
                0x08002616                BusFault_Handler
 .text.UsageFault_Handler
                0x08002618        0x2 ./Core/Src/stm32h5xx_it.o
                0x08002618                UsageFault_Handler
 .text.SVC_Handler
                0x0800261a        0x2 ./Core/Src/stm32h5xx_it.o
                0x0800261a                SVC_Handler
 .text.DebugMon_Handler
                0x0800261c        0x2 ./Core/Src/stm32h5xx_it.o
                0x0800261c                DebugMon_Handler
 .text.PendSV_Handler
                0x0800261e        0x2 ./Core/Src/stm32h5xx_it.o
                0x0800261e                PendSV_Handler
 .text.SysTick_Handler
                0x08002620        0x4 ./Core/Src/stm32h5xx_it.o
                0x08002620                SysTick_Handler
 .text.GPDMA1_Channel0_IRQHandler
                0x08002624        0xc ./Core/Src/stm32h5xx_it.o
                0x08002624                GPDMA1_Channel0_IRQHandler
 .text.FDCAN1_IT0_IRQHandler
                0x08002630        0xc ./Core/Src/stm32h5xx_it.o
                0x08002630                FDCAN1_IT0_IRQHandler
 .text.FDCAN1_IT1_IRQHandler
                0x0800263c        0x4 ./Core/Src/stm32h5xx_it.o
                0x0800263c                FDCAN1_IT1_IRQHandler
 .text.USART1_IRQHandler
                0x08002640        0xc ./Core/Src/stm32h5xx_it.o
                0x08002640                USART1_IRQHandler
 .text.USB_DRD_FS_IRQHandler
                0x0800264c        0x6 ./Core/Src/stm32h5xx_it.o
                0x0800264c                USB_DRD_FS_IRQHandler
 *fill*         0x08002652        0x2 
 .text._sbrk    0x08002654       0x40 ./Core/Src/sysmem.o
                0x08002654                _sbrk
 .text.SystemInit
                0x08002694       0x8c ./Core/Src/system_stm32h5xx.o
                0x08002694                SystemInit
 .text.TileData_Write
                0x08002720      0x36c ./Core/Src/tile_data.o
                0x08002720                TileData_Write
 .text.TileData_Read
                0x08002a8c      0x238 ./Core/Src/tile_data.o
                0x08002a8c                TileData_Read
 .text.TileData_JustHeardFrom
                0x08002cc4       0x18 ./Core/Src/tile_data.o
                0x08002cc4                TileData_JustHeardFrom
 .text.TileData_MarkInactiveTiles
                0x08002cdc       0x40 ./Core/Src/tile_data.o
                0x08002cdc                TileData_MarkInactiveTiles
 .text.TileData_ComputeCoordinates
                0x08002d1c      0x298 ./Core/Src/tile_data.o
                0x08002d1c                TileData_ComputeCoordinates
 .text.TileData_AssignSetpoint
                0x08002fb4       0x80 ./Core/Src/tile_data.o
                0x08002fb4                TileData_AssignSetpoint
 .text.TileData_IterativeSendSetpoints
                0x08003034      0x12c ./Core/Src/tile_data.o
                0x08003034                TileData_IterativeSendSetpoints
 .text.UART_Init
                0x08003160       0x14 ./Core/Src/uart.o
                0x08003160                UART_Init
 .text.HAL_UARTEx_RxEventCallback
                0x08003174       0x1c ./Core/Src/uart.o
                0x08003174                HAL_UARTEx_RxEventCallback
 .text.tud_descriptor_device_cb
                0x08003190        0x8 ./Core/Src/usb_descriptors.o
                0x08003190                tud_descriptor_device_cb
 .text.tud_descriptor_configuration_cb
                0x08003198        0x8 ./Core/Src/usb_descriptors.o
                0x08003198                tud_descriptor_configuration_cb
 .text.tud_descriptor_bos_cb
                0x080031a0        0x8 ./Core/Src/usb_descriptors.o
                0x080031a0                tud_descriptor_bos_cb
 .text.tud_vendor_control_xfer_cb
                0x080031a8       0x38 ./Core/Src/usb_descriptors.o
                0x080031a8                tud_vendor_control_xfer_cb
 .text.tud_descriptor_string_cb
                0x080031e0       0xf8 ./Core/Src/usb_descriptors.o
                0x080031e0                tud_descriptor_string_cb
 .text.USB_ProcessMessage
                0x080032d8       0x90 ./Core/Src/usb_rx.o
                0x080032d8                USB_ProcessMessage
 .text.tud_vendor_rx_cb
                0x08003368       0x4c ./Core/Src/usb_rx.o
                0x08003368                tud_vendor_rx_cb
 .text.tud_cdc_rx_cb
                0x080033b4       0x74 ./Core/Src/usb_rx.o
                0x080033b4                tud_cdc_rx_cb
 .text.Reset_Handler
                0x08003428       0x50 ./Core/Startup/startup_stm32h503cbtx.o
                0x08003428                Reset_Handler
 .text.Default_Handler
                0x08003478        0x2 ./Core/Startup/startup_stm32h503cbtx.o
                0x08003478                EXTI2_IRQHandler
                0x08003478                EXTI5_IRQHandler
                0x08003478                I3C1_ER_IRQHandler
                0x08003478                GPDMA2_Channel1_IRQHandler
                0x08003478                EXTI13_IRQHandler
                0x08003478                TIM1_CC_IRQHandler
                0x08003478                GPDMA2_Channel3_IRQHandler
                0x08003478                TAMP_IRQHandler
                0x08003478                TIM6_IRQHandler
                0x08003478                EXTI12_IRQHandler
                0x08003478                EXTI3_IRQHandler
                0x08003478                GPDMA1_Channel5_IRQHandler
                0x08003478                EXTI8_IRQHandler
                0x08003478                GPDMA2_Channel5_IRQHandler
                0x08003478                LPTIM2_IRQHandler
                0x08003478                GPDMA2_Channel2_IRQHandler
                0x08003478                EXTI0_IRQHandler
                0x08003478                I2C2_EV_IRQHandler
                0x08003478                FPU_IRQHandler
                0x08003478                GPDMA1_Channel3_IRQHandler
                0x08003478                GPDMA1_Channel7_IRQHandler
                0x08003478                RAMCFG_IRQHandler
                0x08003478                SPI1_IRQHandler
                0x08003478                GPDMA1_Channel2_IRQHandler
                0x08003478                ADC1_IRQHandler
                0x08003478                I3C2_ER_IRQHandler
                0x08003478                EXTI15_IRQHandler
                0x08003478                USART3_IRQHandler
                0x08003478                RTC_IRQHandler
                0x08003478                EXTI9_IRQHandler
                0x08003478                I3C2_EV_IRQHandler
                0x08003478                I2C1_EV_IRQHandler
                0x08003478                GPDMA1_Channel1_IRQHandler
                0x08003478                TIM3_IRQHandler
                0x08003478                RCC_IRQHandler
                0x08003478                TIM1_TRG_COM_IRQHandler
                0x08003478                Default_Handler
                0x08003478                GPDMA2_Channel4_IRQHandler
                0x08003478                TIM7_IRQHandler
                0x08003478                I3C1_EV_IRQHandler
                0x08003478                PVD_AVD_IRQHandler
                0x08003478                SPI2_IRQHandler
                0x08003478                EXTI14_IRQHandler
                0x08003478                EXTI11_IRQHandler
                0x08003478                CRS_IRQHandler
                0x08003478                EXTI4_IRQHandler
                0x08003478                GPDMA2_Channel0_IRQHandler
                0x08003478                RNG_IRQHandler
                0x08003478                GPDMA2_Channel6_IRQHandler
                0x08003478                TIM1_UP_IRQHandler
                0x08003478                WWDG_IRQHandler
                0x08003478                IWDG_IRQHandler
                0x08003478                LPUART1_IRQHandler
                0x08003478                TIM2_IRQHandler
                0x08003478                GPDMA1_Channel4_IRQHandler
                0x08003478                EXTI7_IRQHandler
                0x08003478                TIM1_BRK_IRQHandler
                0x08003478                EXTI1_IRQHandler
                0x08003478                DAC1_IRQHandler
                0x08003478                DTS_IRQHandler
                0x08003478                GTZC_IRQHandler
                0x08003478                USART2_IRQHandler
                0x08003478                GPDMA1_Channel6_IRQHandler
                0x08003478                GPDMA2_Channel7_IRQHandler
                0x08003478                I2C2_ER_IRQHandler
                0x08003478                FLASH_IRQHandler
                0x08003478                EXTI10_IRQHandler
                0x08003478                SPI3_IRQHandler
                0x08003478                I2C1_ER_IRQHandler
                0x08003478                EXTI6_IRQHandler
                0x08003478                COMP1_IRQHandler
                0x08003478                LPTIM1_IRQHandler
                0x08003478                ICACHE_IRQHandler
                0x08003478                HASH_IRQHandler
 *fill*         0x0800347a        0x2 
 .text.HAL_InitTick
                0x0800347c       0x90 ./Drivers/STM32H5xx_HAL_Driver/Src/stm32h5xx_hal.o
                0x0800347c                HAL_InitTick
 .text.HAL_Init
                0x0800350c       0x48 ./Drivers/STM32H5xx_HAL_Driver/Src/stm32h5xx_hal.o
                0x0800350c                HAL_Init
 .text.HAL_IncTick
                0x08003554       0x18 ./Drivers/STM32H5xx_HAL_Driver/Src/stm32h5xx_hal.o
                0x08003554                HAL_IncTick
 .text.HAL_GetTick
                0x0800356c        0xc ./Drivers/STM32H5xx_HAL_Driver/Src/stm32h5xx_hal.o
                0x0800356c                HAL_GetTick
 .text.HAL_Delay
                0x08003578       0x24 ./Drivers/STM32H5xx_HAL_Driver/Src/stm32h5xx_hal.o
                0x08003578                HAL_Delay
 .text.LL_ADC_SetChannelSamplingTime
                0x0800359c       0x20 ./Drivers/STM32H5xx_HAL_Driver/Src/stm32h5xx_hal_adc.o
 .text.LL_ADC_REG_IsConversionOngoing
                0x080035bc        0x8 ./Drivers/STM32H5xx_HAL_Driver/Src/stm32h5xx_hal_adc.o
 .text.HAL_ADC_Init
                0x080035c4      0x1a8 ./Drivers/STM32H5xx_HAL_Driver/Src/stm32h5xx_hal_adc.o
                0x080035c4                HAL_ADC_Init
 .text.HAL_ADC_ConvHalfCpltCallback
                0x0800376c        0x2 ./Drivers/STM32H5xx_HAL_Driver/Src/stm32h5xx_hal_adc.o
                0x0800376c                HAL_ADC_ConvHalfCpltCallback
 .text.ADC_DMAHalfConvCplt
                0x0800376e        0xa ./Drivers/STM32H5xx_HAL_Driver/Src/stm32h5xx_hal_adc.o
                0x0800376e                ADC_DMAHalfConvCplt
 .text.HAL_ADC_ErrorCallback
                0x08003778        0x2 ./Drivers/STM32H5xx_HAL_Driver/Src/stm32h5xx_hal_adc.o
                0x08003778                HAL_ADC_ErrorCallback
 .text.ADC_DMAConvCplt
                0x0800377a       0x68 ./Drivers/STM32H5xx_HAL_Driver/Src/stm32h5xx_hal_adc.o
                0x0800377a                ADC_DMAConvCplt
 .text.ADC_DMAError
                0x080037e2       0x1a ./Drivers/STM32H5xx_HAL_Driver/Src/stm32h5xx_hal_adc.o
                0x080037e2                ADC_DMAError
 .text.HAL_ADC_ConfigChannel
                0x080037fc      0x3c4 ./Drivers/STM32H5xx_HAL_Driver/Src/stm32h5xx_hal_adc.o
                0x080037fc                HAL_ADC_ConfigChannel
 .text.ADC_Enable
                0x08003bc0       0xb0 ./Drivers/STM32H5xx_HAL_Driver/Src/stm32h5xx_hal_adc.o
                0x08003bc0                ADC_Enable
 .text.HAL_ADC_Start_DMA
                0x08003c70      0x104 ./Drivers/STM32H5xx_HAL_Driver/Src/stm32h5xx_hal_adc.o
                0x08003c70                HAL_ADC_Start_DMA
 .text.ADC_Disable
                0x08003d74       0x68 ./Drivers/STM32H5xx_HAL_Driver/Src/stm32h5xx_hal_adc.o
                0x08003d74                ADC_Disable
 .text.HAL_ADCEx_Calibration_Start
                0x08003ddc       0x98 ./Drivers/STM32H5xx_HAL_Driver/Src/stm32h5xx_hal_adc_ex.o
                0x08003ddc                HAL_ADCEx_Calibration_Start
 .text.HAL_NVIC_SetPriorityGrouping
                0x08003e74       0x24 ./Drivers/STM32H5xx_HAL_Driver/Src/stm32h5xx_hal_cortex.o
                0x08003e74                HAL_NVIC_SetPriorityGrouping
 .text.HAL_NVIC_SetPriority
                0x08003e98       0x60 ./Drivers/STM32H5xx_HAL_Driver/Src/stm32h5xx_hal_cortex.o
                0x08003e98                HAL_NVIC_SetPriority
 .text.HAL_NVIC_EnableIRQ
                0x08003ef8       0x1c ./Drivers/STM32H5xx_HAL_Driver/Src/stm32h5xx_hal_cortex.o
                0x08003ef8                HAL_NVIC_EnableIRQ
 .text.HAL_SYSTICK_Config
                0x08003f14       0x20 ./Drivers/STM32H5xx_HAL_Driver/Src/stm32h5xx_hal_cortex.o
                0x08003f14                HAL_SYSTICK_Config
 .text.HAL_SYSTICK_CLKSourceConfig
                0x08003f34       0x74 ./Drivers/STM32H5xx_HAL_Driver/Src/stm32h5xx_hal_cortex.o
                0x08003f34                HAL_SYSTICK_CLKSourceConfig
 .text.HAL_SYSTICK_GetCLKSourceConfig
                0x08003fa8       0x30 ./Drivers/STM32H5xx_HAL_Driver/Src/stm32h5xx_hal_cortex.o
                0x08003fa8                HAL_SYSTICK_GetCLKSourceConfig
 .text.HAL_DMA_Start_IT
                0x08003fd8       0x7a ./Drivers/STM32H5xx_HAL_Driver/Src/stm32h5xx_hal_dma.o
                0x08003fd8                HAL_DMA_Start_IT
 .text.HAL_DMA_Abort
                0x08004052       0x94 ./Drivers/STM32H5xx_HAL_Driver/Src/stm32h5xx_hal_dma.o
                0x08004052                HAL_DMA_Abort
 .text.HAL_DMA_Abort_IT
                0x080040e6       0x2a ./Drivers/STM32H5xx_HAL_Driver/Src/stm32h5xx_hal_dma.o
                0x080040e6                HAL_DMA_Abort_IT
 .text.HAL_DMA_IRQHandler
                0x08004110      0x17e ./Drivers/STM32H5xx_HAL_Driver/Src/stm32h5xx_hal_dma.o
                0x08004110                HAL_DMA_IRQHandler
 .text.HAL_DMA_ConfigChannelAttributes
                0x0800428e       0x3c ./Drivers/STM32H5xx_HAL_Driver/Src/stm32h5xx_hal_dma.o
                0x0800428e                HAL_DMA_ConfigChannelAttributes
 .text.DMA_List_CheckNodesBaseAddresses
                0x080042ca       0x22 ./Drivers/STM32H5xx_HAL_Driver/Src/stm32h5xx_hal_dma_ex.o
 .text.DMA_List_CheckNodesTypes
                0x080042ec       0x34 ./Drivers/STM32H5xx_HAL_Driver/Src/stm32h5xx_hal_dma_ex.o
 .text.DMA_List_FindNode
                0x08004320       0xac ./Drivers/STM32H5xx_HAL_Driver/Src/stm32h5xx_hal_dma_ex.o
 .text.DMA_List_GetCLLRNodeInfo.isra.0
                0x080043cc       0x28 ./Drivers/STM32H5xx_HAL_Driver/Src/stm32h5xx_hal_dma_ex.o
 .text.HAL_DMAEx_List_Init
                0x080043f4      0x10c ./Drivers/STM32H5xx_HAL_Driver/Src/stm32h5xx_hal_dma_ex.o
                0x080043f4                HAL_DMAEx_List_Init
 .text.HAL_DMAEx_List_Start_IT
                0x08004500       0xa8 ./Drivers/STM32H5xx_HAL_Driver/Src/stm32h5xx_hal_dma_ex.o
                0x08004500                HAL_DMAEx_List_Start_IT
 .text.HAL_DMAEx_List_BuildNode
                0x080045a8      0x144 ./Drivers/STM32H5xx_HAL_Driver/Src/stm32h5xx_hal_dma_ex.o
                0x080045a8                HAL_DMAEx_List_BuildNode
 .text.HAL_DMAEx_List_GetNodeConfig
                0x080046ec       0xf4 ./Drivers/STM32H5xx_HAL_Driver/Src/stm32h5xx_hal_dma_ex.o
                0x080046ec                HAL_DMAEx_List_GetNodeConfig
 .text.HAL_DMAEx_List_InsertNode
                0x080047e0       0xde ./Drivers/STM32H5xx_HAL_Driver/Src/stm32h5xx_hal_dma_ex.o
                0x080047e0                HAL_DMAEx_List_InsertNode
 .text.HAL_DMAEx_List_SetCircularMode
                0x080048be       0x62 ./Drivers/STM32H5xx_HAL_Driver/Src/stm32h5xx_hal_dma_ex.o
                0x080048be                HAL_DMAEx_List_SetCircularMode
 .text.HAL_DMAEx_List_LinkQ
                0x08004920       0x78 ./Drivers/STM32H5xx_HAL_Driver/Src/stm32h5xx_hal_dma_ex.o
                0x08004920                HAL_DMAEx_List_LinkQ
 .text.HAL_DTS_Init
                0x08004998       0xa6 ./Drivers/STM32H5xx_HAL_Driver/Src/stm32h5xx_hal_dts.o
                0x08004998                HAL_DTS_Init
 .text.HAL_DTS_Start
                0x08004a3e       0x5e ./Drivers/STM32H5xx_HAL_Driver/Src/stm32h5xx_hal_dts.o
                0x08004a3e                HAL_DTS_Start
 .text.HAL_DTS_GetTemperature
                0x08004a9c       0x86 ./Drivers/STM32H5xx_HAL_Driver/Src/stm32h5xx_hal_dts.o
                0x08004a9c                HAL_DTS_GetTemperature
 *fill*         0x08004b22        0x2 
 .text.HAL_FDCAN_Init
                0x08004b24      0x1d0 ./Drivers/STM32H5xx_HAL_Driver/Src/stm32h5xx_hal_fdcan.o
                0x08004b24                HAL_FDCAN_Init
 .text.HAL_FDCAN_ConfigFilter
                0x08004cf4       0x50 ./Drivers/STM32H5xx_HAL_Driver/Src/stm32h5xx_hal_fdcan.o
                0x08004cf4                HAL_FDCAN_ConfigFilter
 .text.HAL_FDCAN_Start
                0x08004d44       0x2c ./Drivers/STM32H5xx_HAL_Driver/Src/stm32h5xx_hal_fdcan.o
                0x08004d44                HAL_FDCAN_Start
 .text.HAL_FDCAN_AddMessageToTxFifoQ
                0x08004d70       0xc8 ./Drivers/STM32H5xx_HAL_Driver/Src/stm32h5xx_hal_fdcan.o
                0x08004d70                HAL_FDCAN_AddMessageToTxFifoQ
 .text.HAL_FDCAN_GetRxMessage
                0x08004e38      0x110 ./Drivers/STM32H5xx_HAL_Driver/Src/stm32h5xx_hal_fdcan.o
                0x08004e38                HAL_FDCAN_GetRxMessage
 .text.HAL_FDCAN_ActivateNotification
                0x08004f48       0xda ./Drivers/STM32H5xx_HAL_Driver/Src/stm32h5xx_hal_fdcan.o
                0x08004f48                HAL_FDCAN_ActivateNotification
 .text.HAL_FDCAN_TxEventFifoCallback
                0x08005022        0x2 ./Drivers/STM32H5xx_HAL_Driver/Src/stm32h5xx_hal_fdcan.o
                0x08005022                HAL_FDCAN_TxEventFifoCallback
 .text.HAL_FDCAN_RxFifo1Callback
                0x08005024        0x2 ./Drivers/STM32H5xx_HAL_Driver/Src/stm32h5xx_hal_fdcan.o
                0x08005024                HAL_FDCAN_RxFifo1Callback
 .text.HAL_FDCAN_TxFifoEmptyCallback
                0x08005026        0x2 ./Drivers/STM32H5xx_HAL_Driver/Src/stm32h5xx_hal_fdcan.o
                0x08005026                HAL_FDCAN_TxFifoEmptyCallback
 .text.HAL_FDCAN_TxBufferCompleteCallback
                0x08005028        0x2 ./Drivers/STM32H5xx_HAL_Driver/Src/stm32h5xx_hal_fdcan.o
                0x08005028                HAL_FDCAN_TxBufferCompleteCallback
 .text.HAL_FDCAN_TxBufferAbortCallback
                0x0800502a        0x2 ./Drivers/STM32H5xx_HAL_Driver/Src/stm32h5xx_hal_fdcan.o
                0x0800502a                HAL_FDCAN_TxBufferAbortCallback
 .text.HAL_FDCAN_TimestampWraparoundCallback
                0x0800502c        0x2 ./Drivers/STM32H5xx_HAL_Driver/Src/stm32h5xx_hal_fdcan.o
                0x0800502c                HAL_FDCAN_TimestampWraparoundCallback
 .text.HAL_FDCAN_TimeoutOccurredCallback
                0x0800502e        0x2 ./Drivers/STM32H5xx_HAL_Driver/Src/stm32h5xx_hal_fdcan.o
                0x0800502e                HAL_FDCAN_TimeoutOccurredCallback
 .text.HAL_FDCAN_HighPriorityMessageCallback
                0x08005030        0x2 ./Drivers/STM32H5xx_HAL_Driver/Src/stm32h5xx_hal_fdcan.o
                0x08005030                HAL_FDCAN_HighPriorityMessageCallback
 .text.HAL_FDCAN_ErrorCallback
                0x08005032        0x2 ./Drivers/STM32H5xx_HAL_Driver/Src/stm32h5xx_hal_fdcan.o
                0x08005032                HAL_FDCAN_ErrorCallback
 .text.HAL_FDCAN_ErrorStatusCallback
                0x08005034        0x2 ./Drivers/STM32H5xx_HAL_Driver/Src/stm32h5xx_hal_fdcan.o
                0x08005034                HAL_FDCAN_ErrorStatusCallback
 .text.HAL_FDCAN_IRQHandler
                0x08005036      0x160 ./Drivers/STM32H5xx_HAL_Driver/Src/stm32h5xx_hal_fdcan.o
                0x08005036                HAL_FDCAN_IRQHandler
 *fill*         0x08005196        0x2 
 .text.HAL_FLASH_Unlock
                0x08005198       0x24 ./Drivers/STM32H5xx_HAL_Driver/Src/stm32h5xx_hal_flash.o
                0x08005198                HAL_FLASH_Unlock
 .text.HAL_FLASH_Lock
                0x080051bc       0x18 ./Drivers/STM32H5xx_HAL_Driver/Src/stm32h5xx_hal_flash.o
                0x080051bc                HAL_FLASH_Lock
 .text.HAL_GPIO_Init
                0x080051d4      0x150 ./Drivers/STM32H5xx_HAL_Driver/Src/stm32h5xx_hal_gpio.o
                0x080051d4                HAL_GPIO_Init
 .text.HAL_GPIO_ReadPin
                0x08005324        0xc ./Drivers/STM32H5xx_HAL_Driver/Src/stm32h5xx_hal_gpio.o
                0x08005324                HAL_GPIO_ReadPin
 .text.HAL_GPIO_WritePin
                0x08005330        0xa ./Drivers/STM32H5xx_HAL_Driver/Src/stm32h5xx_hal_gpio.o
                0x08005330                HAL_GPIO_WritePin
 .text.HAL_I2C_Init
                0x0800533a       0xaa ./Drivers/STM32H5xx_HAL_Driver/Src/stm32h5xx_hal_i2c.o
                0x0800533a                HAL_I2C_Init
 .text.HAL_I2CEx_ConfigAnalogFilter
                0x080053e4       0x4c ./Drivers/STM32H5xx_HAL_Driver/Src/stm32h5xx_hal_i2c_ex.o
                0x080053e4                HAL_I2CEx_ConfigAnalogFilter
 .text.HAL_I2CEx_ConfigDigitalFilter
                0x08005430       0x4a ./Drivers/STM32H5xx_HAL_Driver/Src/stm32h5xx_hal_i2c_ex.o
                0x08005430                HAL_I2CEx_ConfigDigitalFilter
 .text.HAL_I2CEx_ConfigFastModePlus
                0x0800547a       0x54 ./Drivers/STM32H5xx_HAL_Driver/Src/stm32h5xx_hal_i2c_ex.o
                0x0800547a                HAL_I2CEx_ConfigFastModePlus
 *fill*         0x080054ce        0x2 
 .text.HAL_ICACHE_ConfigAssociativityMode
                0x080054d0       0x20 ./Drivers/STM32H5xx_HAL_Driver/Src/stm32h5xx_hal_icache.o
                0x080054d0                HAL_ICACHE_ConfigAssociativityMode
 .text.HAL_ICACHE_Enable
                0x080054f0       0x14 ./Drivers/STM32H5xx_HAL_Driver/Src/stm32h5xx_hal_icache.o
                0x080054f0                HAL_ICACHE_Enable
 .text.HAL_PCD_Init
                0x08005504       0xda ./Drivers/STM32H5xx_HAL_Driver/Src/stm32h5xx_hal_pcd.o
                0x08005504                HAL_PCD_Init
 .text.HAL_PCDEx_ActivateLPM
                0x080055de       0x20 ./Drivers/STM32H5xx_HAL_Driver/Src/stm32h5xx_hal_pcd_ex.o
                0x080055de                HAL_PCDEx_ActivateLPM
 *fill*         0x080055fe        0x2 
 .text.HAL_RCC_GetSysClockFreq
                0x08005600      0x158 ./Drivers/STM32H5xx_HAL_Driver/Src/stm32h5xx_hal_rcc.o
                0x08005600                HAL_RCC_GetSysClockFreq
 .text.HAL_RCC_ClockConfig
                0x08005758      0x240 ./Drivers/STM32H5xx_HAL_Driver/Src/stm32h5xx_hal_rcc.o
                0x08005758                HAL_RCC_ClockConfig
 .text.HAL_RCC_GetHCLKFreq
                0x08005998       0x2c ./Drivers/STM32H5xx_HAL_Driver/Src/stm32h5xx_hal_rcc.o
                0x08005998                HAL_RCC_GetHCLKFreq
 .text.HAL_RCC_OscConfig
                0x080059c4      0x568 ./Drivers/STM32H5xx_HAL_Driver/Src/stm32h5xx_hal_rcc.o
                0x080059c4                HAL_RCC_OscConfig
 .text.HAL_RCC_GetPCLK1Freq
                0x08005f2c       0x24 ./Drivers/STM32H5xx_HAL_Driver/Src/stm32h5xx_hal_rcc.o
                0x08005f2c                HAL_RCC_GetPCLK1Freq
 .text.HAL_RCC_GetPCLK2Freq
                0x08005f50       0x24 ./Drivers/STM32H5xx_HAL_Driver/Src/stm32h5xx_hal_rcc.o
                0x08005f50                HAL_RCC_GetPCLK2Freq
 .text.HAL_RCC_GetPCLK3Freq
                0x08005f74       0x24 ./Drivers/STM32H5xx_HAL_Driver/Src/stm32h5xx_hal_rcc.o
                0x08005f74                HAL_RCC_GetPCLK3Freq
 .text.RCCEx_PLL2_Config
                0x08005f98       0xd4 ./Drivers/STM32H5xx_HAL_Driver/Src/stm32h5xx_hal_rcc_ex.o
 .text.HAL_RCCEx_PeriphCLKConfig
                0x0800606c      0x668 ./Drivers/STM32H5xx_HAL_Driver/Src/stm32h5xx_hal_rcc_ex.o
                0x0800606c                HAL_RCCEx_PeriphCLKConfig
 .text.HAL_RCCEx_GetPLL1ClockFreq
                0x080066d4      0x13c ./Drivers/STM32H5xx_HAL_Driver/Src/stm32h5xx_hal_rcc_ex.o
                0x080066d4                HAL_RCCEx_GetPLL1ClockFreq
 .text.HAL_RCCEx_GetPLL2ClockFreq
                0x08006810      0x13c ./Drivers/STM32H5xx_HAL_Driver/Src/stm32h5xx_hal_rcc_ex.o
                0x08006810                HAL_RCCEx_GetPLL2ClockFreq
 .text.HAL_RCCEx_GetPeriphCLKFreq
                0x0800694c      0x600 ./Drivers/STM32H5xx_HAL_Driver/Src/stm32h5xx_hal_rcc_ex.o
                0x0800694c                HAL_RCCEx_GetPeriphCLKFreq
 .text.UART_EndRxTransfer
                0x08006f4c       0x58 ./Drivers/STM32H5xx_HAL_Driver/Src/stm32h5xx_hal_uart.o
 .text.HAL_UART_TxCpltCallback
                0x08006fa4        0x2 ./Drivers/STM32H5xx_HAL_Driver/Src/stm32h5xx_hal_uart.o
                0x08006fa4                HAL_UART_TxCpltCallback
 .text.HAL_UART_RxCpltCallback
                0x08006fa6        0x2 ./Drivers/STM32H5xx_HAL_Driver/Src/stm32h5xx_hal_uart.o
                0x08006fa6                HAL_UART_RxCpltCallback
 .text.HAL_UART_ErrorCallback
                0x08006fa8        0x2 ./Drivers/STM32H5xx_HAL_Driver/Src/stm32h5xx_hal_uart.o
                0x08006fa8                HAL_UART_ErrorCallback
 .text.UART_DMAAbortOnError
                0x08006faa       0x10 ./Drivers/STM32H5xx_HAL_Driver/Src/stm32h5xx_hal_uart.o
 *fill*         0x08006fba        0x2 
 .text.HAL_UART_IRQHandler
                0x08006fbc      0x2c4 ./Drivers/STM32H5xx_HAL_Driver/Src/stm32h5xx_hal_uart.o
                0x08006fbc                HAL_UART_IRQHandler
 .text.UART_RxISR_8BIT
                0x08007280       0xcc ./Drivers/STM32H5xx_HAL_Driver/Src/stm32h5xx_hal_uart.o
 .text.UART_RxISR_16BIT
                0x0800734c       0xc4 ./Drivers/STM32H5xx_HAL_Driver/Src/stm32h5xx_hal_uart.o
 .text.UART_RxISR_8BIT_FIFOEN
                0x08007410      0x1a0 ./Drivers/STM32H5xx_HAL_Driver/Src/stm32h5xx_hal_uart.o
 .text.UART_RxISR_16BIT_FIFOEN
                0x080075b0      0x19c ./Drivers/STM32H5xx_HAL_Driver/Src/stm32h5xx_hal_uart.o
 .text.UART_SetConfig
                0x0800774c      0x174 ./Drivers/STM32H5xx_HAL_Driver/Src/stm32h5xx_hal_uart.o
                0x0800774c                UART_SetConfig
 .text.UART_AdvFeatureConfig
                0x080078c0       0xaa ./Drivers/STM32H5xx_HAL_Driver/Src/stm32h5xx_hal_uart.o
                0x080078c0                UART_AdvFeatureConfig
 .text.UART_WaitOnFlagUntilTimeout
                0x0800796a       0x90 ./Drivers/STM32H5xx_HAL_Driver/Src/stm32h5xx_hal_uart.o
                0x0800796a                UART_WaitOnFlagUntilTimeout
 .text.UART_CheckIdleState
                0x080079fa       0xb6 ./Drivers/STM32H5xx_HAL_Driver/Src/stm32h5xx_hal_uart.o
                0x080079fa                UART_CheckIdleState
 .text.HAL_UART_Init
                0x08007ab0       0x60 ./Drivers/STM32H5xx_HAL_Driver/Src/stm32h5xx_hal_uart.o
                0x08007ab0                HAL_UART_Init
 .text.UART_Start_Receive_IT
                0x08007b10      0x114 ./Drivers/STM32H5xx_HAL_Driver/Src/stm32h5xx_hal_uart.o
                0x08007b10                UART_Start_Receive_IT
 .text.UARTEx_SetNbDataToProcess
                0x08007c24       0x44 ./Drivers/STM32H5xx_HAL_Driver/Src/stm32h5xx_hal_uart_ex.o
 .text.HAL_UARTEx_WakeupCallback
                0x08007c68        0x2 ./Drivers/STM32H5xx_HAL_Driver/Src/stm32h5xx_hal_uart_ex.o
                0x08007c68                HAL_UARTEx_WakeupCallback
 .text.HAL_UARTEx_RxFifoFullCallback
                0x08007c6a        0x2 ./Drivers/STM32H5xx_HAL_Driver/Src/stm32h5xx_hal_uart_ex.o
                0x08007c6a                HAL_UARTEx_RxFifoFullCallback
 .text.HAL_UARTEx_TxFifoEmptyCallback
                0x08007c6c        0x2 ./Drivers/STM32H5xx_HAL_Driver/Src/stm32h5xx_hal_uart_ex.o
                0x08007c6c                HAL_UARTEx_TxFifoEmptyCallback
 .text.HAL_UARTEx_DisableFifoMode
                0x08007c6e       0x36 ./Drivers/STM32H5xx_HAL_Driver/Src/stm32h5xx_hal_uart_ex.o
                0x08007c6e                HAL_UARTEx_DisableFifoMode
 .text.HAL_UARTEx_SetTxFifoThreshold
                0x08007ca4       0x40 ./Drivers/STM32H5xx_HAL_Driver/Src/stm32h5xx_hal_uart_ex.o
                0x08007ca4                HAL_UARTEx_SetTxFifoThreshold
 .text.HAL_UARTEx_SetRxFifoThreshold
                0x08007ce4       0x40 ./Drivers/STM32H5xx_HAL_Driver/Src/stm32h5xx_hal_uart_ex.o
                0x08007ce4                HAL_UARTEx_SetRxFifoThreshold
 .text.HAL_UARTEx_ReceiveToIdle_IT
                0x08007d24       0x58 ./Drivers/STM32H5xx_HAL_Driver/Src/stm32h5xx_hal_uart_ex.o
                0x08007d24                HAL_UARTEx_ReceiveToIdle_IT
 .text.USB_CoreInit
                0x08007d7c       0x2e ./Drivers/STM32H5xx_HAL_Driver/Src/stm32h5xx_ll_usb.o
                0x08007d7c                USB_CoreInit
 .text.USB_DisableGlobalInt
                0x08007daa       0x10 ./Drivers/STM32H5xx_HAL_Driver/Src/stm32h5xx_ll_usb.o
                0x08007daa                USB_DisableGlobalInt
 .text.USB_SetCurrentMode
                0x08007dba       0x1e ./Drivers/STM32H5xx_HAL_Driver/Src/stm32h5xx_ll_usb.o
                0x08007dba                USB_SetCurrentMode
 .text.USB_DevInit
                0x08007dd8       0x2c ./Drivers/STM32H5xx_HAL_Driver/Src/stm32h5xx_ll_usb.o
                0x08007dd8                USB_DevInit
 .text.USB_DevDisconnect
                0x08007e04        0xc ./Drivers/STM32H5xx_HAL_Driver/Src/stm32h5xx_ll_usb.o
                0x08007e04                USB_DevDisconnect
 .text._prep_out_transaction.isra.0
                0x08007e10       0x70 ./tinyusb/src/class/cdc/cdc_device.o
 .text.tud_cdc_n_connected
                0x08007e80       0x2c ./tinyusb/src/class/cdc/cdc_device.o
                0x08007e80                tud_cdc_n_connected
 .text.tud_cdc_n_available
                0x08007eac       0x18 ./tinyusb/src/class/cdc/cdc_device.o
                0x08007eac                tud_cdc_n_available
 .text.tud_cdc_n_read
                0x08007ec4       0x30 ./tinyusb/src/class/cdc/cdc_device.o
                0x08007ec4                tud_cdc_n_read
 .text.tud_cdc_n_write_flush
                0x08007ef4       0x84 ./tinyusb/src/class/cdc/cdc_device.o
                0x08007ef4                tud_cdc_n_write_flush
 .text.tud_cdc_n_write
                0x08007f78       0x3c ./tinyusb/src/class/cdc/cdc_device.o
                0x08007f78                tud_cdc_n_write
 .text.cdcd_init
                0x08007fb4       0x58 ./tinyusb/src/class/cdc/cdc_device.o
                0x08007fb4                cdcd_init
 .text.cdcd_deinit
                0x0800800c        0x4 ./tinyusb/src/class/cdc/cdc_device.o
                0x0800800c                cdcd_deinit
 .text.cdcd_reset
                0x08008010       0x3c ./tinyusb/src/class/cdc/cdc_device.o
                0x08008010                cdcd_reset
 .text.cdcd_open
                0x0800804c       0xa4 ./tinyusb/src/class/cdc/cdc_device.o
                0x0800804c                cdcd_open
 .text.cdcd_control_xfer_cb
                0x080080f0       0xbc ./tinyusb/src/class/cdc/cdc_device.o
                0x080080f0                cdcd_control_xfer_cb
 .text.cdcd_xfer_cb
                0x080081ac       0xf0 ./tinyusb/src/class/cdc/cdc_device.o
                0x080081ac                cdcd_xfer_cb
 .text.tud_vendor_n_mounted
                0x0800829c       0x1c ./tinyusb/src/class/vendor/vendor_device.o
                0x0800829c                tud_vendor_n_mounted
 .text.tud_vendor_n_write
                0x080082b8       0x14 ./tinyusb/src/class/vendor/vendor_device.o
                0x080082b8                tud_vendor_n_write
 .text.tud_vendor_n_write_available
                0x080082cc       0x10 ./tinyusb/src/class/vendor/vendor_device.o
                0x080082cc                tud_vendor_n_write_available
 .text.vendord_init
                0x080082dc       0x5c ./tinyusb/src/class/vendor/vendor_device.o
                0x080082dc                vendord_init
 .text.vendord_deinit
                0x08008338       0x1c ./tinyusb/src/class/vendor/vendor_device.o
                0x08008338                vendord_deinit
 .text.vendord_reset
                0x08008354       0x24 ./tinyusb/src/class/vendor/vendor_device.o
                0x08008354                vendord_reset
 .text.vendord_open
                0x08008378       0xec ./tinyusb/src/class/vendor/vendor_device.o
                0x08008378                vendord_open
 .text.vendord_xfer_cb
                0x08008464       0x88 ./tinyusb/src/class/vendor/vendor_device.o
                0x08008464                vendord_xfer_cb
 .text.advance_index
                0x080084ec       0x18 ./tinyusb/src/common/tusb_fifo.o
 .text._tu_fifo_peek
                0x08008504       0x4a ./tinyusb/src/common/tusb_fifo.o
 .text._tu_fifo_peek_n.constprop.0
                0x0800854e       0x8a ./tinyusb/src/common/tusb_fifo.o
 .text.tu_fifo_config
                0x080085d8       0x26 ./tinyusb/src/common/tusb_fifo.o
                0x080085d8                tu_fifo_config
 .text.tu_fifo_count
                0x080085fe       0x22 ./tinyusb/src/common/tusb_fifo.o
                0x080085fe                tu_fifo_count
 .text.tu_fifo_empty
                0x08008620       0x10 ./tinyusb/src/common/tusb_fifo.o
                0x08008620                tu_fifo_empty
 .text.tu_fifo_full
                0x08008630       0x22 ./tinyusb/src/common/tusb_fifo.o
                0x08008630                tu_fifo_full
 .text.tu_fifo_remaining
                0x08008652       0x24 ./tinyusb/src/common/tusb_fifo.o
                0x08008652                tu_fifo_remaining
 .text.tu_fifo_read
                0x08008676       0x24 ./tinyusb/src/common/tusb_fifo.o
                0x08008676                tu_fifo_read
 .text.tu_fifo_read_n
                0x0800869a       0x28 ./tinyusb/src/common/tusb_fifo.o
                0x0800869a                tu_fifo_read_n
 .text.tu_fifo_write
                0x080086c2       0x46 ./tinyusb/src/common/tusb_fifo.o
                0x080086c2                tu_fifo_write
 .text.tu_fifo_write_n
                0x08008708       0xea ./tinyusb/src/common/tusb_fifo.o
                0x08008708                tu_fifo_write_n
 .text.tu_fifo_clear
                0x080087f2        0xa ./tinyusb/src/common/tusb_fifo.o
                0x080087f2                tu_fifo_clear
 .text.tu_fifo_set_overwritable
                0x080087fc        0xc ./tinyusb/src/common/tusb_fifo.o
                0x080087fc                tu_fifo_set_overwritable
 .text.tu_fifo_advance_write_pointer
                0x08008808       0x14 ./tinyusb/src/common/tusb_fifo.o
                0x08008808                tu_fifo_advance_write_pointer
 .text.tu_fifo_advance_read_pointer
                0x0800881c       0x14 ./tinyusb/src/common/tusb_fifo.o
                0x0800881c                tu_fifo_advance_read_pointer
 .text.tu_fifo_get_read_info
                0x08008830       0x72 ./tinyusb/src/common/tusb_fifo.o
                0x08008830                tu_fifo_get_read_info
 .text.tu_fifo_get_write_info
                0x080088a2       0x5c ./tinyusb/src/common/tusb_fifo.o
                0x080088a2                tu_fifo_get_write_info
 *fill*         0x080088fe        0x2 
 .text.configuration_reset
                0x08008900       0x88 ./tinyusb/src/device/usbd.o
 .text.invoke_class_control
                0x08008988       0x1c ./tinyusb/src/device/usbd.o
 .text.usbd_int_set
                0x080089a4       0x14 ./tinyusb/src/device/usbd.o
                0x080089a4                usbd_int_set
 .text.tud_event_hook_cb
                0x080089b8        0x2 ./tinyusb/src/device/usbd.o
                0x080089b8                tud_event_hook_cb
 .text.tud_sof_cb
                0x080089ba        0x2 ./tinyusb/src/device/usbd.o
                0x080089ba                tud_sof_cb
 .text.tud_descriptor_device_qualifier_cb
                0x080089bc        0x4 ./tinyusb/src/device/usbd.o
                0x080089bc                tud_descriptor_device_qualifier_cb
 .text.tud_descriptor_other_speed_configuration_cb
                0x080089c0        0x4 ./tinyusb/src/device/usbd.o
                0x080089c0                tud_descriptor_other_speed_configuration_cb
 .text.tud_mount_cb
                0x080089c4        0x2 ./tinyusb/src/device/usbd.o
                0x080089c4                tud_mount_cb
 .text.tud_umount_cb
                0x080089c6        0x2 ./tinyusb/src/device/usbd.o
                0x080089c6                tud_umount_cb
 .text.tud_suspend_cb
                0x080089c8        0x2 ./tinyusb/src/device/usbd.o
                0x080089c8                tud_suspend_cb
 .text.tud_resume_cb
                0x080089ca        0x2 ./tinyusb/src/device/usbd.o
                0x080089ca                tud_resume_cb
 .text.tud_mounted
                0x080089cc       0x10 ./tinyusb/src/device/usbd.o
                0x080089cc                tud_mounted
 .text.tud_suspended
                0x080089dc       0x10 ./tinyusb/src/device/usbd.o
                0x080089dc                tud_suspended
 .text.tud_rhport_init
                0x080089ec       0xd4 ./tinyusb/src/device/usbd.o
                0x080089ec                tud_rhport_init
 .text.dcd_event_handler
                0x08008ac0      0x1d0 ./tinyusb/src/device/usbd.o
                0x08008ac0                dcd_event_handler
 .text.usbd_edpt_open
                0x08008c90       0x44 ./tinyusb/src/device/usbd.o
                0x08008c90                usbd_edpt_open
 .text.usbd_open_edpt_pair
                0x08008cd4       0x5c ./tinyusb/src/device/usbd.o
                0x08008cd4                usbd_open_edpt_pair
 .text.usbd_edpt_claim
                0x08008d30       0x1c ./tinyusb/src/device/usbd.o
                0x08008d30                usbd_edpt_claim
 .text.usbd_edpt_release
                0x08008d4c       0x1c ./tinyusb/src/device/usbd.o
                0x08008d4c                usbd_edpt_release
 .text.usbd_edpt_xfer
                0x08008d68       0x5c ./tinyusb/src/device/usbd.o
                0x08008d68                usbd_edpt_xfer
 .text.usbd_edpt_busy
                0x08008dc4       0x1c ./tinyusb/src/device/usbd.o
                0x08008dc4                usbd_edpt_busy
 .text.usbd_edpt_stall
                0x08008de0       0x3c ./tinyusb/src/device/usbd.o
                0x08008de0                usbd_edpt_stall
 .text.usbd_edpt_clear_stall
                0x08008e1c       0x3c ./tinyusb/src/device/usbd.o
                0x08008e1c                usbd_edpt_clear_stall
 .text.usbd_edpt_stalled
                0x08008e58       0x1c ./tinyusb/src/device/usbd.o
                0x08008e58                usbd_edpt_stalled
 .text.tud_task_ext
                0x08008e74      0x660 ./tinyusb/src/device/usbd.o
                0x08008e74                tud_task_ext
 .text.data_stage_xact
                0x080094d4       0x54 ./tinyusb/src/device/usbd_control.o
 .text.status_stage_xact.isra.0
                0x08009528        0xe ./tinyusb/src/device/usbd_control.o
 *fill*         0x08009536        0x2 
 .text.tud_control_status
                0x08009538       0x24 ./tinyusb/src/device/usbd_control.o
                0x08009538                tud_control_status
 .text.tud_control_xfer
                0x0800955c       0x54 ./tinyusb/src/device/usbd_control.o
                0x0800955c                tud_control_xfer
 .text.usbd_control_reset
                0x080095b0       0x10 ./tinyusb/src/device/usbd_control.o
                0x080095b0                usbd_control_reset
 .text.usbd_control_set_complete_callback
                0x080095c0        0xc ./tinyusb/src/device/usbd_control.o
                0x080095c0                usbd_control_set_complete_callback
 .text.usbd_control_set_request
                0x080095cc       0x1c ./tinyusb/src/device/usbd_control.o
                0x080095cc                usbd_control_set_request
 .text.usbd_control_xfer_cb
                0x080095e8       0xac ./tinyusb/src/device/usbd_control.o
                0x080095e8                usbd_control_xfer_cb
 .text.dcd_ep_alloc
                0x08009694       0x80 ./tinyusb/src/portable/st/stm32_fsdev/dcd_stm32_fsdev.o
 .text.dcd_pma_alloc
                0x08009714       0x4c ./tinyusb/src/portable/st/stm32_fsdev/dcd_stm32_fsdev.o
 .text.dcd_write_packet_memory.part.0
                0x08009760       0x44 ./tinyusb/src/portable/st/stm32_fsdev/dcd_stm32_fsdev.o
 .text.dcd_read_packet_memory.part.0
                0x080097a4       0x42 ./tinyusb/src/portable/st/stm32_fsdev/dcd_stm32_fsdev.o
 *fill*         0x080097e6        0x2 
 .text.handle_bus_reset.isra.0
                0x080097e8       0xa8 ./tinyusb/src/portable/st/stm32_fsdev/dcd_stm32_fsdev.o
 .text.dcd_int_disable.constprop.0
                0x08009890       0x18 ./tinyusb/src/portable/st/stm32_fsdev/dcd_stm32_fsdev.o
 .text.dcd_int_enable
                0x080098a8       0x18 ./tinyusb/src/portable/st/stm32_fsdev/dcd_stm32_fsdev.o
                0x080098a8                dcd_int_enable
 .text.dcd_transmit_packet
                0x080098c0      0x184 ./tinyusb/src/portable/st/stm32_fsdev/dcd_stm32_fsdev.o
 .text.edpt_xfer.isra.0
                0x08009a44       0xf4 ./tinyusb/src/portable/st/stm32_fsdev/dcd_stm32_fsdev.o
 .text.dcd_int_disable
                0x08009b38       0x18 ./tinyusb/src/portable/st/stm32_fsdev/dcd_stm32_fsdev.o
                0x08009b38                dcd_int_disable
 .text.dcd_connect
                0x08009b50       0x10 ./tinyusb/src/portable/st/stm32_fsdev/dcd_stm32_fsdev.o
                0x08009b50                dcd_connect
 .text.dcd_init
                0x08009b60       0x7c ./tinyusb/src/portable/st/stm32_fsdev/dcd_stm32_fsdev.o
                0x08009b60                dcd_init
 .text.dcd_sof_enable
                0x08009bdc       0x18 ./tinyusb/src/portable/st/stm32_fsdev/dcd_stm32_fsdev.o
                0x08009bdc                dcd_sof_enable
 .text.dcd_int_handler
                0x08009bf4      0x454 ./tinyusb/src/portable/st/stm32_fsdev/dcd_stm32_fsdev.o
                0x08009bf4                dcd_int_handler
 .text.dcd_edpt0_status_complete
                0x0800a048       0x30 ./tinyusb/src/portable/st/stm32_fsdev/dcd_stm32_fsdev.o
                0x0800a048                dcd_edpt0_status_complete
 .text.dcd_edpt_open
                0x0800a078       0xe4 ./tinyusb/src/portable/st/stm32_fsdev/dcd_stm32_fsdev.o
                0x0800a078                dcd_edpt_open
 .text.dcd_edpt_close_all
                0x0800a15c       0x40 ./tinyusb/src/portable/st/stm32_fsdev/dcd_stm32_fsdev.o
                0x0800a15c                dcd_edpt_close_all
 .text.dcd_edpt_xfer
                0x0800a19c       0x2c ./tinyusb/src/portable/st/stm32_fsdev/dcd_stm32_fsdev.o
                0x0800a19c                dcd_edpt_xfer
 .text.dcd_set_address
                0x0800a1c8        0xa ./tinyusb/src/portable/st/stm32_fsdev/dcd_stm32_fsdev.o
                0x0800a1c8                dcd_set_address
 *fill*         0x0800a1d2        0x2 
 .text.dcd_edpt_stall
                0x0800a1d4       0x60 ./tinyusb/src/portable/st/stm32_fsdev/dcd_stm32_fsdev.o
                0x0800a1d4                dcd_edpt_stall
 .text.dcd_edpt_clear_stall
                0x0800a234       0x74 ./tinyusb/src/portable/st/stm32_fsdev/dcd_stm32_fsdev.o
                0x0800a234                dcd_edpt_clear_stall
 .text.tusb_rhport_init
                0x0800a2a8       0x64 ./tinyusb/src/tusb.o
                0x0800a2a8                tusb_rhport_init
 .text.tu_edpt_claim
                0x0800a30c       0x36 ./tinyusb/src/tusb.o
                0x0800a30c                tu_edpt_claim
 .text.tu_edpt_release
                0x0800a342       0x22 ./tinyusb/src/tusb.o
                0x0800a342                tu_edpt_release
 .text.tu_edpt_validate
                0x0800a364       0x88 ./tinyusb/src/tusb.o
                0x0800a364                tu_edpt_validate
 .text.tu_edpt_bind_driver
                0x0800a3ec       0x24 ./tinyusb/src/tusb.o
                0x0800a3ec                tu_edpt_bind_driver
 .text.tu_edpt_stream_init
                0x0800a410       0x2c ./tinyusb/src/tusb.o
                0x0800a410                tu_edpt_stream_init
 .text.tu_edpt_stream_deinit
                0x0800a43c        0x4 ./tinyusb/src/tusb.o
                0x0800a43c                tu_edpt_stream_deinit
 .text.tu_edpt_stream_write_zlp_if_needed
                0x0800a440       0x68 ./tinyusb/src/tusb.o
                0x0800a440                tu_edpt_stream_write_zlp_if_needed
 .text.tu_edpt_stream_write_xfer
                0x0800a4a8       0x6c ./tinyusb/src/tusb.o
                0x0800a4a8                tu_edpt_stream_write_xfer
 .text.tu_edpt_stream_write
                0x0800a514       0xa4 ./tinyusb/src/tusb.o
                0x0800a514                tu_edpt_stream_write
 .text.tu_edpt_stream_write_available
                0x0800a5b8       0x2a ./tinyusb/src/tusb.o
                0x0800a5b8                tu_edpt_stream_write_available
 .text.tu_edpt_stream_read_xfer
                0x0800a5e2       0xbc ./tinyusb/src/tusb.o
                0x0800a5e2                tu_edpt_stream_read_xfer
 *fill*         0x0800a69e        0x2 
 .text.sprintf  0x0800a6a0       0x44 C:/ST/STM32CubeIDE_1.18.0/STM32CubeIDE/plugins/com.st.stm32cube.ide.mcu.externaltools.gnu-tools-for-stm32.13.3.rel1.win32_1.0.0.202411081344/tools/bin/../lib/gcc/arm-none-eabi/13.3.1/../../../../arm-none-eabi/lib/thumb/v8-m.main+fp/hard\libc_nano.a(libc_a-sprintf.o)
                0x0800a6a0                siprintf
                0x0800a6a0                sprintf
 .text.sscanf   0x0800a6e4       0x58 C:/ST/STM32CubeIDE_1.18.0/STM32CubeIDE/plugins/com.st.stm32cube.ide.mcu.externaltools.gnu-tools-for-stm32.13.3.rel1.win32_1.0.0.202411081344/tools/bin/../lib/gcc/arm-none-eabi/13.3.1/../../../../arm-none-eabi/lib/thumb/v8-m.main+fp/hard\libc_nano.a(libc_a-sscanf.o)
                0x0800a6e4                siscanf
                0x0800a6e4                sscanf
 .text.__seofread
                0x0800a73c        0x4 C:/ST/STM32CubeIDE_1.18.0/STM32CubeIDE/plugins/com.st.stm32cube.ide.mcu.externaltools.gnu-tools-for-stm32.13.3.rel1.win32_1.0.0.202411081344/tools/bin/../lib/gcc/arm-none-eabi/13.3.1/../../../../arm-none-eabi/lib/thumb/v8-m.main+fp/hard\libc_nano.a(libc_a-stdio.o)
                0x0800a73c                __seofread
 .text.memset   0x0800a740       0x10 C:/ST/STM32CubeIDE_1.18.0/STM32CubeIDE/plugins/com.st.stm32cube.ide.mcu.externaltools.gnu-tools-for-stm32.13.3.rel1.win32_1.0.0.202411081344/tools/bin/../lib/gcc/arm-none-eabi/13.3.1/../../../../arm-none-eabi/lib/thumb/v8-m.main+fp/hard\libc_nano.a(libc_a-memset.o)
                0x0800a740                memset
 .text.__errno  0x0800a750        0xc C:/ST/STM32CubeIDE_1.18.0/STM32CubeIDE/plugins/com.st.stm32cube.ide.mcu.externaltools.gnu-tools-for-stm32.13.3.rel1.win32_1.0.0.202411081344/tools/bin/../lib/gcc/arm-none-eabi/13.3.1/../../../../arm-none-eabi/lib/thumb/v8-m.main+fp/hard\libc_nano.a(libc_a-errno.o)
                0x0800a750                __errno
 .text.__libc_init_array
                0x0800a75c       0x48 C:/ST/STM32CubeIDE_1.18.0/STM32CubeIDE/plugins/com.st.stm32cube.ide.mcu.externaltools.gnu-tools-for-stm32.13.3.rel1.win32_1.0.0.202411081344/tools/bin/../lib/gcc/arm-none-eabi/13.3.1/../../../../arm-none-eabi/lib/thumb/v8-m.main+fp/hard\libc_nano.a(libc_a-init.o)
                0x0800a75c                __libc_init_array
 .text.__retarget_lock_acquire_recursive
                0x0800a7a4        0x2 C:/ST/STM32CubeIDE_1.18.0/STM32CubeIDE/plugins/com.st.stm32cube.ide.mcu.externaltools.gnu-tools-for-stm32.13.3.rel1.win32_1.0.0.202411081344/tools/bin/../lib/gcc/arm-none-eabi/13.3.1/../../../../arm-none-eabi/lib/thumb/v8-m.main+fp/hard\libc_nano.a(libc_a-lock.o)
                0x0800a7a4                __retarget_lock_acquire_recursive
 .text.__retarget_lock_release_recursive
                0x0800a7a6        0x2 C:/ST/STM32CubeIDE_1.18.0/STM32CubeIDE/plugins/com.st.stm32cube.ide.mcu.externaltools.gnu-tools-for-stm32.13.3.rel1.win32_1.0.0.202411081344/tools/bin/../lib/gcc/arm-none-eabi/13.3.1/../../../../arm-none-eabi/lib/thumb/v8-m.main+fp/hard\libc_nano.a(libc_a-lock.o)
                0x0800a7a6                __retarget_lock_release_recursive
 .text.memcpy   0x0800a7a8       0x1a C:/ST/STM32CubeIDE_1.18.0/STM32CubeIDE/plugins/com.st.stm32cube.ide.mcu.externaltools.gnu-tools-for-stm32.13.3.rel1.win32_1.0.0.202411081344/tools/bin/../lib/gcc/arm-none-eabi/13.3.1/../../../../arm-none-eabi/lib/thumb/v8-m.main+fp/hard\libc_nano.a(libc_a-memcpy-stub.o)
                0x0800a7a8                memcpy
 *fill*         0x0800a7c2        0x2 
 .text._free_r  0x0800a7c4       0x94 C:/ST/STM32CubeIDE_1.18.0/STM32CubeIDE/plugins/com.st.stm32cube.ide.mcu.externaltools.gnu-tools-for-stm32.13.3.rel1.win32_1.0.0.202411081344/tools/bin/../lib/gcc/arm-none-eabi/13.3.1/../../../../arm-none-eabi/lib/thumb/v8-m.main+fp/hard\libc_nano.a(libc_a-freer.o)
                0x0800a7c4                _free_r
 .text.sbrk_aligned
                0x0800a858       0x44 C:/ST/STM32CubeIDE_1.18.0/STM32CubeIDE/plugins/com.st.stm32cube.ide.mcu.externaltools.gnu-tools-for-stm32.13.3.rel1.win32_1.0.0.202411081344/tools/bin/../lib/gcc/arm-none-eabi/13.3.1/../../../../arm-none-eabi/lib/thumb/v8-m.main+fp/hard\libc_nano.a(libc_a-mallocr.o)
 .text._malloc_r
                0x0800a89c      0x100 C:/ST/STM32CubeIDE_1.18.0/STM32CubeIDE/plugins/com.st.stm32cube.ide.mcu.externaltools.gnu-tools-for-stm32.13.3.rel1.win32_1.0.0.202411081344/tools/bin/../lib/gcc/arm-none-eabi/13.3.1/../../../../arm-none-eabi/lib/thumb/v8-m.main+fp/hard\libc_nano.a(libc_a-mallocr.o)
                0x0800a89c                _malloc_r
 .text.__malloc_lock
                0x0800a99c        0xc C:/ST/STM32CubeIDE_1.18.0/STM32CubeIDE/plugins/com.st.stm32cube.ide.mcu.externaltools.gnu-tools-for-stm32.13.3.rel1.win32_1.0.0.202411081344/tools/bin/../lib/gcc/arm-none-eabi/13.3.1/../../../../arm-none-eabi/lib/thumb/v8-m.main+fp/hard\libc_nano.a(libc_a-mlock.o)
                0x0800a99c                __malloc_lock
 .text.__malloc_unlock
                0x0800a9a8        0xc C:/ST/STM32CubeIDE_1.18.0/STM32CubeIDE/plugins/com.st.stm32cube.ide.mcu.externaltools.gnu-tools-for-stm32.13.3.rel1.win32_1.0.0.202411081344/tools/bin/../lib/gcc/arm-none-eabi/13.3.1/../../../../arm-none-eabi/lib/thumb/v8-m.main+fp/hard\libc_nano.a(libc_a-mlock.o)
                0x0800a9a8                __malloc_unlock
 .text.__ssputs_r
                0x0800a9b4       0xb6 C:/ST/STM32CubeIDE_1.18.0/STM32CubeIDE/plugins/com.st.stm32cube.ide.mcu.externaltools.gnu-tools-for-stm32.13.3.rel1.win32_1.0.0.202411081344/tools/bin/../lib/gcc/arm-none-eabi/13.3.1/../../../../arm-none-eabi/lib/thumb/v8-m.main+fp/hard\libc_nano.a(libc_a-nano-svfprintf.o)
                0x0800a9b4                __ssputs_r
 *fill*         0x0800aa6a        0x2 
 .text._svfprintf_r
                0x0800aa6c      0x1f8 C:/ST/STM32CubeIDE_1.18.0/STM32CubeIDE/plugins/com.st.stm32cube.ide.mcu.externaltools.gnu-tools-for-stm32.13.3.rel1.win32_1.0.0.202411081344/tools/bin/../lib/gcc/arm-none-eabi/13.3.1/../../../../arm-none-eabi/lib/thumb/v8-m.main+fp/hard\libc_nano.a(libc_a-nano-svfprintf.o)
                0x0800aa6c                _svfiprintf_r
                0x0800aa6c                _svfprintf_r
 .text._sungetc_r
                0x0800ac64       0x7a C:/ST/STM32CubeIDE_1.18.0/STM32CubeIDE/plugins/com.st.stm32cube.ide.mcu.externaltools.gnu-tools-for-stm32.13.3.rel1.win32_1.0.0.202411081344/tools/bin/../lib/gcc/arm-none-eabi/13.3.1/../../../../arm-none-eabi/lib/thumb/v8-m.main+fp/hard\libc_nano.a(libc_a-nano-svfscanf.o)
                0x0800ac64                _sungetc_r
 .text.__ssrefill_r
                0x0800acde       0x3a C:/ST/STM32CubeIDE_1.18.0/STM32CubeIDE/plugins/com.st.stm32cube.ide.mcu.externaltools.gnu-tools-for-stm32.13.3.rel1.win32_1.0.0.202411081344/tools/bin/../lib/gcc/arm-none-eabi/13.3.1/../../../../arm-none-eabi/lib/thumb/v8-m.main+fp/hard\libc_nano.a(libc_a-nano-svfscanf.o)
                0x0800acde                __ssrefill_r
 .text.__ssvfscanf_r
                0x0800ad18      0x2ec C:/ST/STM32CubeIDE_1.18.0/STM32CubeIDE/plugins/com.st.stm32cube.ide.mcu.externaltools.gnu-tools-for-stm32.13.3.rel1.win32_1.0.0.202411081344/tools/bin/../lib/gcc/arm-none-eabi/13.3.1/../../../../arm-none-eabi/lib/thumb/v8-m.main+fp/hard\libc_nano.a(libc_a-nano-svfscanf.o)
                0x0800ad18                __ssvfiscanf_r
                0x0800ad18                __ssvfscanf_r
 .text._printf_common
                0x0800b004       0xe4 C:/ST/STM32CubeIDE_1.18.0/STM32CubeIDE/plugins/com.st.stm32cube.ide.mcu.externaltools.gnu-tools-for-stm32.13.3.rel1.win32_1.0.0.202411081344/tools/bin/../lib/gcc/arm-none-eabi/13.3.1/../../../../arm-none-eabi/lib/thumb/v8-m.main+fp/hard\libc_nano.a(libc_a-nano-vfprintf_i.o)
                0x0800b004                _printf_common
 .text._printf_i
                0x0800b0e8      0x23c C:/ST/STM32CubeIDE_1.18.0/STM32CubeIDE/plugins/com.st.stm32cube.ide.mcu.externaltools.gnu-tools-for-stm32.13.3.rel1.win32_1.0.0.202411081344/tools/bin/../lib/gcc/arm-none-eabi/13.3.1/../../../../arm-none-eabi/lib/thumb/v8-m.main+fp/hard\libc_nano.a(libc_a-nano-vfprintf_i.o)
                0x0800b0e8                _printf_i
 .text._scanf_chars
                0x0800b324       0xb4 C:/ST/STM32CubeIDE_1.18.0/STM32CubeIDE/plugins/com.st.stm32cube.ide.mcu.externaltools.gnu-tools-for-stm32.13.3.rel1.win32_1.0.0.202411081344/tools/bin/../lib/gcc/arm-none-eabi/13.3.1/../../../../arm-none-eabi/lib/thumb/v8-m.main+fp/hard\libc_nano.a(libc_a-nano-vfscanf_i.o)
                0x0800b324                _scanf_chars
 .text._scanf_i
                0x0800b3d8      0x1e4 C:/ST/STM32CubeIDE_1.18.0/STM32CubeIDE/plugins/com.st.stm32cube.ide.mcu.externaltools.gnu-tools-for-stm32.13.3.rel1.win32_1.0.0.202411081344/tools/bin/../lib/gcc/arm-none-eabi/13.3.1/../../../../arm-none-eabi/lib/thumb/v8-m.main+fp/hard\libc_nano.a(libc_a-nano-vfscanf_i.o)
                0x0800b3d8                _scanf_i
 .text.__sccl   0x0800b5bc       0x72 C:/ST/STM32CubeIDE_1.18.0/STM32CubeIDE/plugins/com.st.stm32cube.ide.mcu.externaltools.gnu-tools-for-stm32.13.3.rel1.win32_1.0.0.202411081344/tools/bin/../lib/gcc/arm-none-eabi/13.3.1/../../../../arm-none-eabi/lib/thumb/v8-m.main+fp/hard\libc_nano.a(libc_a-sccl.o)
                0x0800b5bc                __sccl
 .text.__submore
                0x0800b62e       0x6e C:/ST/STM32CubeIDE_1.18.0/STM32CubeIDE/plugins/com.st.stm32cube.ide.mcu.externaltools.gnu-tools-for-stm32.13.3.rel1.win32_1.0.0.202411081344/tools/bin/../lib/gcc/arm-none-eabi/13.3.1/../../../../arm-none-eabi/lib/thumb/v8-m.main+fp/hard\libc_nano.a(libc_a-ungetc.o)
                0x0800b62e                __submore
 .text.memmove  0x0800b69c       0x34 C:/ST/STM32CubeIDE_1.18.0/STM32CubeIDE/plugins/com.st.stm32cube.ide.mcu.externaltools.gnu-tools-for-stm32.13.3.rel1.win32_1.0.0.202411081344/tools/bin/../lib/gcc/arm-none-eabi/13.3.1/../../../../arm-none-eabi/lib/thumb/v8-m.main+fp/hard\libc_nano.a(libc_a-memmove.o)
                0x0800b69c                memmove
 .text._sbrk_r  0x0800b6d0       0x20 C:/ST/STM32CubeIDE_1.18.0/STM32CubeIDE/plugins/com.st.stm32cube.ide.mcu.externaltools.gnu-tools-for-stm32.13.3.rel1.win32_1.0.0.202411081344/tools/bin/../lib/gcc/arm-none-eabi/13.3.1/../../../../arm-none-eabi/lib/thumb/v8-m.main+fp/hard\libc_nano.a(libc_a-sbrkr.o)
                0x0800b6d0                _sbrk_r
 .text.memchr   0x0800b6f0       0x1c C:/ST/STM32CubeIDE_1.18.0/STM32CubeIDE/plugins/com.st.stm32cube.ide.mcu.externaltools.gnu-tools-for-stm32.13.3.rel1.win32_1.0.0.202411081344/tools/bin/../lib/gcc/arm-none-eabi/13.3.1/../../../../arm-none-eabi/lib/thumb/v8-m.main+fp/hard\libc_nano.a(libc_a-memchr-stub.o)
                0x0800b6f0                memchr
 .text._realloc_r
                0x0800b70c       0x5c C:/ST/STM32CubeIDE_1.18.0/STM32CubeIDE/plugins/com.st.stm32cube.ide.mcu.externaltools.gnu-tools-for-stm32.13.3.rel1.win32_1.0.0.202411081344/tools/bin/../lib/gcc/arm-none-eabi/13.3.1/../../../../arm-none-eabi/lib/thumb/v8-m.main+fp/hard\libc_nano.a(libc_a-reallocr.o)
                0x0800b70c                _realloc_r
 .text._strtol_l.isra.0
                0x0800b768       0xf4 C:/ST/STM32CubeIDE_1.18.0/STM32CubeIDE/plugins/com.st.stm32cube.ide.mcu.externaltools.gnu-tools-for-stm32.13.3.rel1.win32_1.0.0.202411081344/tools/bin/../lib/gcc/arm-none-eabi/13.3.1/../../../../arm-none-eabi/lib/thumb/v8-m.main+fp/hard\libc_nano.a(libc_a-strtol.o)
 .text._strtol_r
                0x0800b85c        0x4 C:/ST/STM32CubeIDE_1.18.0/STM32CubeIDE/plugins/com.st.stm32cube.ide.mcu.externaltools.gnu-tools-for-stm32.13.3.rel1.win32_1.0.0.202411081344/tools/bin/../lib/gcc/arm-none-eabi/13.3.1/../../../../arm-none-eabi/lib/thumb/v8-m.main+fp/hard\libc_nano.a(libc_a-strtol.o)
                0x0800b85c                _strtol_r
 .text._strtoul_l.isra.0
                0x0800b860       0xdc C:/ST/STM32CubeIDE_1.18.0/STM32CubeIDE/plugins/com.st.stm32cube.ide.mcu.externaltools.gnu-tools-for-stm32.13.3.rel1.win32_1.0.0.202411081344/tools/bin/../lib/gcc/arm-none-eabi/13.3.1/../../../../arm-none-eabi/lib/thumb/v8-m.main+fp/hard\libc_nano.a(libc_a-strtoul.o)
 .text._strtoul_r
                0x0800b93c        0x4 C:/ST/STM32CubeIDE_1.18.0/STM32CubeIDE/plugins/com.st.stm32cube.ide.mcu.externaltools.gnu-tools-for-stm32.13.3.rel1.win32_1.0.0.202411081344/tools/bin/../lib/gcc/arm-none-eabi/13.3.1/../../../../arm-none-eabi/lib/thumb/v8-m.main+fp/hard\libc_nano.a(libc_a-strtoul.o)
                0x0800b93c                _strtoul_r
 .text._malloc_usable_size_r
                0x0800b940       0x10 C:/ST/STM32CubeIDE_1.18.0/STM32CubeIDE/plugins/com.st.stm32cube.ide.mcu.externaltools.gnu-tools-for-stm32.13.3.rel1.win32_1.0.0.202411081344/tools/bin/../lib/gcc/arm-none-eabi/13.3.1/../../../../arm-none-eabi/lib/thumb/v8-m.main+fp/hard\libc_nano.a(libc_a-msizer.o)
                0x0800b940                _malloc_usable_size_r
 *(.glue_7)
 .glue_7        0x0800b950        0x0 linker stubs
 *(.glue_7t)
 .glue_7t       0x0800b950        0x0 linker stubs
 *(.eh_frame)
 .eh_frame      0x0800b950        0x0 C:/ST/STM32CubeIDE_1.18.0/STM32CubeIDE/plugins/com.st.stm32cube.ide.mcu.externaltools.gnu-tools-for-stm32.13.3.rel1.win32_1.0.0.202411081344/tools/bin/../lib/gcc/arm-none-eabi/13.3.1/thumb/v8-m.main+fp/hard/crtbegin.o
 *(.init)
 .init          0x0800b950        0x4 C:/ST/STM32CubeIDE_1.18.0/STM32CubeIDE/plugins/com.st.stm32cube.ide.mcu.externaltools.gnu-tools-for-stm32.13.3.rel1.win32_1.0.0.202411081344/tools/bin/../lib/gcc/arm-none-eabi/13.3.1/thumb/v8-m.main+fp/hard/crti.o
                0x0800b950                _init
 .init          0x0800b954        0x8 C:/ST/STM32CubeIDE_1.18.0/STM32CubeIDE/plugins/com.st.stm32cube.ide.mcu.externaltools.gnu-tools-for-stm32.13.3.rel1.win32_1.0.0.202411081344/tools/bin/../lib/gcc/arm-none-eabi/13.3.1/thumb/v8-m.main+fp/hard/crtn.o
 *(.fini)
 .fini          0x0800b95c        0x4 C:/ST/STM32CubeIDE_1.18.0/STM32CubeIDE/plugins/com.st.stm32cube.ide.mcu.externaltools.gnu-tools-for-stm32.13.3.rel1.win32_1.0.0.202411081344/tools/bin/../lib/gcc/arm-none-eabi/13.3.1/thumb/v8-m.main+fp/hard/crti.o
                0x0800b95c                _fini
 .fini          0x0800b960        0x8 C:/ST/STM32CubeIDE_1.18.0/STM32CubeIDE/plugins/com.st.stm32cube.ide.mcu.externaltools.gnu-tools-for-stm32.13.3.rel1.win32_1.0.0.202411081344/tools/bin/../lib/gcc/arm-none-eabi/13.3.1/thumb/v8-m.main+fp/hard/crtn.o
                0x0800b968                        . = ALIGN (0x4)
                0x0800b968                        _etext = .

.vfp11_veneer   0x0800b968        0x0
 .vfp11_veneer  0x0800b968        0x0 linker stubs

.v4_bx          0x0800b968        0x0
 .v4_bx         0x0800b968        0x0 linker stubs

.iplt           0x0800b968        0x0
 .iplt          0x0800b968        0x0 C:/ST/STM32CubeIDE_1.18.0/STM32CubeIDE/plugins/com.st.stm32cube.ide.mcu.externaltools.gnu-tools-for-stm32.13.3.rel1.win32_1.0.0.202411081344/tools/bin/../lib/gcc/arm-none-eabi/13.3.1/thumb/v8-m.main+fp/hard/crtbegin.o

.rodata         0x0800b968      0x928
                0x0800b968                        . = ALIGN (0x4)
 *(.rodata)
 .rodata        0x0800b968        0xc C:/ST/STM32CubeIDE_1.18.0/STM32CubeIDE/plugins/com.st.stm32cube.ide.mcu.externaltools.gnu-tools-for-stm32.13.3.rel1.win32_1.0.0.202411081344/tools/bin/../lib/gcc/arm-none-eabi/13.3.1/../../../../arm-none-eabi/lib/thumb/v8-m.main+fp/hard\libc_nano.a(libc_a-nano-vfscanf_i.o)
 *(.rodata*)
 .rodata.main.str1.1
                0x0800b974      0x1ea ./Core/Src/main.o
                                 0x1b (size before relaxing)
 *fill*         0x0800bb5e        0x2 
 .rodata.registry_count
                0x0800bb60        0x4 ./Core/Src/registry_map.o
                0x0800bb60                registry_count
 .rodata.registry_table
                0x0800bb64      0x400 ./Core/Src/registry_map.o
                0x0800bb64                registry_table
 .rodata.SerialTerminal_ReplyOk.str1.1
                0x0800bf64        0x8 ./Core/Src/serial_terminal.o
 .rodata.SerialTerminal_ReplyOkNoMsg.str1.1
                0x0800bf64        0x4 ./Core/Src/serial_terminal.o
 .rodata.SerialTerminal_ReplyError.str1.1
                0x0800bf64        0x9 ./Core/Src/serial_terminal.o
 .rodata.SerialTerminal_HandleCommand.str1.1
                0x0800bf64       0xf6 ./Core/Src/serial_terminal.o
 .rodata.APBPrescTable
                0x0800bf64        0x8 ./Core/Src/system_stm32h5xx.o
                0x0800bf64                APBPrescTable
 .rodata.AHBPrescTable
                0x0800bf6c       0x10 ./Core/Src/system_stm32h5xx.o
                0x0800bf6c                AHBPrescTable
 .rodata.tud_descriptor_string_cb.str1.1
                0x0800bf7c       0x11 ./Core/Src/usb_descriptors.o
 .rodata.str1.1
                0x0800bf7c       0x8e ./Core/Src/usb_descriptors.o
 .rodata.string_desc_arr
                0x0800bf7c       0x1c ./Core/Src/usb_descriptors.o
 .rodata.__compound_literal.0
                0x0800bf98        0x2 ./Core/Src/usb_descriptors.o
 .rodata.desc_url
                0x0800bf9a       0x1b ./Core/Src/usb_descriptors.o
                0x0800bf9a                desc_url
 .rodata.desc_ms_os_20
                0x0800bfb5       0xb2 ./Core/Src/usb_descriptors.o
                0x0800bfb5                desc_ms_os_20
 .rodata.desc_bos
                0x0800c067       0x39 ./Core/Src/usb_descriptors.o
                0x0800c067                desc_bos
 .rodata.desc_fs_configuration
                0x0800c0a0       0x62 ./Core/Src/usb_descriptors.o
                0x0800c0a0                desc_fs_configuration
 .rodata.desc_device
                0x0800c102       0x12 ./Core/Src/usb_descriptors.o
                0x0800c102                desc_device
 .rodata.DLCtoBytes
                0x0800c114       0x10 ./Drivers/STM32H5xx_HAL_Driver/Src/stm32h5xx_hal_fdcan.o
 .rodata.UARTPrescTable
                0x0800c124       0x18 ./Drivers/STM32H5xx_HAL_Driver/Src/stm32h5xx_hal_uart.o
                0x0800c124                UARTPrescTable
 .rodata.denominator.0
                0x0800c13c        0x8 ./Drivers/STM32H5xx_HAL_Driver/Src/stm32h5xx_hal_uart_ex.o
 .rodata.numerator.1
                0x0800c144        0x8 ./Drivers/STM32H5xx_HAL_Driver/Src/stm32h5xx_hal_uart_ex.o
 .rodata._usbd_driver
                0x0800c14c       0x40 ./tinyusb/src/device/usbd.o
 .rodata._svfprintf_r.str1.1
                0x0800c18c       0x11 C:/ST/STM32CubeIDE_1.18.0/STM32CubeIDE/plugins/com.st.stm32cube.ide.mcu.externaltools.gnu-tools-for-stm32.13.3.rel1.win32_1.0.0.202411081344/tools/bin/../lib/gcc/arm-none-eabi/13.3.1/../../../../arm-none-eabi/lib/thumb/v8-m.main+fp/hard\libc_nano.a(libc_a-nano-svfprintf.o)
 .rodata.__ssvfscanf_r.str1.1
                0x0800c18c        0x4 C:/ST/STM32CubeIDE_1.18.0/STM32CubeIDE/plugins/com.st.stm32cube.ide.mcu.externaltools.gnu-tools-for-stm32.13.3.rel1.win32_1.0.0.202411081344/tools/bin/../lib/gcc/arm-none-eabi/13.3.1/../../../../arm-none-eabi/lib/thumb/v8-m.main+fp/hard\libc_nano.a(libc_a-nano-svfscanf.o)
 .rodata._printf_i.str1.1
                0x0800c18c       0x22 C:/ST/STM32CubeIDE_1.18.0/STM32CubeIDE/plugins/com.st.stm32cube.ide.mcu.externaltools.gnu-tools-for-stm32.13.3.rel1.win32_1.0.0.202411081344/tools/bin/../lib/gcc/arm-none-eabi/13.3.1/../../../../arm-none-eabi/lib/thumb/v8-m.main+fp/hard\libc_nano.a(libc_a-nano-vfprintf_i.o)
 .rodata._scanf_i.str1.1
                0x0800c18c       0x12 C:/ST/STM32CubeIDE_1.18.0/STM32CubeIDE/plugins/com.st.stm32cube.ide.mcu.externaltools.gnu-tools-for-stm32.13.3.rel1.win32_1.0.0.202411081344/tools/bin/../lib/gcc/arm-none-eabi/13.3.1/../../../../arm-none-eabi/lib/thumb/v8-m.main+fp/hard\libc_nano.a(libc_a-nano-vfscanf_i.o)
 .rodata.str1.1
                0x0800c18c        0x9 C:/ST/STM32CubeIDE_1.18.0/STM32CubeIDE/plugins/com.st.stm32cube.ide.mcu.externaltools.gnu-tools-for-stm32.13.3.rel1.win32_1.0.0.202411081344/tools/bin/../lib/gcc/arm-none-eabi/13.3.1/../../../../arm-none-eabi/lib/thumb/v8-m.main+fp/hard\libc_nano.a(libc_a-nano-vfscanf_i.o)
 .rodata._ctype_
                0x0800c18c      0x101 C:/ST/STM32CubeIDE_1.18.0/STM32CubeIDE/plugins/com.st.stm32cube.ide.mcu.externaltools.gnu-tools-for-stm32.13.3.rel1.win32_1.0.0.202411081344/tools/bin/../lib/gcc/arm-none-eabi/13.3.1/../../../../arm-none-eabi/lib/thumb/v8-m.main+fp/hard\libc_nano.a(libc_a-ctype_.o)
                0x0800c18c                _ctype_
                0x0800c290                        . = ALIGN (0x4)
 *fill*         0x0800c28d        0x3 

.ARM.extab      0x0800c290        0x0
                0x0800c290                        . = ALIGN (0x4)
 *(.ARM.extab* .gnu.linkonce.armextab.*)
                0x0800c290                        . = ALIGN (0x4)

.ARM            0x0800c290        0x8
                0x0800c290                        . = ALIGN (0x4)
                0x0800c290                        __exidx_start = .
 *(.ARM.exidx*)
 .ARM.exidx     0x0800c290        0x8 C:/ST/STM32CubeIDE_1.18.0/STM32CubeIDE/plugins/com.st.stm32cube.ide.mcu.externaltools.gnu-tools-for-stm32.13.3.rel1.win32_1.0.0.202411081344/tools/bin/../lib/gcc/arm-none-eabi/13.3.1/../../../../arm-none-eabi/lib/thumb/v8-m.main+fp/hard\libc_nano.a(libc_a-strcmp.o)
 .ARM.exidx     0x0800c298        0x0 C:/ST/STM32CubeIDE_1.18.0/STM32CubeIDE/plugins/com.st.stm32cube.ide.mcu.externaltools.gnu-tools-for-stm32.13.3.rel1.win32_1.0.0.202411081344/tools/bin/../lib/gcc/arm-none-eabi/13.3.1/../../../../arm-none-eabi/lib/thumb/v8-m.main+fp/hard\libc_nano.a(libc_a-strlen.o)
                                  0x8 (size before relaxing)
 .ARM.exidx     0x0800c298        0x0 C:/ST/STM32CubeIDE_1.18.0/STM32CubeIDE/plugins/com.st.stm32cube.ide.mcu.externaltools.gnu-tools-for-stm32.13.3.rel1.win32_1.0.0.202411081344/tools/bin/../lib/gcc/arm-none-eabi/13.3.1/thumb/v8-m.main+fp/hard\libgcc.a(_udivmoddi4.o)
                                  0x8 (size before relaxing)
                0x0800c298                        __exidx_end = .
                0x0800c298                        . = ALIGN (0x4)

.preinit_array  0x0800c298        0x0
                0x0800c298                        . = ALIGN (0x4)
                0x0800c298                        PROVIDE (__preinit_array_start = .)
 *(.preinit_array*)
                0x0800c298                        PROVIDE (__preinit_array_end = .)
                0x0800c298                        . = ALIGN (0x4)

.init_array     0x0800c298        0x4
                0x0800c298                        . = ALIGN (0x4)
                0x0800c298                        PROVIDE (__init_array_start = .)
 *(SORT_BY_NAME(.init_array.*))
 *(.init_array*)
 .init_array    0x0800c298        0x4 C:/ST/STM32CubeIDE_1.18.0/STM32CubeIDE/plugins/com.st.stm32cube.ide.mcu.externaltools.gnu-tools-for-stm32.13.3.rel1.win32_1.0.0.202411081344/tools/bin/../lib/gcc/arm-none-eabi/13.3.1/thumb/v8-m.main+fp/hard/crtbegin.o
                0x0800c29c                        PROVIDE (__init_array_end = .)
                0x0800c29c                        . = ALIGN (0x4)

.fini_array     0x0800c29c        0x4
                0x0800c29c                        . = ALIGN (0x4)
                [!provide]                        PROVIDE (__fini_array_start = .)
 *(SORT_BY_NAME(.fini_array.*))
 *(.fini_array*)
 .fini_array    0x0800c29c        0x4 C:/ST/STM32CubeIDE_1.18.0/STM32CubeIDE/plugins/com.st.stm32cube.ide.mcu.externaltools.gnu-tools-for-stm32.13.3.rel1.win32_1.0.0.202411081344/tools/bin/../lib/gcc/arm-none-eabi/13.3.1/thumb/v8-m.main+fp/hard/crtbegin.o
                [!provide]                        PROVIDE (__fini_array_end = .)
                0x0800c2a0                        . = ALIGN (0x4)
                0x0800c2a0                        _sidata = LOADADDR (.data)

.rel.dyn        0x0800c2a0        0x0
 .rel.iplt      0x0800c2a0        0x0 C:/ST/STM32CubeIDE_1.18.0/STM32CubeIDE/plugins/com.st.stm32cube.ide.mcu.externaltools.gnu-tools-for-stm32.13.3.rel1.win32_1.0.0.202411081344/tools/bin/../lib/gcc/arm-none-eabi/13.3.1/thumb/v8-m.main+fp/hard/crtbegin.o

.data           0x20000000       0x74 load address 0x0800c2a0
                0x20000000                        . = ALIGN (0x4)
                0x20000000                        _sdata = .
 *(.data)
 *(.data*)
 .data.IND_G    0x20000000        0x1 ./Core/Src/main.o
                0x20000000                IND_G
 .data.IND_R    0x20000001        0x1 ./Core/Src/main.o
                0x20000001                IND_R
 .data.iter_tile_addr
                0x20000002        0x1 ./Core/Src/reporter.o
                0x20000002                iter_tile_addr
 *fill*         0x20000003        0x1 
 .data.SystemCoreClock
                0x20000004        0x4 ./Core/Src/system_stm32h5xx.o
                0x20000004                SystemCoreClock
 .data.iter_setpoint_tile_id
                0x20000008        0x1 ./Core/Src/tile_data.o
                0x20000008                iter_setpoint_tile_id
 .data.uwTickFreq
                0x20000009        0x1 ./Drivers/STM32H5xx_HAL_Driver/Src/stm32h5xx_hal.o
                0x20000009                uwTickFreq
 *fill*         0x2000000a        0x2 
 .data.uwTickPrio
                0x2000000c        0x4 ./Drivers/STM32H5xx_HAL_Driver/Src/stm32h5xx_hal.o
                0x2000000c                uwTickPrio
 .data._usbd_qdef
                0x20000010       0x10 ./tinyusb/src/device/usbd.o
                0x20000010                _usbd_qdef
 .data._usbd_rhport
                0x20000020        0x1 ./tinyusb/src/device/usbd.o
 *fill*         0x20000021        0x3 
 .data._impure_ptr
                0x20000024        0x4 C:/ST/STM32CubeIDE_1.18.0/STM32CubeIDE/plugins/com.st.stm32cube.ide.mcu.externaltools.gnu-tools-for-stm32.13.3.rel1.win32_1.0.0.202411081344/tools/bin/../lib/gcc/arm-none-eabi/13.3.1/../../../../arm-none-eabi/lib/thumb/v8-m.main+fp/hard\libc_nano.a(libc_a-impure.o)
                0x20000024                _impure_ptr
 .data._impure_data
                0x20000028       0x4c C:/ST/STM32CubeIDE_1.18.0/STM32CubeIDE/plugins/com.st.stm32cube.ide.mcu.externaltools.gnu-tools-for-stm32.13.3.rel1.win32_1.0.0.202411081344/tools/bin/../lib/gcc/arm-none-eabi/13.3.1/../../../../arm-none-eabi/lib/thumb/v8-m.main+fp/hard\libc_nano.a(libc_a-impure.o)
                0x20000028                _impure_data
 *(.RamFunc)
 *(.RamFunc*)
                0x20000074                        . = ALIGN (0x4)
                0x20000074                        _edata = .

.igot.plt       0x20000074        0x0 load address 0x0800c314
 .igot.plt      0x20000074        0x0 C:/ST/STM32CubeIDE_1.18.0/STM32CubeIDE/plugins/com.st.stm32cube.ide.mcu.externaltools.gnu-tools-for-stm32.13.3.rel1.win32_1.0.0.202411081344/tools/bin/../lib/gcc/arm-none-eabi/13.3.1/thumb/v8-m.main+fp/hard/crtbegin.o
                0x20000074                        . = ALIGN (0x4)

.bss            0x20000074     0x2474 load address 0x0800c314
                0x20000074                        _sbss = .
                0x20000074                        __bss_start__ = _sbss
 *(.bss)
 .bss           0x20000074       0x1c C:/ST/STM32CubeIDE_1.18.0/STM32CubeIDE/plugins/com.st.stm32cube.ide.mcu.externaltools.gnu-tools-for-stm32.13.3.rel1.win32_1.0.0.202411081344/tools/bin/../lib/gcc/arm-none-eabi/13.3.1/thumb/v8-m.main+fp/hard/crtbegin.o
 *(.bss*)
 .bss.v_sense_12_in
                0x20000090        0x4 ./Core/Src/adc.o
                0x20000090                v_sense_12_in
 .bss.v_sense_hv_in
                0x20000094        0x4 ./Core/Src/adc.o
                0x20000094                v_sense_hv_in
 .bss.i_sense_5
                0x20000098        0x4 ./Core/Src/adc.o
                0x20000098                i_sense_5
 .bss.i_sense_12
                0x2000009c        0x4 ./Core/Src/adc.o
                0x2000009c                i_sense_12
 .bss.i_sense_hv
                0x200000a0        0x4 ./Core/Src/adc.o
                0x200000a0                i_sense_hv
 .bss.v_sense_5
                0x200000a4        0x4 ./Core/Src/adc.o
                0x200000a4                v_sense_5
 .bss.v_sense_12
                0x200000a8        0x4 ./Core/Src/adc.o
                0x200000a8                v_sense_12
 .bss.v_sense_hv
                0x200000ac        0x4 ./Core/Src/adc.o
                0x200000ac                v_sense_hv
 .bss.V_SENSE_12_IN
                0x200000b0        0x2 ./Core/Src/adc.o
                0x200000b0                V_SENSE_12_IN
 .bss.V_SENSE_HV_IN
                0x200000b2        0x2 ./Core/Src/adc.o
                0x200000b2                V_SENSE_HV_IN
 .bss.I_SENSE_5
                0x200000b4        0x2 ./Core/Src/adc.o
                0x200000b4                I_SENSE_5
 .bss.V_SENSE_5
                0x200000b6        0x2 ./Core/Src/adc.o
                0x200000b6                V_SENSE_5
 .bss.I_SENSE_12
                0x200000b8        0x2 ./Core/Src/adc.o