../tinyusb/src/portable/st/stm32_fsdev/dcd_stm32_fsdev.c:517:16:dcd_ep_alloc	20	static,ignoring_inline_asm
../tinyusb/src/portable/st/stm32_fsdev/dcd_stm32_fsdev.c:493:17:dcd_pma_alloc	8	static,ignoring_inline_asm
../tinyusb/src/portable/st/stm32_fsdev/dcd_stm32_fsdev.c:822:13:dcd_write_packet_memory.part.0	20	static
../tinyusb/src/portable/st/stm32_fsdev/dcd_stm32_fsdev.c:851:13:dcd_read_packet_memory.part.0	20	static
../tinyusb/src/portable/st/stm32_fsdev/dcd_stm32_fsdev.c:260:13:handle_bus_reset.isra	16	static
../tinyusb/src/portable/st/stm32_fsdev/fsdev_stm32.h:323:6:dcd_int_disable.constprop	0	static,ignoring_inline_asm
../tinyusb/src/portable/st/stm32_fsdev/fsdev_stm32.h:300:6:dcd_int_enable	0	static,ignoring_inline_asm
../tinyusb/src/portable/st/stm32_fsdev/dcd_stm32_fsdev.c:698:13:dcd_transmit_packet	80	static
../tinyusb/src/portable/st/stm32_fsdev/dcd_stm32_fsdev.c:729:13:edpt_xfer.isra	16	static
../tinyusb/src/portable/st/stm32_fsdev/fsdev_stm32.h:323:6:dcd_int_disable	0	static,ignoring_inline_asm
../tinyusb/src/portable/st/stm32_fsdev/fsdev_stm32.h:348:6:dcd_disconnect	0	static
../tinyusb/src/portable/st/stm32_fsdev/fsdev_stm32.h:353:6:dcd_connect	0	static
../tinyusb/src/portable/st/stm32_fsdev/dcd_stm32_fsdev.c:188:6:dcd_init	24	static,ignoring_inline_asm
../tinyusb/src/portable/st/stm32_fsdev/dcd_stm32_fsdev.c:232:6:dcd_sof_enable	0	static
../tinyusb/src/portable/st/stm32_fsdev/dcd_stm32_fsdev.c:253:6:dcd_remote_wakeup	0	static
../tinyusb/src/portable/st/stm32_fsdev/dcd_stm32_fsdev.c:372:6:dcd_int_handler	96	static,ignoring_inline_asm
../tinyusb/src/portable/st/stm32_fsdev/dcd_stm32_fsdev.c:475:6:dcd_edpt0_status_complete	0	static
../tinyusb/src/portable/st/stm32_fsdev/dcd_stm32_fsdev.c:580:6:dcd_edpt_open	32	static,ignoring_inline_asm
../tinyusb/src/portable/st/stm32_fsdev/dcd_stm32_fsdev.c:629:6:dcd_edpt_close_all	16	static
../tinyusb/src/portable/st/stm32_fsdev/dcd_stm32_fsdev.c:648:6:dcd_edpt_iso_alloc	24	static
../tinyusb/src/portable/st/stm32_fsdev/dcd_stm32_fsdev.c:674:6:dcd_edpt_iso_activate	16	static
../tinyusb/src/portable/st/stm32_fsdev/dcd_stm32_fsdev.c:757:6:dcd_edpt_xfer	12	static
../tinyusb/src/portable/st/stm32_fsdev/dcd_stm32_fsdev.c:243:6:dcd_set_address	0	static
../tinyusb/src/portable/st/stm32_fsdev/dcd_stm32_fsdev.c:770:6:dcd_edpt_xfer_fifo	16	static
../tinyusb/src/portable/st/stm32_fsdev/dcd_stm32_fsdev.c:783:6:dcd_edpt_stall	8	static
../tinyusb/src/portable/st/stm32_fsdev/dcd_stm32_fsdev.c:797:6:dcd_edpt_clear_stall	8	static
